Component: Arm Compiler for Embedded 6.18 Tool: armlink [5e4cc100]

==============================================================================

Section Cross References

    main.o(.text.main) refers to bsp.o(.text.bsp_Init) for bsp_Init
    main.o(.text.main) refers to main.o(.rodata.str1.1) for .L.str.9
    main.o(.text.main) refers to printf8.o(i.__0printf$8) for __2printf
    main.o(.text.main) refers to system_stm32h7xx.o(.data.SystemCoreClock) for SystemCoreClock
    main.o(.text.main) refers to puts.o(i.puts) for puts
    main.o(.text.main) refers to bsp_timer.o(.text.bsp_StartAutoTimer) for bsp_StartAutoTimer
    main.o(.text.main) refers to main.o(.bss.g_SendData) for g_SendData
    main.o(.text.main) refers to main.o(.rodata..Lswitch.table.main) for .Lswitch.table.main
    main.o(.text.main) refers to bsp.o(.text.bsp_Idle) for bsp_Idle
    main.o(.text.main) refers to bsp_timer.o(.text.bsp_CheckTimer) for bsp_CheckTimer
    main.o(.text.main) refers to bsp_led.o(.text.bsp_LedToggle) for bsp_LedToggle
    main.o(.text.main) refers to bsp_uart_fifo.o(.text.comGetChar) for comGetChar
    main.o(.text.main) refers to bsp_timer.o(.text.bsp_DelayMS) for bsp_DelayMS
    main.o(.text.main) refers to bsp_uart_fifo.o(.text.comSendChar) for comSendChar
    main.o(.text.main) refers to rand.o(.text) for rand
    main.o(.text.main) refers to bsp_uart_fifo.o(.text.comSendBuf) for comSendBuf
    main.o(.text.main) refers to bsp_key.o(.text.bsp_GetKey) for bsp_GetKey
    main.o(.ARM.exidx.text.main) refers to main.o(.text.main) for [Anonymous Symbol]
    main.o(.rodata..Lswitch.table.main) refers to main.o(.rodata.str1.1) for [Anonymous Symbol]
    bsp.o(.text.bsp_Init) refers to stm32h7xx_hal_cortex.o(.text.HAL_MPU_Disable) for HAL_MPU_Disable
    bsp.o(.text.bsp_Init) refers to stm32h7xx_hal_cortex.o(.text.HAL_MPU_ConfigRegion) for HAL_MPU_ConfigRegion
    bsp.o(.text.bsp_Init) refers to stm32h7xx_hal_cortex.o(.text.HAL_MPU_Enable) for HAL_MPU_Enable
    bsp.o(.text.bsp_Init) refers to stm32h7xx_hal.o(.text.HAL_Init) for HAL_Init
    bsp.o(.text.bsp_Init) refers to stm32h7xx_hal_rcc.o(.text.HAL_RCC_OscConfig) for HAL_RCC_OscConfig
    bsp.o(.text.bsp_Init) refers to stm32h7xx_hal_rcc.o(.text.HAL_RCC_ClockConfig) for HAL_RCC_ClockConfig
    bsp.o(.text.bsp_Init) refers to stm32h7xx_hal.o(.text.HAL_EnableCompensationCell) for HAL_EnableCompensationCell
    bsp.o(.text.bsp_Init) refers to bsp_key.o(.text.bsp_InitKey) for bsp_InitKey
    bsp.o(.text.bsp_Init) refers to bsp_timer.o(.text.bsp_InitTimer) for bsp_InitTimer
    bsp.o(.text.bsp_Init) refers to bsp_uart_fifo.o(.text.bsp_InitUart) for bsp_InitUart
    bsp.o(.text.bsp_Init) refers to bsp_fmc_io.o(.text.bsp_InitExtIO) for bsp_InitExtIO
    bsp.o(.text.bsp_Init) refers to bsp_led.o(.text.bsp_InitLed) for bsp_InitLed
    bsp.o(.ARM.exidx.text.bsp_Init) refers to bsp.o(.text.bsp_Init) for [Anonymous Symbol]
    bsp.o(.ARM.exidx.text.Error_Handler) refers to bsp.o(.text.Error_Handler) for [Anonymous Symbol]
    bsp.o(.text.bsp_RunPer10ms) refers to bsp_key.o(.text.bsp_KeyScan10ms) for bsp_KeyScan10ms
    bsp.o(.ARM.exidx.text.bsp_RunPer10ms) refers to bsp.o(.text.bsp_RunPer10ms) for [Anonymous Symbol]
    bsp.o(.ARM.exidx.text.bsp_RunPer1ms) refers to bsp.o(.text.bsp_RunPer1ms) for [Anonymous Symbol]
    bsp.o(.ARM.exidx.text.bsp_Idle) refers to bsp.o(.text.bsp_Idle) for [Anonymous Symbol]
    bsp_led.o(.text.bsp_InitLed) refers to bsp_fmc_io.o(.text.HC574_SetPin) for HC574_SetPin
    bsp_led.o(.ARM.exidx.text.bsp_InitLed) refers to bsp_led.o(.text.bsp_InitLed) for [Anonymous Symbol]
    bsp_led.o(.text.bsp_LedOff) refers to bsp_led.o(.rodata.cst16) for .Lswitch.table.bsp_IsLedOn
    bsp_led.o(.text.bsp_LedOff) refers to bsp_fmc_io.o(.text.HC574_SetPin) for HC574_SetPin
    bsp_led.o(.ARM.exidx.text.bsp_LedOff) refers to bsp_led.o(.text.bsp_LedOff) for [Anonymous Symbol]
    bsp_led.o(.text.bsp_LedOn) refers to bsp_led.o(.rodata.cst16) for .Lswitch.table.bsp_IsLedOn
    bsp_led.o(.text.bsp_LedOn) refers to bsp_fmc_io.o(.text.HC574_SetPin) for HC574_SetPin
    bsp_led.o(.ARM.exidx.text.bsp_LedOn) refers to bsp_led.o(.text.bsp_LedOn) for [Anonymous Symbol]
    bsp_led.o(.text.bsp_LedToggle) refers to bsp_led.o(.rodata.cst16) for .Lswitch.table.bsp_IsLedOn
    bsp_led.o(.text.bsp_LedToggle) refers to bsp_fmc_io.o(.text.HC574_GetPin) for HC574_GetPin
    bsp_led.o(.text.bsp_LedToggle) refers to bsp_fmc_io.o(.text.HC574_SetPin) for HC574_SetPin
    bsp_led.o(.ARM.exidx.text.bsp_LedToggle) refers to bsp_led.o(.text.bsp_LedToggle) for [Anonymous Symbol]
    bsp_led.o(.text.bsp_IsLedOn) refers to bsp_led.o(.rodata.cst16) for .Lswitch.table.bsp_IsLedOn
    bsp_led.o(.text.bsp_IsLedOn) refers to bsp_fmc_io.o(.text.HC574_GetPin) for HC574_GetPin
    bsp_led.o(.ARM.exidx.text.bsp_IsLedOn) refers to bsp_led.o(.text.bsp_IsLedOn) for [Anonymous Symbol]
    bsp_key.o(.text.bsp_InitKey) refers to bsp_key.o(.bss.s_tKey) for s_tKey
[...]
    Removing transformfunctions.o(.text.arm_dct4_init_q31), (142 bytes).
    Removing transformfunctions.o(.ARM.exidx.text.arm_dct4_init_q31), (8 bytes).
    Removing transformfunctions.o(.text.arm_rfft_init_q31), (212 bytes).
    Removing transformfunctions.o(.ARM.exidx.text.arm_rfft_init_q31), (8 bytes).
    Removing transformfunctions.o(.text.arm_dct4_q15), (398 bytes).
    Removing transformfunctions.o(.ARM.exidx.text.arm_dct4_q15), (8 bytes).
    Removing transformfunctions.o(.text.arm_rfft_q15), (116 bytes).
    Removing transformfunctions.o(.ARM.exidx.text.arm_rfft_q15), (8 bytes).
    Removing transformfunctions.o(.text.arm_dct4_q31), (404 bytes).
    Removing transformfunctions.o(.ARM.exidx.text.arm_dct4_q31), (8 bytes).
    Removing transformfunctions.o(.text.arm_rfft_q31), (120 bytes).
    Removing transformfunctions.o(.ARM.exidx.text.arm_rfft_q31), (8 bytes).
    Removing transformfunctions.o(.text.arm_split_rifft_f32), (116 bytes).
    Removing transformfunctions.o(.ARM.exidx.text.arm_split_rifft_f32), (8 bytes).
    Removing transformfunctions.o(.text.arm_split_rfft_f32), (224 bytes).
    Removing transformfunctions.o(.ARM.exidx.text.arm_split_rfft_f32), (8 bytes).
    Removing transformfunctions.o(.text.stage_rfft_f32), (172 bytes).
    Removing transformfunctions.o(.ARM.exidx.text.stage_rfft_f32), (8 bytes).
    Removing transformfunctions.o(.text.merge_rfft_f32), (160 bytes).
    Removing transformfunctions.o(.ARM.exidx.text.merge_rfft_f32), (8 bytes).
    Removing transformfunctions.o(.text.arm_rfft_fast_f32), (78 bytes).
    Removing transformfunctions.o(.ARM.exidx.text.arm_rfft_fast_f32), (8 bytes).
    Removing transformfunctions.o(.text.arm_rfft_32_fast_init_f32), (54 bytes).
    Removing transformfunctions.o(.ARM.exidx.text.arm_rfft_32_fast_init_f32), (8 bytes).
    Removing transformfunctions.o(.text.arm_rfft_64_fast_init_f32), (54 bytes).
    Removing transformfunctions.o(.ARM.exidx.text.arm_rfft_64_fast_init_f32), (8 bytes).
    Removing transformfunctions.o(.text.arm_rfft_128_fast_init_f32), (54 bytes).
    Removing transformfunctions.o(.ARM.exidx.text.arm_rfft_128_fast_init_f32), (8 bytes).
    Removing transformfunctions.o(.text.arm_rfft_256_fast_init_f32), (56 bytes).
    Removing transformfunctions.o(.ARM.exidx.text.arm_rfft_256_fast_init_f32), (8 bytes).
    Removing transformfunctions.o(.text.arm_rfft_512_fast_init_f32), (60 bytes).
    Removing transformfunctions.o(.ARM.exidx.text.arm_rfft_512_fast_init_f32), (8 bytes).
    Removing transformfunctions.o(.text.arm_rfft_1024_fast_init_f32), (60 bytes).
    Removing transformfunctions.o(.ARM.exidx.text.arm_rfft_1024_fast_init_f32), (8 bytes).
    Removing transformfunctions.o(.text.arm_rfft_2048_fast_init_f32), (60 bytes).
    Removing transformfunctions.o(.ARM.exidx.text.arm_rfft_2048_fast_init_f32), (8 bytes).
    Removing transformfunctions.o(.text.arm_rfft_4096_fast_init_f32), (60 bytes).
    Removing transformfunctions.o(.ARM.exidx.text.arm_rfft_4096_fast_init_f32), (8 bytes).
    Removing transformfunctions.o(.text.arm_rfft_fast_init_f32), (126 bytes).
    Removing transformfunctions.o(.ARM.exidx.text.arm_rfft_fast_init_f32), (8 bytes).
    Removing transformfunctions.o(.text.arm_split_rifft_q15), (74 bytes).
    Removing transformfunctions.o(.ARM.exidx.text.arm_split_rifft_q15), (8 bytes).
    Removing transformfunctions.o(.text.arm_split_rfft_q15), (176 bytes).
    Removing transformfunctions.o(.ARM.exidx.text.arm_split_rfft_q15), (8 bytes).
    Removing transformfunctions.o(.text.arm_split_rifft_q31), (142 bytes).
    Removing transformfunctions.o(.ARM.exidx.text.arm_split_rifft_q31), (8 bytes).
    Removing transformfunctions.o(.text.arm_split_rfft_q31), (270 bytes).
    Removing transformfunctions.o(.ARM.exidx.text.arm_split_rfft_q31), (8 bytes).
    Removing controllerfunctions.o(.text), (0 bytes).
    Removing controllerfunctions.o(.text.arm_pid_init_f32), (52 bytes).
    Removing controllerfunctions.o(.ARM.exidx.text.arm_pid_init_f32), (8 bytes).
    Removing controllerfunctions.o(.text.arm_pid_init_q15), (56 bytes).
    Removing controllerfunctions.o(.ARM.exidx.text.arm_pid_init_q15), (8 bytes).
    Removing controllerfunctions.o(.text.arm_pid_init_q31), (40 bytes).
    Removing controllerfunctions.o(.ARM.exidx.text.arm_pid_init_q31), (8 bytes).
    Removing controllerfunctions.o(.text.arm_pid_reset_f32), (10 bytes).
    Removing controllerfunctions.o(.ARM.exidx.text.arm_pid_reset_f32), (8 bytes).
    Removing controllerfunctions.o(.text.arm_pid_reset_q15), (8 bytes).
    Removing controllerfunctions.o(.ARM.exidx.text.arm_pid_reset_q15), (8 bytes).
    Removing controllerfunctions.o(.text.arm_pid_reset_q31), (10 bytes).
    Removing controllerfunctions.o(.ARM.exidx.text.arm_pid_reset_q31), (8 bytes).
    Removing controllerfunctions.o(.text.arm_sin_cos_f32), (268 bytes).
    Removing controllerfunctions.o(.ARM.exidx.text.arm_sin_cos_f32), (8 bytes).
    Removing controllerfunctions.o(.text.arm_sin_cos_q31), (572 bytes).
    Removing controllerfunctions.o(.ARM.exidx.text.arm_sin_cos_q31), (8 bytes).
    Removing complexmathfunctions.o(.text), (0 bytes).
    Removing complexmathfunctions.o(.text.arm_cmplx_conj_f32), (134 bytes).
    Removing complexmathfunctions.o(.ARM.exidx.text.arm_cmplx_conj_f32), (8 bytes).
    Removing complexmathfunctions.o(.text.arm_cmplx_conj_q15), (110 bytes).
    Removing complexmathfunctions.o(.ARM.exidx.text.arm_cmplx_conj_q15), (8 bytes).
    Removing complexmathfunctions.o(.text.arm_cmplx_conj_q31), (118 bytes).
    Removing complexmathfunctions.o(.ARM.exidx.text.arm_cmplx_conj_q31), (8 bytes).
    Removing complexmathfunctions.o(.text.arm_cmplx_dot_prod_f32), (256 bytes).
    Removing complexmathfunctions.o(.ARM.exidx.text.arm_cmplx_dot_prod_f32), (8 bytes).
    Removing complexmathfunctions.o(.text.arm_cmplx_dot_prod_q15), (324 bytes).
    Removing complexmathfunctions.o(.ARM.exidx.text.arm_cmplx_dot_prod_q15), (8 bytes).
    Removing complexmathfunctions.o(.text.arm_cmplx_dot_prod_q31), (618 bytes).
    Removing complexmathfunctions.o(.ARM.exidx.text.arm_cmplx_dot_prod_q31), (8 bytes).
    Removing complexmathfunctions.o(.text.arm_cmplx_mag_f32), (278 bytes).
    Removing complexmathfunctions.o(.ARM.exidx.text.arm_cmplx_mag_f32), (8 bytes).
    Removing complexmathfunctions.o(.text.arm_cmplx_mag_q15), (124 bytes).
    Removing complexmathfunctions.o(.ARM.exidx.text.arm_cmplx_mag_q15), (8 bytes).
    Removing complexmathfunctions.o(.text.arm_cmplx_mag_q31), (186 bytes).
    Removing complexmathfunctions.o(.ARM.exidx.text.arm_cmplx_mag_q31), (8 bytes).
    Removing complexmathfunctions.o(.text.arm_cmplx_mag_squared_f32), (154 bytes).
    Removing complexmathfunctions.o(.ARM.exidx.text.arm_cmplx_mag_squared_f32), (8 bytes).
    Removing complexmathfunctions.o(.text.arm_cmplx_mag_squared_q15), (106 bytes).
    Removing complexmathfunctions.o(.ARM.exidx.text.arm_cmplx_mag_squared_q15), (8 bytes).
    Removing complexmathfunctions.o(.text.arm_cmplx_mag_squared_q31), (158 bytes).
    Removing complexmathfunctions.o(.ARM.exidx.text.arm_cmplx_mag_squared_q31), (8 bytes).
    Removing complexmathfunctions.o(.text.arm_cmplx_mult_cmplx_f32), (266 bytes).
    Removing complexmathfunctions.o(.ARM.exidx.text.arm_cmplx_mult_cmplx_f32), (8 bytes).
    Removing complexmathfunctions.o(.text.arm_cmplx_mult_cmplx_q15), (316 bytes).
    Removing complexmathfunctions.o(.ARM.exidx.text.arm_cmplx_mult_cmplx_q15), (8 bytes).
    Removing complexmathfunctions.o(.text.arm_cmplx_mult_cmplx_q31), (296 bytes).
    Removing complexmathfunctions.o(.ARM.exidx.text.arm_cmplx_mult_cmplx_q31), (8 bytes).
    Removing complexmathfunctions.o(.text.arm_cmplx_mult_real_f32), (202 bytes).
    Removing complexmathfunctions.o(.ARM.exidx.text.arm_cmplx_mult_real_f32), (8 bytes).
    Removing complexmathfunctions.o(.text.arm_cmplx_mult_real_q15), (178 bytes).
    Removing complexmathfunctions.o(.ARM.exidx.text.arm_cmplx_mult_real_q15), (8 bytes).
    Removing complexmathfunctions.o(.text.arm_cmplx_mult_real_q31), (234 bytes).
    Removing complexmathfunctions.o(.ARM.exidx.text.arm_cmplx_mult_real_q31), (8 bytes).
    Removing dadd.o(.text), (334 bytes).
    Removing dmul.o(.text), (228 bytes).
    Removing ddiv.o(.text), (222 bytes).
    Removing dfixul.o(.text), (48 bytes).
    Removing cdrcmple.o(.text), (48 bytes).
    Removing depilogue.o(.text), (186 bytes).

1722 unused section(s) (total 845557 bytes) removed from the image.

==============================================================================

Image Symbol Table

    Local Symbols

    Symbol Name                              Value     Ov Type        Size  Object(Section)

    ../clib/division.s                       0x00000000   Number         0  aeabi_sdiv.o ABSOLUTE
    ../clib/microlib/division.c              0x00000000   Number         0  uldiv.o ABSOLUTE
    ../clib/microlib/division.c              0x00000000   Number         0  ldiv.o ABSOLUTE
    ../clib/microlib/division.c              0x00000000   Number         0  uidiv.o ABSOLUTE
    ../clib/microlib/errno.c                 0x00000000   Number         0  errno.o ABSOLUTE
    ../clib/microlib/init/entry.s            0x00000000   Number         0  entry.o ABSOLUTE
    ../clib/microlib/init/entry.s            0x00000000   Number         0  entry2.o ABSOLUTE
    ../clib/microlib/init/entry.s            0x00000000   Number         0  entry5.o ABSOLUTE
    ../clib/microlib/init/entry.s            0x00000000   Number         0  entry7a.o ABSOLUTE
    ../clib/microlib/init/entry.s            0x00000000   Number         0  entry7b.o ABSOLUTE
    ../clib/microlib/init/entry.s            0x00000000   Number         0  entry8a.o ABSOLUTE
    ../clib/microlib/init/entry.s            0x00000000   Number         0  entry8b.o ABSOLUTE
    ../clib/microlib/init/entry.s            0x00000000   Number         0  entry9a.o ABSOLUTE
    ../clib/microlib/init/entry.s            0x00000000   Number         0  entry9b.o ABSOLUTE
    ../clib/microlib/init/entry.s            0x00000000   Number         0  entry10a.o ABSOLUTE
    ../clib/microlib/init/entry.s            0x00000000   Number         0  entry10b.o ABSOLUTE
    ../clib/microlib/init/entry.s            0x00000000   Number         0  entry11a.o ABSOLUTE
    ../clib/microlib/init/entry.s            0x00000000   Number         0  entry11b.o ABSOLUTE
    ../clib/microlib/longlong.c              0x00000000   Number         0  llshl.o ABSOLUTE
    ../clib/microlib/longlong.c              0x00000000   Number         0  llushr.o ABSOLUTE
    ../clib/microlib/longlong.c              0x00000000   Number         0  llsshr.o ABSOLUTE
    ../clib/microlib/printf/printf.c         0x00000000   Number         0  printfb.o ABSOLUTE
    ../clib/microlib/printf/printf.c         0x00000000   Number         0  printf0.o ABSOLUTE
    ../clib/microlib/printf/printf.c         0x00000000   Number         0  printf1.o ABSOLUTE
    ../clib/microlib/printf/printf.c         0x00000000   Number         0  printf2.o ABSOLUTE
    ../clib/microlib/printf/printf.c         0x00000000   Number         0  printf3.o ABSOLUTE
    ../clib/microlib/printf/printf.c         0x00000000   Number         0  printf4.o ABSOLUTE
    ../clib/microlib/printf/printf.c         0x00000000   Number         0  printf5.o ABSOLUTE
    ../clib/microlib/printf/printf.c         0x00000000   Number         0  printf6.o ABSOLUTE
    ../clib/microlib/printf/printf.c         0x00000000   Number         0  printf7.o ABSOLUTE
    ../clib/microlib/printf/printf.c         0x00000000   Number         0  printf8.o ABSOLUTE
    ../clib/microlib/printf/printf.c         0x00000000   Number         0  printfa.o ABSOLUTE
    ../clib/microlib/printf/stubs.s          0x00000000   Number         0  printfstubs.o ABSOLUTE
    ../clib/microlib/stdio/puts.c            0x00000000   Number         0  puts.o ABSOLUTE
    ../clib/microlib/stdio/puts.c            0x00000000   Number         0  puts_e.o ABSOLUTE
    ../clib/microlib/stdio/streams.c         0x00000000   Number         0  stdout.o ABSOLUTE
    ../clib/microlib/stdlib/rand.c           0x00000000   Number         0  rand.o ABSOLUTE
    ../clib/microlib/string/memset.c         0x00000000   Number         0  memseta.o ABSOLUTE
    ../clib/microlib/string/strlen.c         0x00000000   Number         0  strlen.o ABSOLUTE
    ../clib/microlib/stubs.s                 0x00000000   Number         0  iusefp.o ABSOLUTE
    ../fplib/microlib/fpadd.c                0x00000000   Number         0  dadd.o ABSOLUTE
    ../fplib/microlib/fpdiv.c                0x00000000   Number         0  ddiv.o ABSOLUTE
    ../fplib/microlib/fpepilogue.c           0x00000000   Number         0  depilogue.o ABSOLUTE
    ../fplib/microlib/fpfix.c                0x00000000   Number         0  dfixul.o ABSOLUTE
    ../fplib/microlib/fpmul.c                0x00000000   Number         0  dmul.o ABSOLUTE
    ../mathlib/sqrtf.c                       0x00000000   Number         0  sqrtf.o ABSOLUTE
    ..\..\Libraries\CMSIS\Device\ST\STM32H7xx\Source\Templates\arm\startup_stm32h743xx.s 0x00000000   Number         0  startup_stm32h743xx.o ABSOLUTE
    ..\..\User\segger\HardFaultHandlerMDK\HardFaultHandler.S 0x00000000   Number         0  hardfaulthandler.o ABSOLUTE
    BasicMathFunctions.c                     0x00000000   Number         0  basicmathfunctions.o ABSOLUTE
    CommonTables.c                           0x00000000   Number         0  commontables.o ABSOLUTE
    ComplexMathFunctions.c                   0x00000000   Number         0  complexmathfunctions.o ABSOLUTE
    ControllerFunctions.c                    0x00000000   Number         0  controllerfunctions.o ABSOLUTE
    FastMathFunctions.c                      0x00000000   Number         0  fastmathfunctions.o ABSOLUTE
    FilteringFunctions.c                     0x00000000   Number         0  filteringfunctions.o ABSOLUTE
    MatrixFunctions.c                        0x00000000   Number         0  matrixfunctions.o ABSOLUTE
    SEGGER_HardFaultHandler.c                0x00000000   Number         0  segger_hardfaulthandler.o ABSOLUTE
    StatisticsFunctions.c                    0x00000000   Number         0  statisticsfunctions.o ABSOLUTE
    SupportFunctions.c                       0x00000000   Number         0  supportfunctions.o ABSOLUTE
    TransformFunctions.c                     0x00000000   Number         0  transformfunctions.o ABSOLUTE
    bsp.c                                    0x00000000   Number         0  bsp.o ABSOLUTE
    bsp_beep.c                               0x00000000   Number         0  bsp_beep.o ABSOLUTE
    bsp_fmc_io.c                             0x00000000   Number         0  bsp_fmc_io.o ABSOLUTE
    bsp_key.c                                0x00000000   Number         0  bsp_key.o ABSOLUTE
    bsp_led.c                                0x00000000   Number         0  bsp_led.o ABSOLUTE
    bsp_tim_pwm.c                            0x00000000   Number         0  bsp_tim_pwm.o ABSOLUTE
    bsp_timer.c                              0x00000000   Number         0  bsp_timer.o ABSOLUTE
    bsp_uart_fifo.c                          0x00000000   Number         0  bsp_uart_fifo.o ABSOLUTE
    bsp_user_lib.c                           0x00000000   Number         0  bsp_user_lib.o ABSOLUTE
    cdrcmple.s                               0x00000000   Number         0  cdrcmple.o ABSOLUTE
    dc.s                                     0x00000000   Number         0  dc.o ABSOLUTE
    handlers.s                               0x00000000   Number         0  handlers.o ABSOLUTE
    init.s                                   0x00000000   Number         0  init.o ABSOLUTE
    main.c                                   0x00000000   Number         0  main.o ABSOLUTE
    stm32h7xx_hal.c                          0x00000000   Number         0  stm32h7xx_hal.o ABSOLUTE
    stm32h7xx_hal_cortex.c                   0x00000000   Number         0  stm32h7xx_hal_cortex.o ABSOLUTE
    stm32h7xx_hal_dma.c                      0x00000000   Number         0  stm32h7xx_hal_dma.o ABSOLUTE
    stm32h7xx_hal_dma_ex.c                   0x00000000   Number         0  stm32h7xx_hal_dma_ex.o ABSOLUTE
    stm32h7xx_hal_gpio.c                     0x00000000   Number         0  stm32h7xx_hal_gpio.o ABSOLUTE
    stm32h7xx_hal_mdma.c                     0x00000000   Number         0  stm32h7xx_hal_mdma.o ABSOLUTE
    stm32h7xx_hal_rcc.c                      0x00000000   Number         0  stm32h7xx_hal_rcc.o ABSOLUTE
    stm32h7xx_hal_rcc_ex.c                   0x00000000   Number         0  stm32h7xx_hal_rcc_ex.o ABSOLUTE
    stm32h7xx_hal_sram.c                     0x00000000   Number         0  stm32h7xx_hal_sram.o ABSOLUTE
    stm32h7xx_hal_tim.c                      0x00000000   Number         0  stm32h7xx_hal_tim.o ABSOLUTE
    stm32h7xx_hal_tim_ex.c                   0x00000000   Number         0  stm32h7xx_hal_tim_ex.o ABSOLUTE
    stm32h7xx_hal_uart.c                     0x00000000   Number         0  stm32h7xx_hal_uart.o ABSOLUTE
    stm32h7xx_hal_uart_ex.c                  0x00000000   Number         0  stm32h7xx_hal_uart_ex.o ABSOLUTE
    stm32h7xx_it.c                           0x00000000   Number         0  stm32h7xx_it.o ABSOLUTE
    stm32h7xx_ll_fmc.c                       0x00000000   Number         0  stm32h7xx_ll_fmc.o ABSOLUTE
    system_stm32h7xx.c                       0x00000000   Number         0  system_stm32h7xx.o ABSOLUTE
    RESET                                    0x08000000   Section      664  startup_stm32h743xx.o(RESET)
    .ARM.Collect$$$$00000000                 0x08000298   Section        0  entry.o(.ARM.Collect$$$$00000000)
    .ARM.Collect$$$$00000001                 0x08000298   Section        4  entry2.o(.ARM.Collect$$$$00000001)
    .ARM.Collect$$$$00000004                 0x0800029c   Section        4  entry5.o(.ARM.Collect$$$$00000004)
    .ARM.Collect$$$$00000008                 0x080002a0   Section        0  entry7b.o(.ARM.Collect$$$$00000008)
    .ARM.Collect$$$$0000000A                 0x080002a0   Section        0  entry8b.o(.ARM.Collect$$$$0000000A)
    .ARM.Collect$$$$0000000B                 0x080002a0   Section        8  entry9a.o(.ARM.Collect$$$$0000000B)
    __lit__00000000                          0x080002a8   Data           4  entry2.o(.ARM.Collect$$$$00002712)
    .ARM.Collect$$$$0000000D                 0x080002a8   Section        0  entry10a.o(.ARM.Collect$$$$0000000D)
    .ARM.Collect$$$$0000000F                 0x080002a8   Section        0  entry11a.o(.ARM.Collect$$$$0000000F)
    .ARM.Collect$$$$00002712                 0x080002a8   Section        4  entry2.o(.ARM.Collect$$$$00002712)
    $v0                                      0x080002ac   Number         0  startup_stm32h743xx.o(.text)
    .text                                    0x080002ac   Section       36  startup_stm32h743xx.o(.text)
    .text                                    0x080002d0   Section        0  uldiv.o(.text)
    .text                                    0x08000334   Section        0  rand.o(.text)
    .text                                    0x08000358   Section        0  memseta.o(.text)
    .text                                    0x0800037c   Section        0  llshl.o(.text)
    .text                                    0x0800039a   Section        0  llushr.o(.text)
    .text                                    0x080003bc   Section       36  init.o(.text)
    [Anonymous Symbol]                       0x080003e0   Section        0  stm32h7xx_it.o(.text.BusFault_Handler)
    [Anonymous Symbol]                       0x080003e4   Section        0  bsp_uart_fifo.o(.text.ComToUart)
    [Anonymous Symbol]                       0x08000428   Section        0  stm32h7xx_it.o(.text.DebugMon_Handler)
    [Anonymous Symbol]                       0x0800042c   Section        0  bsp.o(.text.Error_Handler)
    [Anonymous Symbol]                       0x08000434   Section        0  stm32h7xx_ll_fmc.o(.text.FMC_NORSRAM_Extended_Timing_Init)
    [Anonymous Symbol]                       0x08000476   Section        0  stm32h7xx_ll_fmc.o(.text.FMC_NORSRAM_Init)
    [Anonymous Symbol]                       0x08000510   Section        0  stm32h7xx_ll_fmc.o(.text.FMC_NORSRAM_Timing_Init)
    [Anonymous Symbol]                       0x0800056c   Section        0  stm32h7xx_hal.o(.text.HAL_EnableCompensationCell)
    [Anonymous Symbol]                       0x08000580   Section        0  stm32h7xx_hal_gpio.o(.text.HAL_GPIO_Init)
    [Anonymous Symbol]                       0x0800070e   Section        0  stm32h7xx_hal.o(.text.HAL_GetTick)
    [Anonymous Symbol]                       0x0800071a   Section        0  stm32h7xx_hal.o(.text.HAL_IncTick)
    [Anonymous Symbol]                       0x08000734   Section        0  stm32h7xx_hal.o(.text.HAL_Init)
    [Anonymous Symbol]                       0x08000750   Section        0  stm32h7xx_hal.o(.text.HAL_InitTick)
    [Anonymous Symbol]                       0x080007a0   Section        0  stm32h7xx_hal_cortex.o(.text.HAL_MPU_ConfigRegion)
    [Anonymous Symbol]                       0x080007fa   Section        0  stm32h7xx_hal_cortex.o(.text.HAL_MPU_Disable)
    [Anonymous Symbol]                       0x08000814   Section        0  stm32h7xx_hal_cortex.o(.text.HAL_MPU_Enable)
    [Anonymous Symbol]                       0x08000834   Section        0  stm32h7xx_hal.o(.text.HAL_MspInit)
    [Anonymous Symbol]                       0x08000836   Section        0  stm32h7xx_hal_cortex.o(.text.HAL_NVIC_EnableIRQ)
    [Anonymous Symbol]                       0x08000854   Section        0  stm32h7xx_hal_cortex.o(.text.HAL_NVIC_SetPriority)
    [Anonymous Symbol]                       0x080008b0   Section        0  stm32h7xx_hal_cortex.o(.text.HAL_NVIC_SetPriorityGrouping)
    [Anonymous Symbol]                       0x080008d0   Section        0  stm32h7xx_hal_rcc_ex.o(.text.HAL_RCCEx_GetD1SysClockFreq)
    [Anonymous Symbol]                       0x080008fc   Section        0  stm32h7xx_hal_rcc_ex.o(.text.HAL_RCCEx_GetD3PCLK1Freq)
    [Anonymous Symbol]                       0x08000920   Section        0  stm32h7xx_hal_rcc_ex.o(.text.HAL_RCCEx_GetPLL2ClockFreq)
    [Anonymous Symbol]                       0x08000a08   Section        0  stm32h7xx_hal_rcc_ex.o(.text.HAL_RCCEx_GetPLL3ClockFreq)
    [Anonymous Symbol]                       0x08000af0   Section        0  stm32h7xx_hal_rcc_ex.o(.text.HAL_RCCEx_PeriphCLKConfig)
    [Anonymous Symbol]                       0x0800133c   Section        0  stm32h7xx_hal_rcc.o(.text.HAL_RCC_ClockConfig)
    [Anonymous Symbol]                       0x080014f6   Section        0  stm32h7xx_hal_rcc.o(.text.HAL_RCC_GetHCLKFreq)
    [Anonymous Symbol]                       0x08001522   Section        0  stm32h7xx_hal_rcc.o(.text.HAL_RCC_GetPCLK1Freq)
    [Anonymous Symbol]                       0x0800155a   Section        0  stm32h7xx_hal_rcc.o(.text.HAL_RCC_GetPCLK2Freq)
    [Anonymous Symbol]                       0x08001594   Section        0  stm32h7xx_hal_rcc.o(.text.HAL_RCC_GetSysClockFreq)
    [Anonymous Symbol]                       0x08001678   Section        0  stm32h7xx_hal_rcc.o(.text.HAL_RCC_OscConfig)
    [Anonymous Symbol]                       0x08001ae6   Section        0  stm32h7xx_hal_sram.o(.text.HAL_SRAM_Init)
    [Anonymous Symbol]                       0x08001b4a   Section        0  stm32h7xx_hal_sram.o(.text.HAL_SRAM_MspInit)
    [Anonymous Symbol]                       0x08001b4c   Section        0  stm32h7xx_hal_cortex.o(.text.HAL_SYSTICK_Config)
    [Anonymous Symbol]                       0x08001b78   Section        0  stm32h7xx_hal_tim.o(.text.HAL_TIM_Base_Init)
    [Anonymous Symbol]                       0x08001bac   Section        0  stm32h7xx_hal_tim.o(.text.HAL_TIM_Base_MspInit)
    [Anonymous Symbol]                       0x08001bae   Section        0  stm32h7xx_hal_tim.o(.text.HAL_TIM_Base_Start)
    [Anonymous Symbol]                       0x08001bca   Section        0  stm32h7xx_hal_uart.o(.text.HAL_UART_Init)
    [Anonymous Symbol]                       0x08001c2e   Section        0  stm32h7xx_hal_uart.o(.text.HAL_UART_MspInit)
    [Anonymous Symbol]                       0x08001c30   Section        0  bsp_fmc_io.o(.text.HC574_GetPin)
    [Anonymous Symbol]                       0x08001c42   Section        0  bsp_fmc_io.o(.text.HC574_SetPin)
    [Anonymous Symbol]                       0x08001c6c   Section        0  segger_hardfaulthandler.o(.text.HardFaultHandler)
    IsKeyDownFunc                            0x08001d61   Thumb Code   156  bsp_key.o(.text.IsKeyDownFunc)
    [Anonymous Symbol]                       0x08001d60   Section        0  bsp_key.o(.text.IsKeyDownFunc)
    [Anonymous Symbol]                       0x08001dfc   Section        0  stm32h7xx_it.o(.text.MemManage_Handler)
    [Anonymous Symbol]                       0x08001dfe   Section        0  stm32h7xx_it.o(.text.NMI_Handler)
    [Anonymous Symbol]                       0x08001e00   Section        0  stm32h7xx_it.o(.text.PendSV_Handler)
    RCCEx_PLL2_Config                        0x08001e05   Thumb Code   230  stm32h7xx_hal_rcc_ex.o(.text.RCCEx_PLL2_Config)
    [Anonymous Symbol]                       0x08001e04   Section        0  stm32h7xx_hal_rcc_ex.o(.text.RCCEx_PLL2_Config)
    RCCEx_PLL3_Config                        0x08001eed   Thumb Code   230  stm32h7xx_hal_rcc_ex.o(.text.RCCEx_PLL3_Config)
    [Anonymous Symbol]                       0x08001eec   Section        0  stm32h7xx_hal_rcc_ex.o(.text.RCCEx_PLL3_Config)
    [Anonymous Symbol]                       0x08001fd2   Section        0  bsp_uart_fifo.o(.text.RS485_InitTXE)
    [Anonymous Symbol]                       0x08002012   Section        0  stm32h7xx_it.o(.text.SVC_Handler)
    [Anonymous Symbol]                       0x08002014   Section        0  bsp_timer.o(.text.SysTick_Handler)
    [Anonymous Symbol]                       0x08002030   Section        0  bsp_timer.o(.text.SysTick_ISR)
    [Anonymous Symbol]                       0x080020c4   Section        0  system_stm32h7xx.o(.text.SystemInit)
    [Anonymous Symbol]                       0x08002130   Section        0  bsp_timer.o(.text.TIM2_IRQHandler)
    [Anonymous Symbol]                       0x080021d8   Section        0  stm32h7xx_hal_tim.o(.text.TIM_Base_SetConfig)
    [Anonymous Symbol]                       0x0800230a   Section        0  stm32h7xx_hal_uart.o(.text.UART_AdvFeatureConfig)
    [Anonymous Symbol]                       0x080023d0   Section        0  stm32h7xx_hal_uart.o(.text.UART_CheckIdleState)
    [Anonymous Symbol]                       0x08002434   Section        0  stm32h7xx_hal_uart.o(.text.UART_SetConfig)
    [Anonymous Symbol]                       0x08002940   Section        0  stm32h7xx_hal_uart.o(.text.UART_WaitOnFlagUntilTimeout)
    [Anonymous Symbol]                       0x080029be   Section        0  bsp_uart_fifo.o(.text.USART1_IRQHandler)
    [Anonymous Symbol]                       0x08002af0   Section        0  stm32h7xx_it.o(.text.UsageFault_Handler)
    [Anonymous Symbol]                       0x08002af2   Section        0  bsp_timer.o(.text.bsp_CheckTimer)
    [Anonymous Symbol]                       0x08002b20   Section        0  bsp_timer.o(.text.bsp_DelayMS)
    [Anonymous Symbol]                       0x08002b58   Section        0  bsp_key.o(.text.bsp_GetKey)
    [Anonymous Symbol]                       0x08002b7c   Section        0  bsp.o(.text.bsp_Idle)
    [Anonymous Symbol]                       0x08002b80   Section        0  bsp.o(.text.bsp_Init)
    [Anonymous Symbol]                       0x08002d44   Section        0  bsp_fmc_io.o(.text.bsp_InitExtIO)
    [Anonymous Symbol]                       0x08002ecc   Section        0  bsp_timer.o(.text.bsp_InitHardTimer)
    [Anonymous Symbol]                       0x08002f60   Section        0  bsp_key.o(.text.bsp_InitKey)
    [Anonymous Symbol]                       0x08003044   Section        0  bsp_led.o(.text.bsp_InitLed)
    [Anonymous Symbol]                       0x08003074   Section        0  bsp_timer.o(.text.bsp_InitTimer)
    [Anonymous Symbol]                       0x080030e2   Section        0  bsp_uart_fifo.o(.text.bsp_InitUart)
    [Anonymous Symbol]                       0x080031e8   Section        0  bsp_key.o(.text.bsp_KeyScan10ms)
    [Anonymous Symbol]                       0x08003308   Section        0  bsp_led.o(.text.bsp_LedToggle)
    [Anonymous Symbol]                       0x08003338   Section        0  bsp.o(.text.bsp_RunPer10ms)
    [Anonymous Symbol]                       0x0800333c   Section        0  bsp.o(.text.bsp_RunPer1ms)
    [Anonymous Symbol]                       0x0800333e   Section        0  bsp_uart_fifo.o(.text.bsp_SetUartParam)
    [Anonymous Symbol]                       0x0800337c   Section        0  bsp_timer.o(.text.bsp_StartAutoTimer)
    [Anonymous Symbol]                       0x080033d8   Section        0  bsp_uart_fifo.o(.text.comGetChar)
    [Anonymous Symbol]                       0x08003428   Section        0  bsp_uart_fifo.o(.text.comSendBuf)
    [Anonymous Symbol]                       0x080034d0   Section        0  bsp_uart_fifo.o(.text.comSendChar)
    [Anonymous Symbol]                       0x080034e6   Section        0  bsp_uart_fifo.o(.text.fputc)
    [Anonymous Symbol]                       0x08003504   Section        0  main.o(.text.main)
    $v0                                      0x08003758   Number         0  hardfaulthandler.o(OSKERNEL)
    OSKERNEL                                 0x08003758   Section       18  hardfaulthandler.o(OSKERNEL)
    i.__0printf$8                            0x0800376c   Section        0  printf8.o(i.__0printf$8)
    i.__scatterload_copy                     0x0800378c   Section       14  handlers.o(i.__scatterload_copy)
    i.__scatterload_null                     0x0800379a   Section        2  handlers.o(i.__scatterload_null)
    i.__scatterload_zeroinit                 0x0800379c   Section       14  handlers.o(i.__scatterload_zeroinit)
    _printf_core                             0x080037ad   Thumb Code   996  printf8.o(i._printf_core)
    i._printf_core                           0x080037ac   Section        0  printf8.o(i._printf_core)
    _printf_post_padding                     0x08003bbd   Thumb Code    36  printf8.o(i._printf_post_padding)
    i._printf_post_padding                   0x08003bbc   Section        0  printf8.o(i._printf_post_padding)
    _printf_pre_padding                      0x08003be1   Thumb Code    46  printf8.o(i._printf_pre_padding)
    i._printf_pre_padding                    0x08003be0   Section        0  printf8.o(i._printf_pre_padding)
    i.puts                                   0x08003c10   Section        0  puts.o(i.puts)
    .Lswitch.table.UART_SetConfig.5          0x08003c34   Data           6  stm32h7xx_hal_uart.o(.rodata..Lswitch.table.UART_SetConfig.5)
    .Lswitch.table.UART_SetConfig.7          0x08003c3a   Data           6  stm32h7xx_hal_uart.o(.rodata..Lswitch.table.UART_SetConfig.7)
    .Lswitch.table.main                      0x08003c40   Data          32  main.o(.rodata..Lswitch.table.main)
    UARTPrescTable                           0x08003c70   Data          24  stm32h7xx_hal_uart.o(.rodata.UARTPrescTable)
    [Anonymous Symbol]                       0x08003c70   Section        0  stm32h7xx_hal_uart.o(.rodata.UARTPrescTable)
    .Lswitch.table.bsp_IsLedOn               0x08003c88   Data          16  bsp_led.o(.rodata.cst16)
    s_gpio_list                              0x08003c98   Data          64  bsp_key.o(.rodata.s_gpio_list)
    [Anonymous Symbol]                       0x08003c98   Section        0  bsp_key.o(.rodata.s_gpio_list)
    .L.str.17                                0x08003cd8   Data          24  main.o(.rodata.str1.1)
    [Anonymous Symbol]                       0x08003cd8   Section        0  main.o(.rodata.str1.1)
    .L.str.10                                0x08003cf0   Data          47  main.o(.rodata.str1.1)
    .L.str.9                                 0x08003d1f   Data          64  main.o(.rodata.str1.1)
    .L.str.11                                0x08003d5f   Data          23  main.o(.rodata.str1.1)
    .L.str.15                                0x08003d76   Data          24  main.o(.rodata.str1.1)
    .L.str.13                                0x08003d8e   Data          24  main.o(.rodata.str1.1)
    .Lstr.33                                 0x08003da6   Data          23  main.o(.rodata.str1.1)
    .Lstr.36                                 0x08003dbd   Data          32  main.o(.rodata.str1.1)
    .Lstr.31                                 0x08003ddd   Data          49  main.o(.rodata.str1.1)
    .Lstr.40                                 0x08003e0e   Data          71  main.o(.rodata.str1.1)
    .Lstr.37                                 0x08003e55   Data          32  main.o(.rodata.str1.1)
    .Lstr.34                                 0x08003e75   Data          20  main.o(.rodata.str1.1)
    .Lstr.42                                 0x08003e89   Data          68  main.o(.rodata.str1.1)
    .L.str.18                                0x08003f0e   Data          11  main.o(.rodata.str1.1)
    .L.str.14                                0x08003f19   Data          31  main.o(.rodata.str1.1)
    .L.str                                   0x08003f38   Data          32  bsp_timer.o(.rodata.str1.1)
    [Anonymous Symbol]                       0x08003f38   Section        0  bsp_timer.o(.rodata.str1.1)
    .L.str.1                                 0x08003f58   Data          31  bsp_timer.o(.rodata.str1.1)
    .L.str                                   0x08003f77   Data          35  bsp_uart_fifo.o(.rodata.str1.1)
    [Anonymous Symbol]                       0x08003f77   Section        0  bsp_uart_fifo.o(.rodata.str1.1)
    _rand_state                              0x20000000   Data           4  rand.o(.data)
    .data                                    0x20000000   Section        4  rand.o(.data)
    .data                                    0x20000004   Section        4  stdout.o(.data)
    uwTickFreq                               0x20000010   Data           1  stm32h7xx_hal.o(.data.uwTickFreq)
    [Anonymous Symbol]                       0x20000010   Section        0  stm32h7xx_hal.o(.data.uwTickFreq)
    uwTickPrio                               0x20000014   Data           4  stm32h7xx_hal.o(.data.uwTickPrio)
    [Anonymous Symbol]                       0x20000014   Section        0  stm32h7xx_hal.o(.data.uwTickPrio)
    HardFaultRegs                            0x20000018   Data          64  segger_hardfaulthandler.o(.bss.HardFaultRegs)
    [Anonymous Symbol]                       0x20000018   Section        0  segger_hardfaulthandler.o(.bss.HardFaultRegs)
    SysTick_ISR.s_count                      0x20000058   Data           1  bsp_timer.o(.bss.SysTick_ISR.s_count)
    [Anonymous Symbol]                       0x20000058   Section        0  bsp_timer.o(.bss.SysTick_ISR.s_count)
    _Continue                                0x2000005c   Data           4  segger_hardfaulthandler.o(.bss._Continue)
    [Anonymous Symbol]                       0x2000005c   Section        0  segger_hardfaulthandler.o(.bss._Continue)
    g_RxBuf1                                 0x20000064   Data        1024  bsp_uart_fifo.o(.bss.g_RxBuf1)
    [Anonymous Symbol]                       0x20000064   Section        0  bsp_uart_fifo.o(.bss.g_RxBuf1)
    g_TxBuf1                                 0x2000046e   Data        1024  bsp_uart_fifo.o(.bss.g_TxBuf1)
    [Anonymous Symbol]                       0x2000046e   Section        0  bsp_uart_fifo.o(.bss.g_TxBuf1)
    g_tUart1                                 0x20000874   Data          44  bsp_uart_fifo.o(.bss.g_tUart1)
    [Anonymous Symbol]                       0x20000874   Section        0  bsp_uart_fifo.o(.bss.g_tUart1)
    g_ucEnableSystickISR                     0x200008a0   Data           1  bsp_timer.o(.bss.g_ucEnableSystickISR)
    [Anonymous Symbol]                       0x200008a0   Section        0  bsp_timer.o(.bss.g_ucEnableSystickISR)
    s_TIM_CallBack1                          0x200008a4   Data           4  bsp_timer.o(.bss.s_TIM_CallBack1)
    [Anonymous Symbol]                       0x200008a4   Section        0  bsp_timer.o(.bss.s_TIM_CallBack1)
    s_TIM_CallBack2                          0x200008a8   Data           4  bsp_timer.o(.bss.s_TIM_CallBack2)
    [Anonymous Symbol]                       0x200008a8   Section        0  bsp_timer.o(.bss.s_TIM_CallBack2)
    s_TIM_CallBack3                          0x200008ac   Data           4  bsp_timer.o(.bss.s_TIM_CallBack3)
    [Anonymous Symbol]                       0x200008ac   Section        0  bsp_timer.o(.bss.s_TIM_CallBack3)
    s_TIM_CallBack4                          0x200008b0   Data           4  bsp_timer.o(.bss.s_TIM_CallBack4)
    [Anonymous Symbol]                       0x200008b0   Section        0  bsp_timer.o(.bss.s_TIM_CallBack4)
    s_tBtn                                   0x200008b4   Data         160  bsp_key.o(.bss.s_tBtn)
    [Anonymous Symbol]                       0x200008b4   Section        0  bsp_key.o(.bss.s_tBtn)
    s_tKey                                   0x20000954   Data          13  bsp_key.o(.bss.s_tKey)
    [Anonymous Symbol]                       0x20000954   Section        0  bsp_key.o(.bss.s_tKey)
    s_tTmr                                   0x20000964   Data          48  bsp_timer.o(.bss.s_tTmr)
    [Anonymous Symbol]                       0x20000964   Section        0  bsp_timer.o(.bss.s_tTmr)
    s_ucTimeOutFlag                          0x20000994   Data           1  bsp_timer.o(.bss.s_ucTimeOutFlag)
    [Anonymous Symbol]                       0x20000994   Section        0  bsp_timer.o(.bss.s_ucTimeOutFlag)
    s_uiDelayCount                           0x20000998   Data           4  bsp_timer.o(.bss.s_uiDelayCount)
    [Anonymous Symbol]                       0x20000998   Section        0  bsp_timer.o(.bss.s_uiDelayCount)
    uwTick                                   0x2000099c   Data           4  stm32h7xx_hal.o(.bss.uwTick)
    [Anonymous Symbol]                       0x2000099c   Section        0  stm32h7xx_hal.o(.bss.uwTick)
    STACK                                    0x200009a0   Section     4096  startup_stm32h743xx.o(STACK)

    Global Symbols

    Symbol Name                              Value     Ov Type        Size  Object(Section)

    BuildAttributes$$THM_ISAv4$E$P$D$K$B$S$7EM$VFPv5_D16$PE$PLD8$A:L22UL41UL21$X:L11$S22US41US21$IEEE1$IW$~IW$USESV6$~STKCKD$USESV7$~SHL$OTIME$ROPI$IEEEJ$EBA8$MICROLIB$REQ8$PRES8$EABIv2 0x00000000   Number         0  anon$$obj.o ABSOLUTE
    _printf_a                                0x00000000   Number         0  printfstubs.o ABSOLUTE
    _printf_c                                0x00000000   Number         0  printfstubs.o ABSOLUTE
    _printf_charcount                        0x00000000   Number         0  printfstubs.o ABSOLUTE
    _printf_d                                0x00000000   Number         0  printfstubs.o ABSOLUTE
    _printf_e                                0x00000000   Number         0  printfstubs.o ABSOLUTE
    _printf_f                                0x00000000   Number         0  printfstubs.o ABSOLUTE
    _printf_flags                            0x00000000   Number         0  printfstubs.o ABSOLUTE
    _printf_fp_dec                           0x00000000   Number         0  printfstubs.o ABSOLUTE
    _printf_fp_hex                           0x00000000   Number         0  printfstubs.o ABSOLUTE
    _printf_g                                0x00000000   Number         0  printfstubs.o ABSOLUTE
    _printf_i                                0x00000000   Number         0  printfstubs.o ABSOLUTE
    _printf_int_dec                          0x00000000   Number         0  printfstubs.o ABSOLUTE
    _printf_l                                0x00000000   Number         0  printfstubs.o ABSOLUTE
    _printf_lc                               0x00000000   Number         0  printfstubs.o ABSOLUTE
    _printf_ll                               0x00000000   Number         0  printfstubs.o ABSOLUTE
    _printf_lld                              0x00000000   Number         0  printfstubs.o ABSOLUTE
    _printf_lli                              0x00000000   Number         0  printfstubs.o ABSOLUTE
    _printf_llo                              0x00000000   Number         0  printfstubs.o ABSOLUTE
    _printf_llu                              0x00000000   Number         0  printfstubs.o ABSOLUTE
    _printf_llx                              0x00000000   Number         0  printfstubs.o ABSOLUTE
    _printf_longlong_dec                     0x00000000   Number         0  printfstubs.o ABSOLUTE
    _printf_longlong_hex                     0x00000000   Number         0  printfstubs.o ABSOLUTE
    _printf_longlong_oct                     0x00000000   Number         0  printfstubs.o ABSOLUTE
    _printf_ls                               0x00000000   Number         0  printfstubs.o ABSOLUTE
    _printf_mbtowc                           0x00000000   Number         0  printfstubs.o ABSOLUTE
    _printf_n                                0x00000000   Number         0  printfstubs.o ABSOLUTE
    _printf_o                                0x00000000   Number         0  printfstubs.o ABSOLUTE
    _printf_p                                0x00000000   Number         0  printfstubs.o ABSOLUTE
    _printf_percent                          0x00000000   Number         0  printfstubs.o ABSOLUTE
    _printf_pre_padding                      0x00000000   Number         0  printfstubs.o ABSOLUTE
    _printf_return_value                     0x00000000   Number         0  printfstubs.o ABSOLUTE
    _printf_s                                0x00000000   Number         0  printfstubs.o ABSOLUTE
    _printf_sizespec                         0x00000000   Number         0  printfstubs.o ABSOLUTE
    _printf_str                              0x00000000   Number         0  printfstubs.o ABSOLUTE
    _printf_truncate_signed                  0x00000000   Number         0  printfstubs.o ABSOLUTE
    _printf_truncate_unsigned                0x00000000   Number         0  printfstubs.o ABSOLUTE
    _printf_u                                0x00000000   Number         0  printfstubs.o ABSOLUTE
    _printf_wc                               0x00000000   Number         0  printfstubs.o ABSOLUTE
    _printf_wctomb                           0x00000000   Number         0  printfstubs.o ABSOLUTE
    _printf_widthprec                        0x00000000   Number         0  printfstubs.o ABSOLUTE
    _printf_x                                0x00000000   Number         0  printfstubs.o ABSOLUTE
    __cpp_initialize__aeabi_                  - Undefined Weak Reference
    __cxa_finalize                            - Undefined Weak Reference
    __decompress                              - Undefined Weak Reference
    _clock_init                               - Undefined Weak Reference
    _microlib_exit                            - Undefined Weak Reference
    __Vectors_Size                           0x00000298   Number         0  startup_stm32h743xx.o ABSOLUTE
    __Vectors                                0x08000000   Data           4  startup_stm32h743xx.o(RESET)
    __Vectors_End                            0x08000298   Data           0  startup_stm32h743xx.o(RESET)
    __main                                   0x08000299   Thumb Code     0  entry.o(.ARM.Collect$$$$00000000)
    _main_stk                                0x08000299   Thumb Code     0  entry2.o(.ARM.Collect$$$$00000001)
    _main_scatterload                        0x0800029d   Thumb Code     0  entry5.o(.ARM.Collect$$$$00000004)
    __main_after_scatterload                 0x080002a1   Thumb Code     0  entry5.o(.ARM.Collect$$$$00000004)
    _main_clock                              0x080002a1   Thumb Code     0  entry7b.o(.ARM.Collect$$$$00000008)
    _main_cpp_init                           0x080002a1   Thumb Code     0  entry8b.o(.ARM.Collect$$$$0000000A)
    _main_init                               0x080002a1   Thumb Code     0  entry9a.o(.ARM.Collect$$$$0000000B)
    __rt_final_cpp                           0x080002a9   Thumb Code     0  entry10a.o(.ARM.Collect$$$$0000000D)
    __rt_final_exit                          0x080002a9   Thumb Code     0  entry11a.o(.ARM.Collect$$$$0000000F)
    Reset_Handler                            0x080002ad   Thumb Code     8  startup_stm32h743xx.o(.text)
    ADC3_IRQHandler                          0x080002c7   Thumb Code     0  startup_stm32h743xx.o(.text)
    ADC_IRQHandler                           0x080002c7   Thumb Code     0  startup_stm32h743xx.o(.text)
    BDMA_Channel0_IRQHandler                 0x080002c7   Thumb Code     0  startup_stm32h743xx.o(.text)
    BDMA_Channel1_IRQHandler                 0x080002c7   Thumb Code     0  startup_stm32h743xx.o(.text)
    BDMA_Channel2_IRQHandler                 0x080002c7   Thumb Code     0  startup_stm32h743xx.o(.text)
    BDMA_Channel3_IRQHandler                 0x080002c7   Thumb Code     0  startup_stm32h743xx.o(.text)
    BDMA_Channel4_IRQHandler                 0x080002c7   Thumb Code     0  startup_stm32h743xx.o(.text)
    BDMA_Channel5_IRQHandler                 0x080002c7   Thumb Code     0  startup_stm32h743xx.o(.text)
    BDMA_Channel6_IRQHandler                 0x080002c7   Thumb Code     0  startup_stm32h743xx.o(.text)
    BDMA_Channel7_IRQHandler                 0x080002c7   Thumb Code     0  startup_stm32h743xx.o(.text)
    CEC_IRQHandler                           0x080002c7   Thumb Code     0  startup_stm32h743xx.o(.text)
    COMP1_IRQHandler                         0x080002c7   Thumb Code     0  startup_stm32h743xx.o(.text)
    CRS_IRQHandler                           0x080002c7   Thumb Code     0  startup_stm32h743xx.o(.text)
    DCMI_IRQHandler                          0x080002c7   Thumb Code     0  startup_stm32h743xx.o(.text)
    DFSDM1_FLT0_IRQHandler                   0x080002c7   Thumb Code     0  startup_stm32h743xx.o(.text)
    DFSDM1_FLT1_IRQHandler                   0x080002c7   Thumb Code     0  startup_stm32h743xx.o(.text)
    DFSDM1_FLT2_IRQHandler                   0x080002c7   Thumb Code     0  startup_stm32h743xx.o(.text)
    DFSDM1_FLT3_IRQHandler                   0x080002c7   Thumb Code     0  startup_stm32h743xx.o(.text)
    DMA1_Stream0_IRQHandler                  0x080002c7   Thumb Code     0  startup_stm32h743xx.o(.text)
    DMA1_Stream1_IRQHandler                  0x080002c7   Thumb Code     0  startup_stm32h743xx.o(.text)
    DMA1_Stream2_IRQHandler                  0x080002c7   Thumb Code     0  startup_stm32h743xx.o(.text)
    DMA1_Stream3_IRQHandler                  0x080002c7   Thumb Code     0  startup_stm32h743xx.o(.text)
    DMA1_Stream4_IRQHandler                  0x080002c7   Thumb Code     0  startup_stm32h743xx.o(.text)
    DMA1_Stream5_IRQHandler                  0x080002c7   Thumb Code     0  startup_stm32h743xx.o(.text)
    DMA1_Stream6_IRQHandler                  0x080002c7   Thumb Code     0  startup_stm32h743xx.o(.text)
    DMA1_Stream7_IRQHandler                  0x080002c7   Thumb Code     0  startup_stm32h743xx.o(.text)
    DMA2D_IRQHandler                         0x080002c7   Thumb Code     0  startup_stm32h743xx.o(.text)
    DMA2_Stream0_IRQHandler                  0x080002c7   Thumb Code     0  startup_stm32h743xx.o(.text)
    DMA2_Stream1_IRQHandler                  0x080002c7   Thumb Code     0  startup_stm32h743xx.o(.text)
    DMA2_Stream2_IRQHandler                  0x080002c7   Thumb Code     0  startup_stm32h743xx.o(.text)
    DMA2_Stream3_IRQHandler                  0x080002c7   Thumb Code     0  startup_stm32h743xx.o(.text)
    DMA2_Stream4_IRQHandler                  0x080002c7   Thumb Code     0  startup_stm32h743xx.o(.text)
    DMA2_Stream5_IRQHandler                  0x080002c7   Thumb Code     0  startup_stm32h743xx.o(.text)
    DMA2_Stream6_IRQHandler                  0x080002c7   Thumb Code     0  startup_stm32h743xx.o(.text)
    DMA2_Stream7_IRQHandler                  0x080002c7   Thumb Code     0  startup_stm32h743xx.o(.text)
    DMAMUX1_OVR_IRQHandler                   0x080002c7   Thumb Code     0  startup_stm32h743xx.o(.text)
    DMAMUX2_OVR_IRQHandler                   0x080002c7   Thumb Code     0  startup_stm32h743xx.o(.text)
    ETH_IRQHandler                           0x080002c7   Thumb Code     0  startup_stm32h743xx.o(.text)
    ETH_WKUP_IRQHandler                      0x080002c7   Thumb Code     0  startup_stm32h743xx.o(.text)
    EXTI0_IRQHandler                         0x080002c7   Thumb Code     0  startup_stm32h743xx.o(.text)
    EXTI15_10_IRQHandler                     0x080002c7   Thumb Code     0  startup_stm32h743xx.o(.text)
    EXTI1_IRQHandler                         0x080002c7   Thumb Code     0  startup_stm32h743xx.o(.text)
    EXTI2_IRQHandler                         0x080002c7   Thumb Code     0  startup_stm32h743xx.o(.text)
    EXTI3_IRQHandler                         0x080002c7   Thumb Code     0  startup_stm32h743xx.o(.text)
    EXTI4_IRQHandler                         0x080002c7   Thumb Code     0  startup_stm32h743xx.o(.text)
    EXTI9_5_IRQHandler                       0x080002c7   Thumb Code     0  startup_stm32h743xx.o(.text)
    FDCAN1_IT0_IRQHandler                    0x080002c7   Thumb Code     0  startup_stm32h743xx.o(.text)
    FDCAN1_IT1_IRQHandler                    0x080002c7   Thumb Code     0  startup_stm32h743xx.o(.text)
    FDCAN2_IT0_IRQHandler                    0x080002c7   Thumb Code     0  startup_stm32h743xx.o(.text)
    FDCAN2_IT1_IRQHandler                    0x080002c7   Thumb Code     0  startup_stm32h743xx.o(.text)
    FDCAN_CAL_IRQHandler                     0x080002c7   Thumb Code     0  startup_stm32h743xx.o(.text)
    FLASH_IRQHandler                         0x080002c7   Thumb Code     0  startup_stm32h743xx.o(.text)
    FMC_IRQHandler                           0x080002c7   Thumb Code     0  startup_stm32h743xx.o(.text)
    FPU_IRQHandler                           0x080002c7   Thumb Code     0  startup_stm32h743xx.o(.text)
    HRTIM1_FLT_IRQHandler                    0x080002c7   Thumb Code     0  startup_stm32h743xx.o(.text)
    HRTIM1_Master_IRQHandler                 0x080002c7   Thumb Code     0  startup_stm32h743xx.o(.text)
    HRTIM1_TIMA_IRQHandler                   0x080002c7   Thumb Code     0  startup_stm32h743xx.o(.text)
    HRTIM1_TIMB_IRQHandler                   0x080002c7   Thumb Code     0  startup_stm32h743xx.o(.text)
    HRTIM1_TIMC_IRQHandler                   0x080002c7   Thumb Code     0  startup_stm32h743xx.o(.text)
    HRTIM1_TIMD_IRQHandler                   0x080002c7   Thumb Code     0  startup_stm32h743xx.o(.text)
    HRTIM1_TIME_IRQHandler                   0x080002c7   Thumb Code     0  startup_stm32h743xx.o(.text)
    HSEM1_IRQHandler                         0x080002c7   Thumb Code     0  startup_stm32h743xx.o(.text)
    I2C1_ER_IRQHandler                       0x080002c7   Thumb Code     0  startup_stm32h743xx.o(.text)
    I2C1_EV_IRQHandler                       0x080002c7   Thumb Code     0  startup_stm32h743xx.o(.text)
    I2C2_ER_IRQHandler                       0x080002c7   Thumb Code     0  startup_stm32h743xx.o(.text)
    I2C2_EV_IRQHandler                       0x080002c7   Thumb Code     0  startup_stm32h743xx.o(.text)
    I2C3_ER_IRQHandler                       0x080002c7   Thumb Code     0  startup_stm32h743xx.o(.text)
    I2C3_EV_IRQHandler                       0x080002c7   Thumb Code     0  startup_stm32h743xx.o(.text)
    I2C4_ER_IRQHandler                       0x080002c7   Thumb Code     0  startup_stm32h743xx.o(.text)
    I2C4_EV_IRQHandler                       0x080002c7   Thumb Code     0  startup_stm32h743xx.o(.text)
    JPEG_IRQHandler                          0x080002c7   Thumb Code     0  startup_stm32h743xx.o(.text)
    LPTIM1_IRQHandler                        0x080002c7   Thumb Code     0  startup_stm32h743xx.o(.text)
    LPTIM2_IRQHandler                        0x080002c7   Thumb Code     0  startup_stm32h743xx.o(.text)
    LPTIM3_IRQHandler                        0x080002c7   Thumb Code     0  startup_stm32h743xx.o(.text)
    LPTIM4_IRQHandler                        0x080002c7   Thumb Code     0  startup_stm32h743xx.o(.text)
    LPTIM5_IRQHandler                        0x080002c7   Thumb Code     0  startup_stm32h743xx.o(.text)
    LPUART1_IRQHandler                       0x080002c7   Thumb Code     0  startup_stm32h743xx.o(.text)
    LTDC_ER_IRQHandler                       0x080002c7   Thumb Code     0  startup_stm32h743xx.o(.text)
    LTDC_IRQHandler                          0x080002c7   Thumb Code     0  startup_stm32h743xx.o(.text)
    MDIOS_IRQHandler                         0x080002c7   Thumb Code     0  startup_stm32h743xx.o(.text)
    MDIOS_WKUP_IRQHandler                    0x080002c7   Thumb Code     0  startup_stm32h743xx.o(.text)
    MDMA_IRQHandler                          0x080002c7   Thumb Code     0  startup_stm32h743xx.o(.text)
    OTG_FS_EP1_IN_IRQHandler                 0x080002c7   Thumb Code     0  startup_stm32h743xx.o(.text)
    OTG_FS_EP1_OUT_IRQHandler                0x080002c7   Thumb Code     0  startup_stm32h743xx.o(.text)
    OTG_FS_IRQHandler                        0x080002c7   Thumb Code     0  startup_stm32h743xx.o(.text)
    OTG_FS_WKUP_IRQHandler                   0x080002c7   Thumb Code     0  startup_stm32h743xx.o(.text)
    OTG_HS_EP1_IN_IRQHandler                 0x080002c7   Thumb Code     0  startup_stm32h743xx.o(.text)
    OTG_HS_EP1_OUT_IRQHandler                0x080002c7   Thumb Code     0  startup_stm32h743xx.o(.text)
    OTG_HS_IRQHandler                        0x080002c7   Thumb Code     0  startup_stm32h743xx.o(.text)
    OTG_HS_WKUP_IRQHandler                   0x080002c7   Thumb Code     0  startup_stm32h743xx.o(.text)
    PVD_AVD_IRQHandler                       0x080002c7   Thumb Code     0  startup_stm32h743xx.o(.text)
    QUADSPI_IRQHandler                       0x080002c7   Thumb Code     0  startup_stm32h743xx.o(.text)
    RCC_IRQHandler                           0x080002c7   Thumb Code     0  startup_stm32h743xx.o(.text)
    RNG_IRQHandler                           0x080002c7   Thumb Code     0  startup_stm32h743xx.o(.text)
    RTC_Alarm_IRQHandler                     0x080002c7   Thumb Code     0  startup_stm32h743xx.o(.text)
    RTC_WKUP_IRQHandler                      0x080002c7   Thumb Code     0  startup_stm32h743xx.o(.text)
    SAI1_IRQHandler                          0x080002c7   Thumb Code     0  startup_stm32h743xx.o(.text)
    SAI2_IRQHandler                          0x080002c7   Thumb Code     0  startup_stm32h743xx.o(.text)
    SAI3_IRQHandler                          0x080002c7   Thumb Code     0  startup_stm32h743xx.o(.text)
    SAI4_IRQHandler                          0x080002c7   Thumb Code     0  startup_stm32h743xx.o(.text)
    SDMMC1_IRQHandler                        0x080002c7   Thumb Code     0  startup_stm32h743xx.o(.text)
    SDMMC2_IRQHandler                        0x080002c7   Thumb Code     0  startup_stm32h743xx.o(.text)
    SPDIF_RX_IRQHandler                      0x080002c7   Thumb Code     0  startup_stm32h743xx.o(.text)
    SPI1_IRQHandler                          0x080002c7   Thumb Code     0  startup_stm32h743xx.o(.text)
    SPI2_IRQHandler                          0x080002c7   Thumb Code     0  startup_stm32h743xx.o(.text)
    SPI3_IRQHandler                          0x080002c7   Thumb Code     0  startup_stm32h743xx.o(.text)
    SPI4_IRQHandler                          0x080002c7   Thumb Code     0  startup_stm32h743xx.o(.text)
    SPI5_IRQHandler                          0x080002c7   Thumb Code     0  startup_stm32h743xx.o(.text)
    SPI6_IRQHandler                          0x080002c7   Thumb Code     0  startup_stm32h743xx.o(.text)
    SWPMI1_IRQHandler                        0x080002c7   Thumb Code     0  startup_stm32h743xx.o(.text)
    TAMP_STAMP_IRQHandler                    0x080002c7   Thumb Code     0  startup_stm32h743xx.o(.text)
    TIM15_IRQHandler                         0x080002c7   Thumb Code     0  startup_stm32h743xx.o(.text)
    TIM16_IRQHandler                         0x080002c7   Thumb Code     0  startup_stm32h743xx.o(.text)
    TIM17_IRQHandler                         0x080002c7   Thumb Code     0  startup_stm32h743xx.o(.text)
    TIM1_BRK_IRQHandler                      0x080002c7   Thumb Code     0  startup_stm32h743xx.o(.text)
    TIM1_CC_IRQHandler                       0x080002c7   Thumb Code     0  startup_stm32h743xx.o(.text)
    TIM1_TRG_COM_IRQHandler                  0x080002c7   Thumb Code     0  startup_stm32h743xx.o(.text)
    TIM1_UP_IRQHandler                       0x080002c7   Thumb Code     0  startup_stm32h743xx.o(.text)
    TIM3_IRQHandler                          0x080002c7   Thumb Code     0  startup_stm32h743xx.o(.text)
    TIM4_IRQHandler                          0x080002c7   Thumb Code     0  startup_stm32h743xx.o(.text)
    TIM5_IRQHandler                          0x080002c7   Thumb Code     0  startup_stm32h743xx.o(.text)
    TIM6_DAC_IRQHandler                      0x080002c7   Thumb Code     0  startup_stm32h743xx.o(.text)
    TIM7_IRQHandler                          0x080002c7   Thumb Code     0  startup_stm32h743xx.o(.text)
    TIM8_BRK_TIM12_IRQHandler                0x080002c7   Thumb Code     0  startup_stm32h743xx.o(.text)
    TIM8_CC_IRQHandler                       0x080002c7   Thumb Code     0  startup_stm32h743xx.o(.text)
    TIM8_TRG_COM_TIM14_IRQHandler            0x080002c7   Thumb Code     0  startup_stm32h743xx.o(.text)
    TIM8_UP_TIM13_IRQHandler                 0x080002c7   Thumb Code     0  startup_stm32h743xx.o(.text)
    UART4_IRQHandler                         0x080002c7   Thumb Code     0  startup_stm32h743xx.o(.text)
    UART5_IRQHandler                         0x080002c7   Thumb Code     0  startup_stm32h743xx.o(.text)
    UART7_IRQHandler                         0x080002c7   Thumb Code     0  startup_stm32h743xx.o(.text)
    UART8_IRQHandler                         0x080002c7   Thumb Code     0  startup_stm32h743xx.o(.text)
    USART2_IRQHandler                        0x080002c7   Thumb Code     0  startup_stm32h743xx.o(.text)
    USART3_IRQHandler                        0x080002c7   Thumb Code     0  startup_stm32h743xx.o(.text)
    USART6_IRQHandler                        0x080002c7   Thumb Code     0  startup_stm32h743xx.o(.text)
    WAKEUP_PIN_IRQHandler                    0x080002c7   Thumb Code     0  startup_stm32h743xx.o(.text)
    WWDG_IRQHandler                          0x080002c7   Thumb Code     0  startup_stm32h743xx.o(.text)
    __aeabi_uldivmod                         0x080002d1   Thumb Code    98  uldiv.o(.text)
    rand                                     0x08000335   Thumb Code    20  rand.o(.text)
    srand                                    0x08000349   Thumb Code     6  rand.o(.text)
    __aeabi_memset                           0x08000359   Thumb Code    14  memseta.o(.text)
    __aeabi_memset4                          0x08000359   Thumb Code     0  memseta.o(.text)
    __aeabi_memset8                          0x08000359   Thumb Code     0  memseta.o(.text)
    __aeabi_memclr                           0x08000367   Thumb Code     4  memseta.o(.text)
    __aeabi_memclr4                          0x08000367   Thumb Code     0  memseta.o(.text)
    __aeabi_memclr8                          0x08000367   Thumb Code     0  memseta.o(.text)
    _memset$wrapper                          0x0800036b   Thumb Code    18  memseta.o(.text)
    __aeabi_llsl                             0x0800037d   Thumb Code    30  llshl.o(.text)
    _ll_shift_l                              0x0800037d   Thumb Code     0  llshl.o(.text)
    __aeabi_llsr                             0x0800039b   Thumb Code    32  llushr.o(.text)
    _ll_ushift_r                             0x0800039b   Thumb Code     0  llushr.o(.text)
    __scatterload                            0x080003bd   Thumb Code    28  init.o(.text)
    __scatterload_rt2                        0x080003bd   Thumb Code     0  init.o(.text)
    BusFault_Handler                         0x080003e1   Thumb Code     2  stm32h7xx_it.o(.text.BusFault_Handler)
    ComToUart                                0x080003e5   Thumb Code    36  bsp_uart_fifo.o(.text.ComToUart)
    DebugMon_Handler                         0x08000429   Thumb Code     2  stm32h7xx_it.o(.text.DebugMon_Handler)
    Error_Handler                            0x0800042d   Thumb Code     8  bsp.o(.text.Error_Handler)
    FMC_NORSRAM_Extended_Timing_Init         0x08000435   Thumb Code    66  stm32h7xx_ll_fmc.o(.text.FMC_NORSRAM_Extended_Timing_Init)
    FMC_NORSRAM_Init                         0x08000477   Thumb Code   154  stm32h7xx_ll_fmc.o(.text.FMC_NORSRAM_Init)
    FMC_NORSRAM_Timing_Init                  0x08000511   Thumb Code    92  stm32h7xx_ll_fmc.o(.text.FMC_NORSRAM_Timing_Init)
    HAL_EnableCompensationCell               0x0800056d   Thumb Code    18  stm32h7xx_hal.o(.text.HAL_EnableCompensationCell)
    HAL_GPIO_Init                            0x08000581   Thumb Code   398  stm32h7xx_hal_gpio.o(.text.HAL_GPIO_Init)
    HAL_GetTick                              0x0800070f   Thumb Code    12  stm32h7xx_hal.o(.text.HAL_GetTick)
    HAL_IncTick                              0x0800071b   Thumb Code    26  stm32h7xx_hal.o(.text.HAL_IncTick)
    HAL_Init                                 0x08000735   Thumb Code    28  stm32h7xx_hal.o(.text.HAL_Init)
    HAL_InitTick                             0x08000751   Thumb Code    80  stm32h7xx_hal.o(.text.HAL_InitTick)
    HAL_MPU_ConfigRegion                     0x080007a1   Thumb Code    90  stm32h7xx_hal_cortex.o(.text.HAL_MPU_ConfigRegion)
    HAL_MPU_Disable                          0x080007fb   Thumb Code    26  stm32h7xx_hal_cortex.o(.text.HAL_MPU_Disable)
    HAL_MPU_Enable                           0x08000815   Thumb Code    32  stm32h7xx_hal_cortex.o(.text.HAL_MPU_Enable)
    HAL_MspInit                              0x08000835   Thumb Code     2  stm32h7xx_hal.o(.text.HAL_MspInit)
    HAL_NVIC_EnableIRQ                       0x08000837   Thumb Code    30  stm32h7xx_hal_cortex.o(.text.HAL_NVIC_EnableIRQ)
    HAL_NVIC_SetPriority                     0x08000855   Thumb Code    92  stm32h7xx_hal_cortex.o(.text.HAL_NVIC_SetPriority)
    HAL_NVIC_SetPriorityGrouping             0x080008b1   Thumb Code    32  stm32h7xx_hal_cortex.o(.text.HAL_NVIC_SetPriorityGrouping)
    HAL_RCCEx_GetD1SysClockFreq              0x080008d1   Thumb Code    44  stm32h7xx_hal_rcc_ex.o(.text.HAL_RCCEx_GetD1SysClockFreq)
    HAL_RCCEx_GetD3PCLK1Freq                 0x080008fd   Thumb Code    34  stm32h7xx_hal_rcc_ex.o(.text.HAL_RCCEx_GetD3PCLK1Freq)
    HAL_RCCEx_GetPLL2ClockFreq               0x08000921   Thumb Code   232  stm32h7xx_hal_rcc_ex.o(.text.HAL_RCCEx_GetPLL2ClockFreq)
    HAL_RCCEx_GetPLL3ClockFreq               0x08000a09   Thumb Code   232  stm32h7xx_hal_rcc_ex.o(.text.HAL_RCCEx_GetPLL3ClockFreq)
    HAL_RCCEx_PeriphCLKConfig                0x08000af1   Thumb Code  2122  stm32h7xx_hal_rcc_ex.o(.text.HAL_RCCEx_PeriphCLKConfig)
    HAL_RCC_ClockConfig                      0x0800133d   Thumb Code   442  stm32h7xx_hal_rcc.o(.text.HAL_RCC_ClockConfig)
    HAL_RCC_GetHCLKFreq                      0x080014f7   Thumb Code    44  stm32h7xx_hal_rcc.o(.text.HAL_RCC_GetHCLKFreq)
    HAL_RCC_GetPCLK1Freq                     0x08001523   Thumb Code    56  stm32h7xx_hal_rcc.o(.text.HAL_RCC_GetPCLK1Freq)
    HAL_RCC_GetPCLK2Freq                     0x0800155b   Thumb Code    56  stm32h7xx_hal_rcc.o(.text.HAL_RCC_GetPCLK2Freq)
    HAL_RCC_GetSysClockFreq                  0x08001595   Thumb Code   228  stm32h7xx_hal_rcc.o(.text.HAL_RCC_GetSysClockFreq)
    HAL_RCC_OscConfig                        0x08001679   Thumb Code  1134  stm32h7xx_hal_rcc.o(.text.HAL_RCC_OscConfig)
    HAL_SRAM_Init                            0x08001ae7   Thumb Code   100  stm32h7xx_hal_sram.o(.text.HAL_SRAM_Init)
    HAL_SRAM_MspInit                         0x08001b4b   Thumb Code     2  stm32h7xx_hal_sram.o(.text.HAL_SRAM_MspInit)
    HAL_SYSTICK_Config                       0x08001b4d   Thumb Code    44  stm32h7xx_hal_cortex.o(.text.HAL_SYSTICK_Config)
    HAL_TIM_Base_Init                        0x08001b79   Thumb Code    52  stm32h7xx_hal_tim.o(.text.HAL_TIM_Base_Init)
    HAL_TIM_Base_MspInit                     0x08001bad   Thumb Code     2  stm32h7xx_hal_tim.o(.text.HAL_TIM_Base_MspInit)
    HAL_TIM_Base_Start                       0x08001baf   Thumb Code    28  stm32h7xx_hal_tim.o(.text.HAL_TIM_Base_Start)
    HAL_UART_Init                            0x08001bcb   Thumb Code   100  stm32h7xx_hal_uart.o(.text.HAL_UART_Init)
    HAL_UART_MspInit                         0x08001c2f   Thumb Code     2  stm32h7xx_hal_uart.o(.text.HAL_UART_MspInit)
    HC574_GetPin                             0x08001c31   Thumb Code    18  bsp_fmc_io.o(.text.HC574_GetPin)
    HC574_SetPin                             0x08001c43   Thumb Code    40  bsp_fmc_io.o(.text.HC574_SetPin)
    HardFaultHandler                         0x08001c6d   Thumb Code   200  segger_hardfaulthandler.o(.text.HardFaultHandler)
    MemManage_Handler                        0x08001dfd   Thumb Code     2  stm32h7xx_it.o(.text.MemManage_Handler)
    NMI_Handler                              0x08001dff   Thumb Code     2  stm32h7xx_it.o(.text.NMI_Handler)
    PendSV_Handler                           0x08001e01   Thumb Code     2  stm32h7xx_it.o(.text.PendSV_Handler)
    RS485_InitTXE                            0x08001fd3   Thumb Code    64  bsp_uart_fifo.o(.text.RS485_InitTXE)
    SVC_Handler                              0x08002013   Thumb Code     2  stm32h7xx_it.o(.text.SVC_Handler)
    SysTick_Handler                          0x08002015   Thumb Code    28  bsp_timer.o(.text.SysTick_Handler)
    SysTick_ISR                              0x08002031   Thumb Code   148  bsp_timer.o(.text.SysTick_ISR)
    SystemInit                               0x080020c5   Thumb Code   108  system_stm32h7xx.o(.text.SystemInit)
    TIM2_IRQHandler                          0x08002131   Thumb Code   168  bsp_timer.o(.text.TIM2_IRQHandler)
    TIM_Base_SetConfig                       0x080021d9   Thumb Code   306  stm32h7xx_hal_tim.o(.text.TIM_Base_SetConfig)
    UART_AdvFeatureConfig                    0x0800230b   Thumb Code   198  stm32h7xx_hal_uart.o(.text.UART_AdvFeatureConfig)
    UART_CheckIdleState                      0x080023d1   Thumb Code   100  stm32h7xx_hal_uart.o(.text.UART_CheckIdleState)
    UART_SetConfig                           0x08002435   Thumb Code  1284  stm32h7xx_hal_uart.o(.text.UART_SetConfig)
    UART_WaitOnFlagUntilTimeout              0x08002941   Thumb Code   126  stm32h7xx_hal_uart.o(.text.UART_WaitOnFlagUntilTimeout)
    USART1_IRQHandler                        0x080029bf   Thumb Code   306  bsp_uart_fifo.o(.text.USART1_IRQHandler)
    UsageFault_Handler                       0x08002af1   Thumb Code     2  stm32h7xx_it.o(.text.UsageFault_Handler)
    bsp_CheckTimer                           0x08002af3   Thumb Code    44  bsp_timer.o(.text.bsp_CheckTimer)
    bsp_DelayMS                              0x08002b21   Thumb Code    56  bsp_timer.o(.text.bsp_DelayMS)
    bsp_GetKey                               0x08002b59   Thumb Code    36  bsp_key.o(.text.bsp_GetKey)
    bsp_Idle                                 0x08002b7d   Thumb Code     2  bsp.o(.text.bsp_Idle)
    bsp_Init                                 0x08002b81   Thumb Code   450  bsp.o(.text.bsp_Init)
    bsp_InitExtIO                            0x08002d45   Thumb Code   360  bsp_fmc_io.o(.text.bsp_InitExtIO)
    bsp_InitHardTimer                        0x08002ecd   Thumb Code   146  bsp_timer.o(.text.bsp_InitHardTimer)
    bsp_InitKey                              0x08002f61   Thumb Code   228  bsp_key.o(.text.bsp_InitKey)
    bsp_InitLed                              0x08003045   Thumb Code    46  bsp_led.o(.text.bsp_InitLed)
    bsp_InitTimer                            0x08003075   Thumb Code   110  bsp_timer.o(.text.bsp_InitTimer)
    bsp_InitUart                             0x080030e3   Thumb Code   260  bsp_uart_fifo.o(.text.bsp_InitUart)
    bsp_KeyScan10ms                          0x080031e9   Thumb Code   288  bsp_key.o(.text.bsp_KeyScan10ms)
    bsp_LedToggle                            0x08003309   Thumb Code    48  bsp_led.o(.text.bsp_LedToggle)
    bsp_RunPer10ms                           0x08003339   Thumb Code     4  bsp.o(.text.bsp_RunPer10ms)
    bsp_RunPer1ms                            0x0800333d   Thumb Code     2  bsp.o(.text.bsp_RunPer1ms)
    bsp_SetUartParam                         0x0800333f   Thumb Code    60  bsp_uart_fifo.o(.text.bsp_SetUartParam)
    bsp_StartAutoTimer                       0x0800337d   Thumb Code    72  bsp_timer.o(.text.bsp_StartAutoTimer)
    comGetChar                               0x080033d9   Thumb Code    80  bsp_uart_fifo.o(.text.comGetChar)
    comSendBuf                               0x08003429   Thumb Code   168  bsp_uart_fifo.o(.text.comSendBuf)
    comSendChar                              0x080034d1   Thumb Code    22  bsp_uart_fifo.o(.text.comSendChar)
    fputc                                    0x080034e7   Thumb Code    28  bsp_uart_fifo.o(.text.fputc)
    main                                     0x08003505   Thumb Code   444  main.o(.text.main)
    HardFault_Handler                        0x08003759   Thumb Code     0  hardfaulthandler.o(OSKERNEL)
    __0printf$8                              0x0800376d   Thumb Code    22  printf8.o(i.__0printf$8)
    __1printf$8                              0x0800376d   Thumb Code     0  printf8.o(i.__0printf$8)
    __2printf                                0x0800376d   Thumb Code     0  printf8.o(i.__0printf$8)
    __scatterload_copy                       0x0800378d   Thumb Code    14  handlers.o(i.__scatterload_copy)
    __scatterload_null                       0x0800379b   Thumb Code     2  handlers.o(i.__scatterload_null)
    __scatterload_zeroinit                   0x0800379d   Thumb Code    14  handlers.o(i.__scatterload_zeroinit)
    puts                                     0x08003c11   Thumb Code    30  puts.o(i.puts)
    D1CorePrescTable                         0x08003c60   Data          16  system_stm32h7xx.o(.rodata.D1CorePrescTable)
    Region$$Table$$Base                      0x08003f9c   Number         0  anon$$obj.o(Region$$Table)
    Region$$Table$$Limit                     0x08003fbc   Number         0  anon$$obj.o(Region$$Table)
    __stdout                                 0x20000004   Data           4  stdout.o(.data)
    SystemCoreClock                          0x20000008   Data           4  system_stm32h7xx.o(.data.SystemCoreClock)
    SystemD2Clock                            0x2000000c   Data           4  system_stm32h7xx.o(.data.SystemD2Clock)
    g_HC574                                  0x20000060   Data           4  bsp_fmc_io.o(.bss.g_HC574)
    g_SendData                               0x20000464   Data          10  main.o(.bss.g_SendData)
    g_iRunTime                               0x20000870   Data           4  bsp_timer.o(.bss.g_iRunTime)
    __initial_sp                             0x200019a0   Data           0  startup_stm32h743xx.o(STACK)



==============================================================================

Memory Map of the image

  Image Entry point : 0x08000299

  Load Region LR_IROM1 (Base: 0x08000000, Size: 0x00003fd8, Max: 0x00200000, ABSOLUTE)

    Execution Region ER_IROM1 (Exec base: 0x08000000, Load base: 0x08000000, Size: 0x00003fbc, Max: 0x00200000, ABSOLUTE)

    Exec Addr    Load Addr    Size         Type   Attr      Idx    E Section Name        Object

    0x08000000   0x08000000   0x00000298   Data   RO          314    RESET               startup_stm32h743xx.o
    0x08000298   0x08000298   0x00000000   Code   RO         2104  * .ARM.Collect$$$$00000000  mc_w.l(entry.o)
    0x08000298   0x08000298   0x00000004   Code   RO         2383    .ARM.Collect$$$$00000001  mc_w.l(entry2.o)
    0x0800029c   0x0800029c   0x00000004   Code   RO         2386    .ARM.Collect$$$$00000004  mc_w.l(entry5.o)
    0x080002a0   0x080002a0   0x00000000   Code   RO         2388    .ARM.Collect$$$$00000008  mc_w.l(entry7b.o)
    0x080002a0   0x080002a0   0x00000000   Code   RO         2390    .ARM.Collect$$$$0000000A  mc_w.l(entry8b.o)
    0x080002a0   0x080002a0   0x00000008   Code   RO         2391    .ARM.Collect$$$$0000000B  mc_w.l(entry9a.o)
    0x080002a8   0x080002a8   0x00000000   Code   RO         2393    .ARM.Collect$$$$0000000D  mc_w.l(entry10a.o)
    0x080002a8   0x080002a8   0x00000000   Code   RO         2395    .ARM.Collect$$$$0000000F  mc_w.l(entry11a.o)
    0x080002a8   0x080002a8   0x00000004   Code   RO         2384    .ARM.Collect$$$$00002712  mc_w.l(entry2.o)
    0x080002ac   0x080002ac   0x00000024   Code   RO          315    .text               startup_stm32h743xx.o
    0x080002d0   0x080002d0   0x00000062   Code   RO         2111    .text               mc_w.l(uldiv.o)
    0x08000332   0x08000332   0x00000002   PAD
    0x08000334   0x08000334   0x00000024   Code   RO         2115    .text               mc_w.l(rand.o)
    0x08000358   0x08000358   0x00000024   Code   RO         2118    .text               mc_w.l(memseta.o)
    0x0800037c   0x0800037c   0x0000001e   Code   RO         2409    .text               mc_w.l(llshl.o)
    0x0800039a   0x0800039a   0x00000020   Code   RO         2411    .text               mc_w.l(llushr.o)
    0x080003ba   0x080003ba   0x00000002   PAD
    0x080003bc   0x080003bc   0x00000024   Code   RO         2431    .text               mc_w.l(init.o)
    0x080003e0   0x080003e0   0x00000002   Code   RO          230    .text.BusFault_Handler  stm32h7xx_it.o
    0x080003e2   0x080003e2   0x00000002   PAD
    0x080003e4   0x080003e4   0x00000044   Code   RO          176    .text.ComToUart     bsp_uart_fifo.o
    0x08000428   0x08000428   0x00000002   Code   RO          236    .text.DebugMon_Handler  stm32h7xx_it.o
    0x0800042a   0x0800042a   0x00000002   PAD
    0x0800042c   0x0800042c   0x00000008   Code   RO           17    .text.Error_Handler  bsp.o
    0x08000434   0x08000434   0x00000042   Code   RO          962    .text.FMC_NORSRAM_Extended_Timing_Init  stm32h7xx_ll_fmc.o
    0x08000476   0x08000476   0x0000009a   Code   RO          956    .text.FMC_NORSRAM_Init  stm32h7xx_ll_fmc.o
    0x08000510   0x08000510   0x0000005c   Code   RO          960    .text.FMC_NORSRAM_Timing_Init  stm32h7xx_ll_fmc.o
    0x0800056c   0x0800056c   0x00000012   Code   RO          374    .text.HAL_EnableCompensationCell  stm32h7xx_hal.o
    0x0800057e   0x0800057e   0x00000002   PAD
    0x08000580   0x08000580   0x0000018e   Code   RO          513    .text.HAL_GPIO_Init  stm32h7xx_hal_gpio.o
    0x0800070e   0x0800070e   0x0000000c   Code   RO          334    .text.HAL_GetTick   stm32h7xx_hal.o
    0x0800071a   0x0800071a   0x0000001a   Code   RO          332    .text.HAL_IncTick   stm32h7xx_hal.o
    0x08000734   0x08000734   0x0000001c   Code   RO          322    .text.HAL_Init      stm32h7xx_hal.o
    0x08000750   0x08000750   0x00000050   Code   RO          324    .text.HAL_InitTick  stm32h7xx_hal.o
    0x080007a0   0x080007a0   0x0000005a   Code   RO          449    .text.HAL_MPU_ConfigRegion  stm32h7xx_hal_cortex.o
    0x080007fa   0x080007fa   0x0000001a   Code   RO          445    .text.HAL_MPU_Disable  stm32h7xx_hal_cortex.o
    0x08000814   0x08000814   0x00000020   Code   RO          447    .text.HAL_MPU_Enable  stm32h7xx_hal_cortex.o
    0x08000834   0x08000834   0x00000002   Code   RO          326    .text.HAL_MspInit   stm32h7xx_hal.o
    0x08000836   0x08000836   0x0000001e   Code   RO          435    .text.HAL_NVIC_EnableIRQ  stm32h7xx_hal_cortex.o
    0x08000854   0x08000854   0x0000005c   Code   RO          433    .text.HAL_NVIC_SetPriority  stm32h7xx_hal_cortex.o
    0x080008b0   0x080008b0   0x00000020   Code   RO          431    .text.HAL_NVIC_SetPriorityGrouping  stm32h7xx_hal_cortex.o
    0x080008d0   0x080008d0   0x0000002c   Code   RO          557    .text.HAL_RCCEx_GetD1SysClockFreq  stm32h7xx_hal_rcc_ex.o
    0x080008fc   0x080008fc   0x00000022   Code   RO          555    .text.HAL_RCCEx_GetD3PCLK1Freq  stm32h7xx_hal_rcc_ex.o
    0x0800091e   0x0800091e   0x00000002   PAD
    0x08000920   0x08000920   0x000000e8   Code   RO          549    .text.HAL_RCCEx_GetPLL2ClockFreq  stm32h7xx_hal_rcc_ex.o
    0x08000a08   0x08000a08   0x000000e8   Code   RO          551    .text.HAL_RCCEx_GetPLL3ClockFreq  stm32h7xx_hal_rcc_ex.o
    0x08000af0   0x08000af0   0x0000084a   Code   RO          537    .text.HAL_RCCEx_PeriphCLKConfig  stm32h7xx_hal_rcc_ex.o
    0x0800133a   0x0800133a   0x00000002   PAD
    0x0800133c   0x0800133c   0x000001ba   Code   RO          483    .text.HAL_RCC_ClockConfig  stm32h7xx_hal_rcc.o
    0x080014f6   0x080014f6   0x0000002c   Code   RO          491    .text.HAL_RCC_GetHCLKFreq  stm32h7xx_hal_rcc.o
    0x08001522   0x08001522   0x00000038   Code   RO          493    .text.HAL_RCC_GetPCLK1Freq  stm32h7xx_hal_rcc.o
    0x0800155a   0x0800155a   0x00000038   Code   RO          495    .text.HAL_RCC_GetPCLK2Freq  stm32h7xx_hal_rcc.o
    0x08001592   0x08001592   0x00000002   PAD
    0x08001594   0x08001594   0x000000e4   Code   RO          485    .text.HAL_RCC_GetSysClockFreq  stm32h7xx_hal_rcc.o
    0x08001678   0x08001678   0x0000046e   Code   RO          481    .text.HAL_RCC_OscConfig  stm32h7xx_hal_rcc.o
    0x08001ae6   0x08001ae6   0x00000064   Code   RO         1147    .text.HAL_SRAM_Init  stm32h7xx_hal_sram.o
    0x08001b4a   0x08001b4a   0x00000002   Code   RO         1149    .text.HAL_SRAM_MspInit  stm32h7xx_hal_sram.o
    0x08001b4c   0x08001b4c   0x0000002c   Code   RO          443    .text.HAL_SYSTICK_Config  stm32h7xx_hal_cortex.o
    0x08001b78   0x08001b78   0x00000034   Code   RO          658    .text.HAL_TIM_Base_Init  stm32h7xx_hal_tim.o
    0x08001bac   0x08001bac   0x00000002   Code   RO          660    .text.HAL_TIM_Base_MspInit  stm32h7xx_hal_tim.o
    0x08001bae   0x08001bae   0x0000001c   Code   RO          668    .text.HAL_TIM_Base_Start  stm32h7xx_hal_tim.o
    0x08001bca   0x08001bca   0x00000064   Code   RO         1008    .text.HAL_UART_Init  stm32h7xx_hal_uart.o
    0x08001c2e   0x08001c2e   0x00000002   Code   RO         1010    .text.HAL_UART_MspInit  stm32h7xx_hal_uart.o
    0x08001c30   0x08001c30   0x00000012   Code   RO          159    .text.HC574_GetPin  bsp_fmc_io.o
    0x08001c42   0x08001c42   0x00000028   Code   RO          155    .text.HC574_SetPin  bsp_fmc_io.o
    0x08001c6a   0x08001c6a   0x00000002   PAD
    0x08001c6c   0x08001c6c   0x000000f4   Code   RO         1255    .text.HardFaultHandler  segger_hardfaulthandler.o
    0x08001d60   0x08001d60   0x0000009c   Code   RO           70    .text.IsKeyDownFunc  bsp_key.o
    0x08001dfc   0x08001dfc   0x00000002   Code   RO          228    .text.MemManage_Handler  stm32h7xx_it.o
    0x08001dfe   0x08001dfe   0x00000002   Code   RO          226    .text.NMI_Handler   stm32h7xx_it.o
    0x08001e00   0x08001e00   0x00000002   Code   RO          238    .text.PendSV_Handler  stm32h7xx_it.o
    0x08001e02   0x08001e02   0x00000002   PAD
    0x08001e04   0x08001e04   0x000000e6   Code   RO          539    .text.RCCEx_PLL2_Config  stm32h7xx_hal_rcc_ex.o
    0x08001eea   0x08001eea   0x00000002   PAD
    0x08001eec   0x08001eec   0x000000e6   Code   RO          541    .text.RCCEx_PLL3_Config  stm32h7xx_hal_rcc_ex.o
    0x08001fd2   0x08001fd2   0x00000040   Code   RO          174    .text.RS485_InitTXE  bsp_uart_fifo.o
    0x08002012   0x08002012   0x00000002   Code   RO          234    .text.SVC_Handler   stm32h7xx_it.o
    0x08002014   0x08002014   0x0000001c   Code   RO          105    .text.SysTick_Handler  bsp_timer.o
    0x08002030   0x08002030   0x00000094   Code   RO           87    .text.SysTick_ISR   bsp_timer.o
    0x080020c4   0x080020c4   0x0000006c   Code   RO         1237    .text.SystemInit    system_stm32h7xx.o
    0x08002130   0x08002130   0x000000a8   Code   RO          109    .text.TIM2_IRQHandler  bsp_timer.o
    0x080021d8   0x080021d8   0x00000132   Code   RO          662    .text.TIM_Base_SetConfig  stm32h7xx_hal_tim.o
    0x0800230a   0x0800230a   0x000000c6   Code   RO         1014    .text.UART_AdvFeatureConfig  stm32h7xx_hal_uart.o
    0x080023d0   0x080023d0   0x00000064   Code   RO         1016    .text.UART_CheckIdleState  stm32h7xx_hal_uart.o
    0x08002434   0x08002434   0x0000050c   Code   RO         1012    .text.UART_SetConfig  stm32h7xx_hal_uart.o
    0x08002940   0x08002940   0x0000007e   Code   RO         1030    .text.UART_WaitOnFlagUntilTimeout  stm32h7xx_hal_uart.o
    0x080029be   0x080029be   0x00000132   Code   RO          208    .text.USART1_IRQHandler  bsp_uart_fifo.o
    0x08002af0   0x08002af0   0x00000002   Code   RO          232    .text.UsageFault_Handler  stm32h7xx_it.o
    0x08002af2   0x08002af2   0x0000002c   Code   RO           99    .text.bsp_CheckTimer  bsp_timer.o
    0x08002b1e   0x08002b1e   0x00000002   PAD
    0x08002b20   0x08002b20   0x00000038   Code   RO           89    .text.bsp_DelayMS   bsp_timer.o
    0x08002b58   0x08002b58   0x00000024   Code   RO           56    .text.bsp_GetKey    bsp_key.o
    0x08002b7c   0x08002b7c   0x00000002   Code   RO           23    .text.bsp_Idle      bsp.o
    0x08002b7e   0x08002b7e   0x00000002   PAD
    0x08002b80   0x08002b80   0x000001c2   Code   RO           15    .text.bsp_Init      bsp.o
    0x08002d42   0x08002d42   0x00000002   PAD
    0x08002d44   0x08002d44   0x00000188   Code   RO          153    .text.bsp_InitExtIO  bsp_fmc_io.o
    0x08002ecc   0x08002ecc   0x00000092   Code   RO           85    .text.bsp_InitHardTimer  bsp_timer.o
    0x08002f5e   0x08002f5e   0x00000002   PAD
    0x08002f60   0x08002f60   0x000000e4   Code   RO           52    .text.bsp_InitKey   bsp_key.o
    0x08003044   0x08003044   0x0000002e   Code   RO           33    .text.bsp_InitLed   bsp_led.o
    0x08003072   0x08003072   0x00000002   PAD
    0x08003074   0x08003074   0x0000006e   Code   RO           83    .text.bsp_InitTimer  bsp_timer.o
    0x080030e2   0x080030e2   0x00000104   Code   RO          172    .text.bsp_InitUart  bsp_uart_fifo.o
    0x080031e6   0x080031e6   0x00000002   PAD
    0x080031e8   0x080031e8   0x00000120   Code   RO           66    .text.bsp_KeyScan10ms  bsp_key.o
    0x08003308   0x08003308   0x00000030   Code   RO           39    .text.bsp_LedToggle  bsp_led.o
    0x08003338   0x08003338   0x00000004   Code   RO           19    .text.bsp_RunPer10ms  bsp.o
    0x0800333c   0x0800333c   0x00000002   Code   RO           21    .text.bsp_RunPer1ms  bsp.o
    0x0800333e   0x0800333e   0x0000003c   Code   RO          192    .text.bsp_SetUartParam  bsp_uart_fifo.o
    0x0800337a   0x0800337a   0x00000002   PAD
    0x0800337c   0x0800337c   0x0000005c   Code   RO           95    .text.bsp_StartAutoTimer  bsp_timer.o
    0x080033d8   0x080033d8   0x00000050   Code   RO          184    .text.comGetChar    bsp_uart_fifo.o
    0x08003428   0x08003428   0x000000a8   Code   RO          180    .text.comSendBuf    bsp_uart_fifo.o
    0x080034d0   0x080034d0   0x00000016   Code   RO          182    .text.comSendChar   bsp_uart_fifo.o
    0x080034e6   0x080034e6   0x0000001c   Code   RO          210    .text.fputc         bsp_uart_fifo.o
    0x08003502   0x08003502   0x00000002   PAD
    0x08003504   0x08003504   0x00000254   Code   RO            2    .text.main          main.o
    0x08003758   0x08003758   0x00000012   Code   RO         1251    OSKERNEL            hardfaulthandler.o
    0x0800376a   0x0800376a   0x00000002   PAD
    0x0800376c   0x0800376c   0x00000020   Code   RO         2329    i.__0printf$8       mc_w.l(printf8.o)
    0x0800378c   0x0800378c   0x0000000e   Code   RO         2439    i.__scatterload_copy  mc_w.l(handlers.o)
    0x0800379a   0x0800379a   0x00000002   Code   RO         2440    i.__scatterload_null  mc_w.l(handlers.o)
    0x0800379c   0x0800379c   0x0000000e   Code   RO         2441    i.__scatterload_zeroinit  mc_w.l(handlers.o)
    0x080037aa   0x080037aa   0x00000002   PAD
    0x080037ac   0x080037ac   0x00000410   Code   RO         2336    i._printf_core      mc_w.l(printf8.o)
    0x08003bbc   0x08003bbc   0x00000024   Code   RO         2337    i._printf_post_padding  mc_w.l(printf8.o)
    0x08003be0   0x08003be0   0x0000002e   Code   RO         2338    i._printf_pre_padding  mc_w.l(printf8.o)
    0x08003c0e   0x08003c0e   0x00000002   PAD
    0x08003c10   0x08003c10   0x00000024   Code   RO         2107    i.puts              mc_w.l(puts.o)
    0x08003c34   0x08003c34   0x00000006   Data   RO         1117    .rodata..Lswitch.table.UART_SetConfig.5  stm32h7xx_hal_uart.o
    0x08003c3a   0x08003c3a   0x00000006   Data   RO         1118    .rodata..Lswitch.table.UART_SetConfig.7  stm32h7xx_hal_uart.o
    0x08003c40   0x08003c40   0x00000020   Data   RO            7    .rodata..Lswitch.table.main  main.o
    0x08003c60   0x08003c60   0x00000010   Data   RO         1243    .rodata.D1CorePrescTable  system_stm32h7xx.o
    0x08003c70   0x08003c70   0x00000018   Data   RO         1116    .rodata.UARTPrescTable  stm32h7xx_hal_uart.o
    0x08003c88   0x08003c88   0x00000010   Data   RO           43    .rodata.cst16       bsp_led.o
    0x08003c98   0x08003c98   0x00000040   Data   RO           74    .rodata.s_gpio_list  bsp_key.o
    0x08003cd8   0x08003cd8   0x00000260   Data   RO            5    .rodata.str1.1      main.o
    0x08003f38   0x08003f38   0x0000003f   Data   RO          117    .rodata.str1.1      bsp_timer.o
    0x08003f77   0x08003f77   0x00000023   Data   RO          215    .rodata.str1.1      bsp_uart_fifo.o
    0x08003f9a   0x08003f9a   0x00000002   PAD
    0x08003f9c   0x08003f9c   0x00000020   Data   RO         2438    Region$$Table       anon$$obj.o


    Execution Region RW_IRAM1 (Exec base: 0x20000000, Load base: 0x08003fc0, Size: 0x000019a0, Max: 0x00020000, ABSOLUTE)

    Exec Addr    Load Addr    Size         Type   Attr      Idx    E Section Name        Object

    0x20000000   0x08003fc0   0x00000004   Data   RW         2116    .data               mc_w.l(rand.o)
    0x20000004   0x08003fc4   0x00000004   Data   RW         2397    .data               mc_w.l(stdout.o)
    0x20000008   0x08003fc8   0x00000004   Data   RW         1241    .data.SystemCoreClock  system_stm32h7xx.o
    0x2000000c   0x08003fcc   0x00000004   Data   RW         1242    .data.SystemD2Clock  system_stm32h7xx.o
    0x20000010   0x08003fd0   0x00000001   Data   RW          420    .data.uwTickFreq    stm32h7xx_hal.o
    0x20000011   0x08003fd1   0x00000003   PAD
    0x20000014   0x08003fd4   0x00000004   Data   RW          421    .data.uwTickPrio    stm32h7xx_hal.o
    0x20000018        -       0x00000040   Zero   RW         1257    .bss.HardFaultRegs  segger_hardfaulthandler.o
    0x20000058        -       0x00000001   Zero   RW          114    .bss.SysTick_ISR.s_count  bsp_timer.o
    0x20000059   0x08003fd8   0x00000003   PAD
    0x2000005c        -       0x00000004   Zero   RW         1258    .bss._Continue      segger_hardfaulthandler.o
    0x20000060        -       0x00000004   Zero   RW          163    .bss.g_HC574        bsp_fmc_io.o
    0x20000064        -       0x00000400   Zero   RW          217    .bss.g_RxBuf1       bsp_uart_fifo.o
    0x20000464        -       0x0000000a   Zero   RW            4    .bss.g_SendData     main.o
    0x2000046e        -       0x00000400   Zero   RW          216    .bss.g_TxBuf1       bsp_uart_fifo.o
    0x2000086e   0x08003fd8   0x00000002   PAD
    0x20000870        -       0x00000004   Zero   RW          111    .bss.g_iRunTime     bsp_timer.o
    0x20000874        -       0x0000002c   Zero   RW          214    .bss.g_tUart1       bsp_uart_fifo.o
    0x200008a0        -       0x00000001   Zero   RW          113    .bss.g_ucEnableSystickISR  bsp_timer.o
    0x200008a1   0x08003fd8   0x00000003   PAD
    0x200008a4        -       0x00000004   Zero   RW          118    .bss.s_TIM_CallBack1  bsp_timer.o
    0x200008a8        -       0x00000004   Zero   RW          119    .bss.s_TIM_CallBack2  bsp_timer.o
    0x200008ac        -       0x00000004   Zero   RW          120    .bss.s_TIM_CallBack3  bsp_timer.o
    0x200008b0        -       0x00000004   Zero   RW          121    .bss.s_TIM_CallBack4  bsp_timer.o
    0x200008b4        -       0x000000a0   Zero   RW           73    .bss.s_tBtn         bsp_key.o
    0x20000954        -       0x0000000d   Zero   RW           72    .bss.s_tKey         bsp_key.o
    0x20000961   0x08003fd8   0x00000003   PAD
    0x20000964        -       0x00000030   Zero   RW          112    .bss.s_tTmr         bsp_timer.o
    0x20000994        -       0x00000001   Zero   RW          116    .bss.s_ucTimeOutFlag  bsp_timer.o
    0x20000995   0x08003fd8   0x00000003   PAD
    0x20000998        -       0x00000004   Zero   RW          115    .bss.s_uiDelayCount  bsp_timer.o
    0x2000099c        -       0x00000004   Zero   RW          422    .bss.uwTick         stm32h7xx_hal.o
    0x200009a0        -       0x00001000   Zero   RW          312    STACK               startup_stm32h743xx.o


==============================================================================

Image component sizes


      Code (inc. data)   RO Data    RW Data    ZI Data      Debug   Object Name

       466          0          0          0          0       6655   bsp.o
       450         32          0          0          4      10879   bsp_fmc_io.o
       708          0         64          0        173       8386   bsp_key.o
        94          0         16          0          0       1744   bsp_led.o
       792         20         63          0         75      15965   bsp_timer.o
      1056         32         35          0       2092      18104   bsp_uart_fifo.o
        18          0          0          0          0        340   hardfaulthandler.o
       596        152        640          0         10       2231   main.o
       244         44          0          0         68       3477   segger_hardfaulthandler.o
        36          8        664          0       4096        988   startup_stm32h743xx.o
       166          0          0          5          4      14872   stm32h7xx_hal.o
       346          0          0          0          0      12256   stm32h7xx_hal_cortex.o
       398          0          0          0          0       6831   stm32h7xx_hal_gpio.o
      1960          4          0          0          0       9945   stm32h7xx_hal_rcc.o
      3124         98          0          0          0      16302   stm32h7xx_hal_rcc_ex.o
       102          0          0          0          0       8628   stm32h7xx_hal_sram.o
       388          0          0          0          0      45416   stm32h7xx_hal_tim.o
      1818         44         36          0          0      22978   stm32h7xx_hal_uart.o
        14          0          0          0          0        894   stm32h7xx_it.o
       312          0          0          0          0      10288   stm32h7xx_ll_fmc.o
       108          0         16          8          0       4618   system_stm32h7xx.o

    ----------------------------------------------------------------------
     13232        434       1568         16       6536     221797   Object Totals
         0          0         32          0          0          0   (incl. Generated)
        36          0          2          3         14          0   (incl. Padding)

    ----------------------------------------------------------------------

      Code (inc. data)   RO Data    RW Data    ZI Data      Debug   Library Member Name

         0          0          0          0          0          0   entry.o
         0          0          0          0          0          0   entry10a.o
         0          0          0          0          0          0   entry11a.o
         8          4          0          0          0          0   entry2.o
         4          0          0          0          0          0   entry5.o
         0          0          0          0          0          0   entry7b.o
         0          0          0          0          0          0   entry8b.o
         8          4          0          0          0          0   entry9a.o
        30          0          0          0          0          0   handlers.o
        36          8          0          0          0         68   init.o
        30          0          0          0          0         68   llshl.o
        32          0          0          0          0         68   llushr.o
        36          0          0          0          0        108   memseta.o
      1154         54          0          0          0        352   printf8.o
        36          6          0          0          0         80   puts.o
        36         10          0          4          0        136   rand.o
         0          0          0          4          0          0   stdout.o
        98          0          0          0          0         92   uldiv.o

    ----------------------------------------------------------------------
      1516         86          0          8          0        972   Library Totals
         8          0          0          0          0          0   (incl. Padding)

    ----------------------------------------------------------------------

      Code (inc. data)   RO Data    RW Data    ZI Data      Debug   Library Name

      1508         86          0          8          0        972   mc_w.l

    ----------------------------------------------------------------------
      1516         86          0          8          0        972   Library Totals

    ----------------------------------------------------------------------

==============================================================================


      Code (inc. data)   RO Data    RW Data    ZI Data      Debug   

     14748        520       1568         24       6536     222249   Grand Totals
     14748        520       1568         24       6536     222249   ELF Image Totals
     14748        520       1568         24          0          0   ROM Totals

==============================================================================

    Total RO  Size (Code + RO Data)                16316 (  15.93kB)
    Total RW  Size (RW Data + ZI Data)              6560 (   6.41kB)
    Total ROM Size (Code + RO Data + RW Data)      16340 (  15.96kB)

==============================================================================

