<html>
<body>
<pre>
<h1>礦ision Build Log</h1>
<h2>Tool Versions:</h2>
IDE-Version: μVision V5.37.0.0
Copyright (C) 2022 ARM Ltd and ARM Germany GmbH. All rights reserved.
License Information: CH Z, ZCH, LIC=P6F5U-SVPXB-5B3EB-2K22N-F68JR-SAQXV
 
Tool Versions:
Toolchain:       MDK-ARM Professional  Version: 5.37.0.0
Toolchain Path:  D:\Program Files (x86)\Keil_v5\ARM\ARMCLANG\Bin
C Compiler:      ArmClang.exe V6.18
Assembler:       Armasm.exe V6.18
Linker/Locator:  ArmLink.exe V6.18
Library Manager: ArmAr.exe V6.18
Hex Converter:   FromElf.exe V6.18
CPU DLL:         SARMCM3.DLL V5.37.0.0
Dialog DLL:      DCM.DLL V1.17.5.0
Target DLL:      CMSIS_AGDI.dll V1.33.12.0
Dialog DLL:      TCM.DLL V1.56.1.0
 
<h2>Project:</h2>
D:\Documents\Project\Stm32H7\DSP程序\Project\MDK-ARM(AC6)\project.uvprojx
Project File Date:  04/24/2023

<h2>Output:</h2>
*** Using Compiler 'V6.18', folder: 'D:\Program Files (x86)\Keil_v5\ARM\ARMCLANG\Bin'
Build target 'Flash'
compiling main.c...
linking...
Program Size: Code=19152 RO-data=3140 RW-data=24 ZI-data=6528  
FromELF: creating hex file...
After Build - User command #1: CopyHex_Flash.bat
D:\Documents\Project\Stm32H7\DSP程序\Project\MDK-ARM(AC6)>copy Objects\output.hex ..\output(mdkac6).hex 
已复制         1 个文件。
".\Objects\output.axf" - 0 Error(s), 0 Warning(s).

<h2>Software Packages used:</h2>

Package Vendor: Keil
                http://www.keil.com/pack/Keil.STM32H7xx_DFP.3.0.0.pack
                Keil.STM32H7xx_DFP.3.0.0
                STMicroelectronics STM32H7 Series Device Support and Examples

<h2>Collection of Component include folders:</h2>
  D:/Documents/AppData/Local/Arm/Packs/Keil/STM32H7xx_DFP/3.0.0/Drivers/CMSIS/Device/ST/STM32H7xx/Include

<h2>Collection of Component Files used:</h2>
Build Time Elapsed:  00:00:01
</pre>
</body>
</html>
