Component: Arm Compiler for Embedded 6.18 Tool: armlink [5e4cc100]

==============================================================================

Section Cross References

    main.o(.text.main) refers to bsp.o(.text.System_Init) for System_Init
    main.o(.text.main) refers to stm32h7xx_hal.o(.text.HAL_SuspendTick) for HAL_SuspendTick
    main.o(.text.main) refers to rtx_kernel.o(.text.osKernelInitialize) for osKernelInitialize
    main.o(.text.main) refers to rtx_thread.o(.text.osThreadNew) for osThreadNew
    main.o(.text.main) refers to rtx_kernel.o(.text.osKernelStart) for osKernelStart
    main.o(.text.main) refers to main.o(.text.AppTaskStart) for AppTaskStart
    main.o(.text.main) refers to main.o(.rodata.ThreadStart_Attr) for ThreadStart_Attr
    main.o(.text.main) refers to main.o(.bss.ThreadIdStart) for ThreadIdStart
    main.o(.ARM.exidx.text.main) refers to main.o(.text.main) for [Anonymous Symbol]
    main.o(.text.AppTaskStart) refers to stm32h7xx_hal.o(.text.HAL_ResumeTick) for HAL_ResumeTick
    main.o(.text.AppTaskStart) refers to bsp.o(.text.bsp_Init) for bsp_Init
    main.o(.text.AppTaskStart) refers to rtx_kernel.o(.text.osKernelGetTickCount) for osKernelGetTickCount
    main.o(.text.AppTaskStart) refers to bsp_timer.o(.text.SysTick_ISR) for SysTick_ISR
    main.o(.text.AppTaskStart) refers to rtx_delay.o(.text.osDelayUntil) for osDelayUntil
    main.o(.text.AppTaskStart) refers to main.o(.text.AppTaskMsgPro) for AppTaskMsgPro
    main.o(.text.AppTaskStart) refers to main.o(.rodata.ThreadMsgPro_Attr) for ThreadMsgPro_Attr
    main.o(.text.AppTaskStart) refers to rtx_thread.o(.text.osThreadNew) for osThreadNew
    main.o(.text.AppTaskStart) refers to main.o(.bss..L_MergedGlobals) for [Anonymous Symbol]
    main.o(.text.AppTaskStart) refers to main.o(.text.AppTaskLED) for AppTaskLED
    main.o(.text.AppTaskStart) refers to main.o(.rodata.ThreadLED_Attr) for ThreadLED_Attr
    main.o(.text.AppTaskStart) refers to main.o(.text.AppTaskUserIF) for AppTaskUserIF
    main.o(.text.AppTaskStart) refers to main.o(.rodata.ThreadUserIF_Attr) for ThreadUserIF_Attr
    main.o(.ARM.exidx.text.AppTaskStart) refers to main.o(.text.AppTaskStart) for [Anonymous Symbol]
    main.o(.text.AppTaskUserIF) refers to bsp_key.o(.text.bsp_GetKey) for bsp_GetKey
    main.o(.text.AppTaskUserIF) refers to puts.o(i.puts) for puts
    main.o(.text.AppTaskUserIF) refers to rtx_delay.o(.text.osDelay) for osDelay
    main.o(.ARM.exidx.text.AppTaskUserIF) refers to main.o(.text.AppTaskUserIF) for [Anonymous Symbol]
    main.o(.text.AppTaskLED) refers to rtx_kernel.o(.text.osKernelGetTickCount) for osKernelGetTickCount
    main.o(.text.AppTaskLED) refers to bsp_led.o(.text.bsp_LedToggle) for bsp_LedToggle
    main.o(.text.AppTaskLED) refers to rtx_delay.o(.text.osDelayUntil) for osDelayUntil
    main.o(.ARM.exidx.text.AppTaskLED) refers to main.o(.text.AppTaskLED) for [Anonymous Symbol]
    main.o(.text.AppTaskMsgPro) refers to rtx_delay.o(.text.osDelay) for osDelay
    main.o(.ARM.exidx.text.AppTaskMsgPro) refers to main.o(.text.AppTaskMsgPro) for [Anonymous Symbol]
    main.o(.rodata.ThreadStart_Attr) refers to main.o(.rodata.str1.1) for [Anonymous Symbol]
    main.o(.rodata.ThreadMsgPro_Attr) refers to main.o(.rodata.str1.1) for [Anonymous Symbol]
    main.o(.rodata.ThreadLED_Attr) refers to main.o(.rodata.str1.1) for [Anonymous Symbol]
    main.o(.rodata.ThreadUserIF_Attr) refers to main.o(.rodata.str1.1) for [Anonymous Symbol]
    bsp.o(.text.System_Init) refers to stm32h7xx_hal_cortex.o(.text.HAL_MPU_Disable) for HAL_MPU_Disable
    bsp.o(.text.System_Init) refers to stm32h7xx_hal_cortex.o(.text.HAL_MPU_ConfigRegion) for HAL_MPU_ConfigRegion
    bsp.o(.text.System_Init) refers to stm32h7xx_hal_cortex.o(.text.HAL_MPU_Enable) for HAL_MPU_Enable
    bsp.o(.text.System_Init) refers to bsp.o(.text.OUTLINED_FUNCTION_0) for OUTLINED_FUNCTION_0
    bsp.o(.text.System_Init) refers to stm32h7xx_hal.o(.text.HAL_Init) for HAL_Init
    bsp.o(.text.System_Init) refers to memseta.o(.text) for __aeabi_memclr4
    bsp.o(.text.System_Init) refers to stm32h7xx_hal_rcc.o(.text.HAL_RCC_OscConfig) for HAL_RCC_OscConfig
    bsp.o(.text.System_Init) refers to stm32h7xx_hal_rcc.o(.text.HAL_RCC_ClockConfig) for HAL_RCC_ClockConfig
    bsp.o(.text.System_Init) refers to stm32h7xx_hal.o(.text.HAL_EnableCompensationCell) for HAL_EnableCompensationCell
    bsp.o(.text.System_Init) refers to bsp.o(.text.OUTLINED_FUNCTION_1) for OUTLINED_FUNCTION_1
    bsp.o(.ARM.exidx.text.System_Init) refers to bsp.o(.text.System_Init) for [Anonymous Symbol]
    bsp.o(.text.bsp_Init) refers to bsp_dwt.o(.text.bsp_InitDWT) for bsp_InitDWT
    bsp.o(.text.bsp_Init) refers to bsp_key.o(.text.bsp_InitKey) for bsp_InitKey
    bsp.o(.text.bsp_Init) refers to bsp_uart_fifo.o(.text.bsp_InitUart) for bsp_InitUart
    bsp.o(.text.bsp_Init) refers to bsp_fmc_io.o(.text.bsp_InitExtIO) for bsp_InitExtIO
[...]
    os_idle_thread_cb                        0x24009280   Data          68  rtx_lib.o(.bss.os.thread.cb)
    [Anonymous Symbol]                       0x24009280   Section        0  rtx_lib.o(.bss.os.thread.cb)
    os_timer_thread_cb                       0x240092c4   Data          68  rtx_lib.o(.bss.os.thread.cb)
    os_idle_thread_stack                     0x24009308   Data         512  rtx_lib.o(.bss.os.thread.idle.stack)
    [Anonymous Symbol]                       0x24009308   Section        0  rtx_lib.o(.bss.os.thread.idle.stack)
    os_timer_thread_stack                    0x24009508   Data        2048  rtx_lib.o(.bss.os.thread.timer.stack)
    [Anonymous Symbol]                       0x24009508   Section        0  rtx_lib.o(.bss.os.thread.timer.stack)
    s_tBtn                                   0x24009d08   Data         160  bsp_key.o(.bss.s_tBtn)
    [Anonymous Symbol]                       0x24009d08   Section        0  bsp_key.o(.bss.s_tBtn)
    s_tKey                                   0x24009da8   Data          13  bsp_key.o(.bss.s_tKey)
    [Anonymous Symbol]                       0x24009da8   Section        0  bsp_key.o(.bss.s_tKey)
    STACK                                    0x24009db8   Section     4096  startup_stm32h743xx.o(STACK)
    FPCCR                                    0xe000ef34   Number         0  irq_armv7m.o ABSOLUTE

    Global Symbols

    Symbol Name                              Value     Ov Type        Size  Object(Section)

    BuildAttributes$$THM_ISAv4$E$P$D$K$B$S$7EM$VFPv5_D16$PE$PLD8$A:L22UL41UL21$X:L11$S22US41US21$IEEE1$IW$~IW$USESV6$~STKCKD$USESV7$~SHL$OSPACE$ROPI$EBA8$MICROLIB$REQ8$PRES8$EABIv2 0x00000000   Number         0  anon$$obj.o ABSOLUTE
    _printf_a                                0x00000000   Number         0  printfstubs.o ABSOLUTE
    _printf_c                                0x00000000   Number         0  printfstubs.o ABSOLUTE
    _printf_charcount                        0x00000000   Number         0  printfstubs.o ABSOLUTE
    _printf_d                                0x00000000   Number         0  printfstubs.o ABSOLUTE
    _printf_e                                0x00000000   Number         0  printfstubs.o ABSOLUTE
    _printf_f                                0x00000000   Number         0  printfstubs.o ABSOLUTE
    _printf_flags                            0x00000000   Number         0  printfstubs.o ABSOLUTE
    _printf_fp_dec                           0x00000000   Number         0  printfstubs.o ABSOLUTE
    _printf_fp_hex                           0x00000000   Number         0  printfstubs.o ABSOLUTE
    _printf_g                                0x00000000   Number         0  printfstubs.o ABSOLUTE
    _printf_i                                0x00000000   Number         0  printfstubs.o ABSOLUTE
    _printf_int_dec                          0x00000000   Number         0  printfstubs.o ABSOLUTE
    _printf_l                                0x00000000   Number         0  printfstubs.o ABSOLUTE
    _printf_lc                               0x00000000   Number         0  printfstubs.o ABSOLUTE
    _printf_ll                               0x00000000   Number         0  printfstubs.o ABSOLUTE
    _printf_lld                              0x00000000   Number         0  printfstubs.o ABSOLUTE
    _printf_lli                              0x00000000   Number         0  printfstubs.o ABSOLUTE
    _printf_llo                              0x00000000   Number         0  printfstubs.o ABSOLUTE
    _printf_llu                              0x00000000   Number         0  printfstubs.o ABSOLUTE
    _printf_llx                              0x00000000   Number         0  printfstubs.o ABSOLUTE
    _printf_longlong_dec                     0x00000000   Number         0  printfstubs.o ABSOLUTE
    _printf_longlong_hex                     0x00000000   Number         0  printfstubs.o ABSOLUTE
    _printf_longlong_oct                     0x00000000   Number         0  printfstubs.o ABSOLUTE
    _printf_ls                               0x00000000   Number         0  printfstubs.o ABSOLUTE
    _printf_mbtowc                           0x00000000   Number         0  printfstubs.o ABSOLUTE
    _printf_n                                0x00000000   Number         0  printfstubs.o ABSOLUTE
    _printf_o                                0x00000000   Number         0  printfstubs.o ABSOLUTE
    _printf_p                                0x00000000   Number         0  printfstubs.o ABSOLUTE
    _printf_percent                          0x00000000   Number         0  printfstubs.o ABSOLUTE
    _printf_pre_padding                      0x00000000   Number         0  printfstubs.o ABSOLUTE
    _printf_return_value                     0x00000000   Number         0  printfstubs.o ABSOLUTE
    _printf_s                                0x00000000   Number         0  printfstubs.o ABSOLUTE
    _printf_sizespec                         0x00000000   Number         0  printfstubs.o ABSOLUTE
    _printf_str                              0x00000000   Number         0  printfstubs.o ABSOLUTE
    _printf_truncate_signed                  0x00000000   Number         0  printfstubs.o ABSOLUTE
    _printf_truncate_unsigned                0x00000000   Number         0  printfstubs.o ABSOLUTE
    _printf_u                                0x00000000   Number         0  printfstubs.o ABSOLUTE
    _printf_wc                               0x00000000   Number         0  printfstubs.o ABSOLUTE
    _printf_wctomb                           0x00000000   Number         0  printfstubs.o ABSOLUTE
    _printf_widthprec                        0x00000000   Number         0  printfstubs.o ABSOLUTE
    _printf_x                                0x00000000   Number         0  printfstubs.o ABSOLUTE
    .bss.os.evflags.cb$$Base                  - Undefined Weak Reference
    .bss.os.evflags.cb$$Limit                 - Undefined Weak Reference
    .bss.os.mempool.cb$$Base                  - Undefined Weak Reference
    .bss.os.mempool.cb$$Limit                 - Undefined Weak Reference
    .bss.os.mutex.cb$$Base                    - Undefined Weak Reference
    .bss.os.mutex.cb$$Limit                   - Undefined Weak Reference
    .bss.os.semaphore.cb$$Base                - Undefined Weak Reference
    .bss.os.semaphore.cb$$Limit               - Undefined Weak Reference
    .bss.os.timer.cb$$Base                    - Undefined Weak Reference
    .bss.os.timer.cb$$Limit                   - Undefined Weak Reference
    __cpp_initialize__aeabi_                  - Undefined Weak Reference
    __cxa_finalize                            - Undefined Weak Reference
    __decompress                              - Undefined Weak Reference
    _clock_init                               - Undefined Weak Reference
    _microlib_exit                            - Undefined Weak Reference
    __Vectors_Size                           0x00000298   Number         0  startup_stm32h743xx.o ABSOLUTE
    __Vectors                                0x08000000   Data           4  startup_stm32h743xx.o(RESET)
    __Vectors_End                            0x08000298   Data           0  startup_stm32h743xx.o(RESET)
    __main                                   0x08000299   Thumb Code     0  entry.o(.ARM.Collect$$$$00000000)
    _main_stk                                0x08000299   Thumb Code     0  entry2.o(.ARM.Collect$$$$00000001)
    _main_scatterload                        0x0800029d   Thumb Code     0  entry5.o(.ARM.Collect$$$$00000004)
    __main_after_scatterload                 0x080002a1   Thumb Code     0  entry5.o(.ARM.Collect$$$$00000004)
    _main_clock                              0x080002a1   Thumb Code     0  entry7b.o(.ARM.Collect$$$$00000008)
    _main_cpp_init                           0x080002a1   Thumb Code     0  entry8b.o(.ARM.Collect$$$$0000000A)
    _main_init                               0x080002a1   Thumb Code     0  entry9a.o(.ARM.Collect$$$$0000000B)
    __rt_final_cpp                           0x080002a9   Thumb Code     0  entry10a.o(.ARM.Collect$$$$0000000D)
    __rt_final_exit                          0x080002a9   Thumb Code     0  entry11a.o(.ARM.Collect$$$$0000000F)
    Reset_Handler                            0x080002ad   Thumb Code     8  startup_stm32h743xx.o(.text)
    ADC3_IRQHandler                          0x080002c7   Thumb Code     0  startup_stm32h743xx.o(.text)
    ADC_IRQHandler                           0x080002c7   Thumb Code     0  startup_stm32h743xx.o(.text)
    BDMA_Channel0_IRQHandler                 0x080002c7   Thumb Code     0  startup_stm32h743xx.o(.text)
    BDMA_Channel1_IRQHandler                 0x080002c7   Thumb Code     0  startup_stm32h743xx.o(.text)
    BDMA_Channel2_IRQHandler                 0x080002c7   Thumb Code     0  startup_stm32h743xx.o(.text)
    BDMA_Channel3_IRQHandler                 0x080002c7   Thumb Code     0  startup_stm32h743xx.o(.text)
    BDMA_Channel4_IRQHandler                 0x080002c7   Thumb Code     0  startup_stm32h743xx.o(.text)
    BDMA_Channel5_IRQHandler                 0x080002c7   Thumb Code     0  startup_stm32h743xx.o(.text)
    BDMA_Channel6_IRQHandler                 0x080002c7   Thumb Code     0  startup_stm32h743xx.o(.text)
    BDMA_Channel7_IRQHandler                 0x080002c7   Thumb Code     0  startup_stm32h743xx.o(.text)
    CEC_IRQHandler                           0x080002c7   Thumb Code     0  startup_stm32h743xx.o(.text)
    COMP1_IRQHandler                         0x080002c7   Thumb Code     0  startup_stm32h743xx.o(.text)
    CRS_IRQHandler                           0x080002c7   Thumb Code     0  startup_stm32h743xx.o(.text)
    DCMI_IRQHandler                          0x080002c7   Thumb Code     0  startup_stm32h743xx.o(.text)
    DFSDM1_FLT0_IRQHandler                   0x080002c7   Thumb Code     0  startup_stm32h743xx.o(.text)
    DFSDM1_FLT1_IRQHandler                   0x080002c7   Thumb Code     0  startup_stm32h743xx.o(.text)
    DFSDM1_FLT2_IRQHandler                   0x080002c7   Thumb Code     0  startup_stm32h743xx.o(.text)
    DFSDM1_FLT3_IRQHandler                   0x080002c7   Thumb Code     0  startup_stm32h743xx.o(.text)
    DMA1_Stream0_IRQHandler                  0x080002c7   Thumb Code     0  startup_stm32h743xx.o(.text)
    DMA1_Stream1_IRQHandler                  0x080002c7   Thumb Code     0  startup_stm32h743xx.o(.text)
    DMA1_Stream2_IRQHandler                  0x080002c7   Thumb Code     0  startup_stm32h743xx.o(.text)
    DMA1_Stream3_IRQHandler                  0x080002c7   Thumb Code     0  startup_stm32h743xx.o(.text)
    DMA1_Stream4_IRQHandler                  0x080002c7   Thumb Code     0  startup_stm32h743xx.o(.text)
    DMA1_Stream5_IRQHandler                  0x080002c7   Thumb Code     0  startup_stm32h743xx.o(.text)
    DMA1_Stream6_IRQHandler                  0x080002c7   Thumb Code     0  startup_stm32h743xx.o(.text)
    DMA1_Stream7_IRQHandler                  0x080002c7   Thumb Code     0  startup_stm32h743xx.o(.text)
    DMA2D_IRQHandler                         0x080002c7   Thumb Code     0  startup_stm32h743xx.o(.text)
    DMA2_Stream0_IRQHandler                  0x080002c7   Thumb Code     0  startup_stm32h743xx.o(.text)
    DMA2_Stream1_IRQHandler                  0x080002c7   Thumb Code     0  startup_stm32h743xx.o(.text)
    DMA2_Stream2_IRQHandler                  0x080002c7   Thumb Code     0  startup_stm32h743xx.o(.text)
    DMA2_Stream3_IRQHandler                  0x080002c7   Thumb Code     0  startup_stm32h743xx.o(.text)
    DMA2_Stream4_IRQHandler                  0x080002c7   Thumb Code     0  startup_stm32h743xx.o(.text)
    DMA2_Stream5_IRQHandler                  0x080002c7   Thumb Code     0  startup_stm32h743xx.o(.text)
    DMA2_Stream6_IRQHandler                  0x080002c7   Thumb Code     0  startup_stm32h743xx.o(.text)
    DMA2_Stream7_IRQHandler                  0x080002c7   Thumb Code     0  startup_stm32h743xx.o(.text)
    DMAMUX1_OVR_IRQHandler                   0x080002c7   Thumb Code     0  startup_stm32h743xx.o(.text)
    DMAMUX2_OVR_IRQHandler                   0x080002c7   Thumb Code     0  startup_stm32h743xx.o(.text)
    ECC_IRQHandler                           0x080002c7   Thumb Code     0  startup_stm32h743xx.o(.text)
    ETH_IRQHandler                           0x080002c7   Thumb Code     0  startup_stm32h743xx.o(.text)
    ETH_WKUP_IRQHandler                      0x080002c7   Thumb Code     0  startup_stm32h743xx.o(.text)
    EXTI0_IRQHandler                         0x080002c7   Thumb Code     0  startup_stm32h743xx.o(.text)
    EXTI15_10_IRQHandler                     0x080002c7   Thumb Code     0  startup_stm32h743xx.o(.text)
    EXTI1_IRQHandler                         0x080002c7   Thumb Code     0  startup_stm32h743xx.o(.text)
    EXTI2_IRQHandler                         0x080002c7   Thumb Code     0  startup_stm32h743xx.o(.text)
    EXTI3_IRQHandler                         0x080002c7   Thumb Code     0  startup_stm32h743xx.o(.text)
    EXTI4_IRQHandler                         0x080002c7   Thumb Code     0  startup_stm32h743xx.o(.text)
    EXTI9_5_IRQHandler                       0x080002c7   Thumb Code     0  startup_stm32h743xx.o(.text)
    FDCAN1_IT0_IRQHandler                    0x080002c7   Thumb Code     0  startup_stm32h743xx.o(.text)
    FDCAN1_IT1_IRQHandler                    0x080002c7   Thumb Code     0  startup_stm32h743xx.o(.text)
    FDCAN2_IT0_IRQHandler                    0x080002c7   Thumb Code     0  startup_stm32h743xx.o(.text)
    FDCAN2_IT1_IRQHandler                    0x080002c7   Thumb Code     0  startup_stm32h743xx.o(.text)
    FDCAN_CAL_IRQHandler                     0x080002c7   Thumb Code     0  startup_stm32h743xx.o(.text)
    FLASH_IRQHandler                         0x080002c7   Thumb Code     0  startup_stm32h743xx.o(.text)
    FMC_IRQHandler                           0x080002c7   Thumb Code     0  startup_stm32h743xx.o(.text)
    FPU_IRQHandler                           0x080002c7   Thumb Code     0  startup_stm32h743xx.o(.text)
    HRTIM1_FLT_IRQHandler                    0x080002c7   Thumb Code     0  startup_stm32h743xx.o(.text)
    HRTIM1_Master_IRQHandler                 0x080002c7   Thumb Code     0  startup_stm32h743xx.o(.text)
    HRTIM1_TIMA_IRQHandler                   0x080002c7   Thumb Code     0  startup_stm32h743xx.o(.text)
    HRTIM1_TIMB_IRQHandler                   0x080002c7   Thumb Code     0  startup_stm32h743xx.o(.text)
    HRTIM1_TIMC_IRQHandler                   0x080002c7   Thumb Code     0  startup_stm32h743xx.o(.text)
    HRTIM1_TIMD_IRQHandler                   0x080002c7   Thumb Code     0  startup_stm32h743xx.o(.text)
    HRTIM1_TIME_IRQHandler                   0x080002c7   Thumb Code     0  startup_stm32h743xx.o(.text)
    HSEM1_IRQHandler                         0x080002c7   Thumb Code     0  startup_stm32h743xx.o(.text)
    I2C1_ER_IRQHandler                       0x080002c7   Thumb Code     0  startup_stm32h743xx.o(.text)
    I2C1_EV_IRQHandler                       0x080002c7   Thumb Code     0  startup_stm32h743xx.o(.text)
    I2C2_ER_IRQHandler                       0x080002c7   Thumb Code     0  startup_stm32h743xx.o(.text)
    I2C2_EV_IRQHandler                       0x080002c7   Thumb Code     0  startup_stm32h743xx.o(.text)
    I2C3_ER_IRQHandler                       0x080002c7   Thumb Code     0  startup_stm32h743xx.o(.text)
    I2C3_EV_IRQHandler                       0x080002c7   Thumb Code     0  startup_stm32h743xx.o(.text)
    I2C4_ER_IRQHandler                       0x080002c7   Thumb Code     0  startup_stm32h743xx.o(.text)
    I2C4_EV_IRQHandler                       0x080002c7   Thumb Code     0  startup_stm32h743xx.o(.text)
    JPEG_IRQHandler                          0x080002c7   Thumb Code     0  startup_stm32h743xx.o(.text)
    LPTIM1_IRQHandler                        0x080002c7   Thumb Code     0  startup_stm32h743xx.o(.text)
    LPTIM2_IRQHandler                        0x080002c7   Thumb Code     0  startup_stm32h743xx.o(.text)
    LPTIM3_IRQHandler                        0x080002c7   Thumb Code     0  startup_stm32h743xx.o(.text)
    LPTIM4_IRQHandler                        0x080002c7   Thumb Code     0  startup_stm32h743xx.o(.text)
    LPTIM5_IRQHandler                        0x080002c7   Thumb Code     0  startup_stm32h743xx.o(.text)
    LPUART1_IRQHandler                       0x080002c7   Thumb Code     0  startup_stm32h743xx.o(.text)
    LTDC_ER_IRQHandler                       0x080002c7   Thumb Code     0  startup_stm32h743xx.o(.text)
    LTDC_IRQHandler                          0x080002c7   Thumb Code     0  startup_stm32h743xx.o(.text)
    MDIOS_IRQHandler                         0x080002c7   Thumb Code     0  startup_stm32h743xx.o(.text)
    MDIOS_WKUP_IRQHandler                    0x080002c7   Thumb Code     0  startup_stm32h743xx.o(.text)
    MDMA_IRQHandler                          0x080002c7   Thumb Code     0  startup_stm32h743xx.o(.text)
    OTG_FS_EP1_IN_IRQHandler                 0x080002c7   Thumb Code     0  startup_stm32h743xx.o(.text)
    OTG_FS_EP1_OUT_IRQHandler                0x080002c7   Thumb Code     0  startup_stm32h743xx.o(.text)
    OTG_FS_IRQHandler                        0x080002c7   Thumb Code     0  startup_stm32h743xx.o(.text)
    OTG_FS_WKUP_IRQHandler                   0x080002c7   Thumb Code     0  startup_stm32h743xx.o(.text)
    OTG_HS_EP1_IN_IRQHandler                 0x080002c7   Thumb Code     0  startup_stm32h743xx.o(.text)
    OTG_HS_EP1_OUT_IRQHandler                0x080002c7   Thumb Code     0  startup_stm32h743xx.o(.text)
    OTG_HS_IRQHandler                        0x080002c7   Thumb Code     0  startup_stm32h743xx.o(.text)
    OTG_HS_WKUP_IRQHandler                   0x080002c7   Thumb Code     0  startup_stm32h743xx.o(.text)
    PVD_AVD_IRQHandler                       0x080002c7   Thumb Code     0  startup_stm32h743xx.o(.text)
    QUADSPI_IRQHandler                       0x080002c7   Thumb Code     0  startup_stm32h743xx.o(.text)
    RCC_IRQHandler                           0x080002c7   Thumb Code     0  startup_stm32h743xx.o(.text)
    RNG_IRQHandler                           0x080002c7   Thumb Code     0  startup_stm32h743xx.o(.text)
    RTC_Alarm_IRQHandler                     0x080002c7   Thumb Code     0  startup_stm32h743xx.o(.text)
    RTC_WKUP_IRQHandler                      0x080002c7   Thumb Code     0  startup_stm32h743xx.o(.text)
    SAI1_IRQHandler                          0x080002c7   Thumb Code     0  startup_stm32h743xx.o(.text)
    SAI2_IRQHandler                          0x080002c7   Thumb Code     0  startup_stm32h743xx.o(.text)
    SAI3_IRQHandler                          0x080002c7   Thumb Code     0  startup_stm32h743xx.o(.text)
    SAI4_IRQHandler                          0x080002c7   Thumb Code     0  startup_stm32h743xx.o(.text)
    SDMMC1_IRQHandler                        0x080002c7   Thumb Code     0  startup_stm32h743xx.o(.text)
    SDMMC2_IRQHandler                        0x080002c7   Thumb Code     0  startup_stm32h743xx.o(.text)
    SPDIF_RX_IRQHandler                      0x080002c7   Thumb Code     0  startup_stm32h743xx.o(.text)
    SPI1_IRQHandler                          0x080002c7   Thumb Code     0  startup_stm32h743xx.o(.text)
    SPI2_IRQHandler                          0x080002c7   Thumb Code     0  startup_stm32h743xx.o(.text)
    SPI3_IRQHandler                          0x080002c7   Thumb Code     0  startup_stm32h743xx.o(.text)
    SPI4_IRQHandler                          0x080002c7   Thumb Code     0  startup_stm32h743xx.o(.text)
    SPI5_IRQHandler                          0x080002c7   Thumb Code     0  startup_stm32h743xx.o(.text)
    SPI6_IRQHandler                          0x080002c7   Thumb Code     0  startup_stm32h743xx.o(.text)
    SWPMI1_IRQHandler                        0x080002c7   Thumb Code     0  startup_stm32h743xx.o(.text)
    TAMP_STAMP_IRQHandler                    0x080002c7   Thumb Code     0  startup_stm32h743xx.o(.text)
    TIM15_IRQHandler                         0x080002c7   Thumb Code     0  startup_stm32h743xx.o(.text)
    TIM16_IRQHandler                         0x080002c7   Thumb Code     0  startup_stm32h743xx.o(.text)
    TIM17_IRQHandler                         0x080002c7   Thumb Code     0  startup_stm32h743xx.o(.text)
    TIM1_BRK_IRQHandler                      0x080002c7   Thumb Code     0  startup_stm32h743xx.o(.text)
    TIM1_CC_IRQHandler                       0x080002c7   Thumb Code     0  startup_stm32h743xx.o(.text)
    TIM1_TRG_COM_IRQHandler                  0x080002c7   Thumb Code     0  startup_stm32h743xx.o(.text)
    TIM1_UP_IRQHandler                       0x080002c7   Thumb Code     0  startup_stm32h743xx.o(.text)
    TIM3_IRQHandler                          0x080002c7   Thumb Code     0  startup_stm32h743xx.o(.text)
    TIM4_IRQHandler                          0x080002c7   Thumb Code     0  startup_stm32h743xx.o(.text)
    TIM5_IRQHandler                          0x080002c7   Thumb Code     0  startup_stm32h743xx.o(.text)
    TIM6_DAC_IRQHandler                      0x080002c7   Thumb Code     0  startup_stm32h743xx.o(.text)
    TIM7_IRQHandler                          0x080002c7   Thumb Code     0  startup_stm32h743xx.o(.text)
    TIM8_BRK_TIM12_IRQHandler                0x080002c7   Thumb Code     0  startup_stm32h743xx.o(.text)
    TIM8_CC_IRQHandler                       0x080002c7   Thumb Code     0  startup_stm32h743xx.o(.text)
    TIM8_TRG_COM_TIM14_IRQHandler            0x080002c7   Thumb Code     0  startup_stm32h743xx.o(.text)
    TIM8_UP_TIM13_IRQHandler                 0x080002c7   Thumb Code     0  startup_stm32h743xx.o(.text)
    UART4_IRQHandler                         0x080002c7   Thumb Code     0  startup_stm32h743xx.o(.text)
    UART5_IRQHandler                         0x080002c7   Thumb Code     0  startup_stm32h743xx.o(.text)
    UART7_IRQHandler                         0x080002c7   Thumb Code     0  startup_stm32h743xx.o(.text)
    UART8_IRQHandler                         0x080002c7   Thumb Code     0  startup_stm32h743xx.o(.text)
    USART2_IRQHandler                        0x080002c7   Thumb Code     0  startup_stm32h743xx.o(.text)
    USART6_IRQHandler                        0x080002c7   Thumb Code     0  startup_stm32h743xx.o(.text)
    WAKEUP_PIN_IRQHandler                    0x080002c7   Thumb Code     0  startup_stm32h743xx.o(.text)
    WWDG_IRQHandler                          0x080002c7   Thumb Code     0  startup_stm32h743xx.o(.text)
    SVC_Handler                              0x080002d1   Thumb Code   210  irq_armv7m.o(.text)
    PendSV_Handler                           0x080003a3   Thumb Code    16  irq_armv7m.o(.text)
    SysTick_Handler                          0x080003b3   Thumb Code    16  irq_armv7m.o(.text)
    __aeabi_uldivmod                         0x080003d5   Thumb Code    98  uldiv.o(.text)
    __aeabi_memcpy                           0x08000437   Thumb Code    36  memcpya.o(.text)
    __aeabi_memcpy4                          0x08000437   Thumb Code     0  memcpya.o(.text)
    __aeabi_memcpy8                          0x08000437   Thumb Code     0  memcpya.o(.text)
    __aeabi_memset                           0x0800045b   Thumb Code    14  memseta.o(.text)
    __aeabi_memset4                          0x0800045b   Thumb Code     0  memseta.o(.text)
    __aeabi_memset8                          0x0800045b   Thumb Code     0  memseta.o(.text)
    __aeabi_memclr                           0x08000469   Thumb Code     4  memseta.o(.text)
    __aeabi_memclr4                          0x08000469   Thumb Code     0  memseta.o(.text)
    __aeabi_memclr8                          0x08000469   Thumb Code     0  memseta.o(.text)
    _memset$wrapper                          0x0800046d   Thumb Code    18  memseta.o(.text)
    __aeabi_llsl                             0x0800047f   Thumb Code    30  llshl.o(.text)
    _ll_shift_l                              0x0800047f   Thumb Code     0  llshl.o(.text)
    __aeabi_llsr                             0x0800049d   Thumb Code    32  llushr.o(.text)
    _ll_ushift_r                             0x0800049d   Thumb Code     0  llushr.o(.text)
    __scatterload                            0x080004bd   Thumb Code    28  init.o(.text)
    __scatterload_rt2                        0x080004bd   Thumb Code     0  init.o(.text)
    AppTaskLED                               0x080004e1   Thumb Code    24  main.o(.text.AppTaskLED)
    AppTaskMsgPro                            0x080004f9   Thumb Code     8  main.o(.text.AppTaskMsgPro)
    AppTaskStart                             0x08000501   Thumb Code    64  main.o(.text.AppTaskStart)
    AppTaskUserIF                            0x08000561   Thumb Code    24  main.o(.text.AppTaskUserIF)
    BusFault_Handler                         0x08000589   Thumb Code     2  stm32h7xx_it.o(.text.BusFault_Handler)
    ComToUart                                0x0800058d   Thumb Code    32  bsp_uart_fifo.o(.text.ComToUart)
    DebugMon_Handler                         0x080005d1   Thumb Code     2  stm32h7xx_it.o(.text.DebugMon_Handler)
    Error_Handler                            0x080005d3   Thumb Code     6  bsp.o(.text.Error_Handler)
    EvrRtxDelay                              0x080005d9   Thumb Code     2  rtx_evr.o(.text.EvrRtxDelay)
    EvrRtxDelayCompleted                     0x080005db   Thumb Code     2  rtx_evr.o(.text.EvrRtxDelayCompleted)
    EvrRtxDelayError                         0x080005dd   Thumb Code     2  rtx_evr.o(.text.EvrRtxDelayError)
    EvrRtxDelayStarted                       0x080005df   Thumb Code     2  rtx_evr.o(.text.EvrRtxDelayStarted)
    EvrRtxDelayUntil                         0x080005e1   Thumb Code     2  rtx_evr.o(.text.EvrRtxDelayUntil)
    EvrRtxDelayUntilStarted                  0x080005e3   Thumb Code     2  rtx_evr.o(.text.EvrRtxDelayUntilStarted)
    EvrRtxEventFlagsWaitTimeout              0x080005e5   Thumb Code     2  rtx_evr.o(.text.EvrRtxEventFlagsWaitTimeout)
    EvrRtxKernelError                        0x080005e7   Thumb Code     2  rtx_evr.o(.text.EvrRtxKernelError)
    EvrRtxKernelErrorNotify                  0x080005e9   Thumb Code     2  rtx_evr.o(.text.EvrRtxKernelErrorNotify)
    EvrRtxKernelGetState                     0x080005eb   Thumb Code     2  rtx_evr.o(.text.EvrRtxKernelGetState)
    EvrRtxKernelGetTickCount                 0x080005ed   Thumb Code     2  rtx_evr.o(.text.EvrRtxKernelGetTickCount)
    EvrRtxKernelInitialize                   0x080005ef   Thumb Code     2  rtx_evr.o(.text.EvrRtxKernelInitialize)
    EvrRtxKernelInitialized                  0x080005f1   Thumb Code     2  rtx_evr.o(.text.EvrRtxKernelInitialized)
    EvrRtxKernelStart                        0x080005f3   Thumb Code     2  rtx_evr.o(.text.EvrRtxKernelStart)
    EvrRtxKernelStarted                      0x080005f5   Thumb Code     2  rtx_evr.o(.text.EvrRtxKernelStarted)
    EvrRtxMemoryAlloc                        0x080005f7   Thumb Code     2  rtx_evr.o(.text.EvrRtxMemoryAlloc)
    EvrRtxMemoryBlockAlloc                   0x080005f9   Thumb Code     2  rtx_evr.o(.text.EvrRtxMemoryBlockAlloc)
    EvrRtxMemoryBlockFree                    0x080005fb   Thumb Code     2  rtx_evr.o(.text.EvrRtxMemoryBlockFree)
    EvrRtxMemoryBlockInit                    0x080005fd   Thumb Code     2  rtx_evr.o(.text.EvrRtxMemoryBlockInit)
    EvrRtxMemoryFree                         0x080005ff   Thumb Code     2  rtx_evr.o(.text.EvrRtxMemoryFree)
    EvrRtxMemoryInit                         0x08000601   Thumb Code     2  rtx_evr.o(.text.EvrRtxMemoryInit)
    EvrRtxMemoryPoolAllocTimeout             0x08000603   Thumb Code     2  rtx_evr.o(.text.EvrRtxMemoryPoolAllocTimeout)
    EvrRtxMessageQueueCreated                0x08000605   Thumb Code     2  rtx_evr.o(.text.EvrRtxMessageQueueCreated)
    EvrRtxMessageQueueError                  0x08000607   Thumb Code     2  rtx_evr.o(.text.EvrRtxMessageQueueError)
    EvrRtxMessageQueueGet                    0x08000609   Thumb Code     2  rtx_evr.o(.text.EvrRtxMessageQueueGet)
    EvrRtxMessageQueueGetPending             0x0800060b   Thumb Code     2  rtx_evr.o(.text.EvrRtxMessageQueueGetPending)
    EvrRtxMessageQueueGetTimeout             0x0800060d   Thumb Code     2  rtx_evr.o(.text.EvrRtxMessageQueueGetTimeout)
    EvrRtxMessageQueueInsertPending          0x0800060f   Thumb Code     2  rtx_evr.o(.text.EvrRtxMessageQueueInsertPending)
    EvrRtxMessageQueueInserted               0x08000611   Thumb Code     2  rtx_evr.o(.text.EvrRtxMessageQueueInserted)
    EvrRtxMessageQueueNotInserted            0x08000613   Thumb Code     2  rtx_evr.o(.text.EvrRtxMessageQueueNotInserted)
    EvrRtxMessageQueueNotRetrieved           0x08000615   Thumb Code     2  rtx_evr.o(.text.EvrRtxMessageQueueNotRetrieved)
    EvrRtxMessageQueuePut                    0x08000617   Thumb Code     2  rtx_evr.o(.text.EvrRtxMessageQueuePut)
    EvrRtxMessageQueuePutPending             0x08000619   Thumb Code     2  rtx_evr.o(.text.EvrRtxMessageQueuePutPending)
    EvrRtxMessageQueuePutTimeout             0x0800061b   Thumb Code     2  rtx_evr.o(.text.EvrRtxMessageQueuePutTimeout)
    EvrRtxMessageQueueRetrieved              0x0800061d   Thumb Code     2  rtx_evr.o(.text.EvrRtxMessageQueueRetrieved)
    EvrRtxMutexAcquireTimeout                0x0800061f   Thumb Code     2  rtx_evr.o(.text.EvrRtxMutexAcquireTimeout)
    EvrRtxMutexAcquired                      0x08000621   Thumb Code     2  rtx_evr.o(.text.EvrRtxMutexAcquired)
    EvrRtxMutexReleased                      0x08000623   Thumb Code     2  rtx_evr.o(.text.EvrRtxMutexReleased)
    EvrRtxSemaphoreAcquireTimeout            0x08000625   Thumb Code     2  rtx_evr.o(.text.EvrRtxSemaphoreAcquireTimeout)
    EvrRtxThreadBlocked                      0x08000627   Thumb Code     2  rtx_evr.o(.text.EvrRtxThreadBlocked)
    EvrRtxThreadCreated                      0x08000629   Thumb Code     2  rtx_evr.o(.text.EvrRtxThreadCreated)
    EvrRtxThreadDestroyed                    0x0800062b   Thumb Code     2  rtx_evr.o(.text.EvrRtxThreadDestroyed)
    EvrRtxThreadError                        0x0800062d   Thumb Code     2  rtx_evr.o(.text.EvrRtxThreadError)
    EvrRtxThreadExit                         0x0800062f   Thumb Code     2  rtx_evr.o(.text.EvrRtxThreadExit)
    EvrRtxThreadFlagsWaitCompleted           0x08000631   Thumb Code     2  rtx_evr.o(.text.EvrRtxThreadFlagsWaitCompleted)
    EvrRtxThreadFlagsWaitTimeout             0x08000633   Thumb Code     2  rtx_evr.o(.text.EvrRtxThreadFlagsWaitTimeout)
    EvrRtxThreadJoined                       0x08000635   Thumb Code     2  rtx_evr.o(.text.EvrRtxThreadJoined)
    EvrRtxThreadNew                          0x08000637   Thumb Code     2  rtx_evr.o(.text.EvrRtxThreadNew)
    EvrRtxThreadPreempted                    0x08000639   Thumb Code     2  rtx_evr.o(.text.EvrRtxThreadPreempted)
    EvrRtxThreadSwitched                     0x0800063b   Thumb Code     2  rtx_evr.o(.text.EvrRtxThreadSwitched)
    EvrRtxThreadUnblocked                    0x0800063d   Thumb Code     2  rtx_evr.o(.text.EvrRtxThreadUnblocked)
    EvrRtxTimerCallback                      0x0800063f   Thumb Code     2  rtx_evr.o(.text.EvrRtxTimerCallback)
    FMC_NORSRAM_Extended_Timing_Init         0x08000641   Thumb Code    52  stm32h7xx_ll_fmc.o(.text.FMC_NORSRAM_Extended_Timing_Init)
    FMC_NORSRAM_Init                         0x08000679   Thumb Code   136  stm32h7xx_ll_fmc.o(.text.FMC_NORSRAM_Init)
    FMC_NORSRAM_Timing_Init                  0x08000705   Thumb Code   104  stm32h7xx_ll_fmc.o(.text.FMC_NORSRAM_Timing_Init)
    HAL_EnableCompensationCell               0x08000771   Thumb Code     8  stm32h7xx_hal.o(.text.HAL_EnableCompensationCell)
    HAL_GPIO_Init                            0x0800077d   Thumb Code   364  stm32h7xx_hal_gpio.o(.text.HAL_GPIO_Init)
    HAL_GetREVID                             0x080008f9   Thumb Code     8  stm32h7xx_hal.o(.text.HAL_GetREVID)
    HAL_GetTick                              0x08000905   Thumb Code    64  stm32h7xx_hal_timebase_tim.o(.text.HAL_GetTick)
    HAL_Init                                 0x08000949   Thumb Code    72  stm32h7xx_hal.o(.text.HAL_Init)
    HAL_InitTick                             0x0800099d   Thumb Code     4  stm32h7xx_hal_timebase_tim.o(.text.HAL_InitTick)
    HAL_MPU_ConfigRegion                     0x080009a1   Thumb Code    72  stm32h7xx_hal_cortex.o(.text.HAL_MPU_ConfigRegion)
    HAL_MPU_Disable                          0x080009ed   Thumb Code    20  stm32h7xx_hal_cortex.o(.text.HAL_MPU_Disable)
    HAL_MPU_Enable                           0x08000a01   Thumb Code    28  stm32h7xx_hal_cortex.o(.text.HAL_MPU_Enable)
    HAL_MspInit                              0x08000a21   Thumb Code    28  stm32h7xx_hal_msp.o(.text.HAL_MspInit)
    HAL_NVIC_EnableIRQ                       0x08000a41   Thumb Code    24  stm32h7xx_hal_cortex.o(.text.HAL_NVIC_EnableIRQ)
    HAL_NVIC_SetPriority                     0x08000a5d   Thumb Code    72  stm32h7xx_hal_cortex.o(.text.HAL_NVIC_SetPriority)
    HAL_NVIC_SetPriorityGrouping             0x08000aa9   Thumb Code    24  stm32h7xx_hal_cortex.o(.text.HAL_NVIC_SetPriorityGrouping)
    HAL_RCCEx_GetD3PCLK1Freq                 0x08000ac9   Thumb Code    16  stm32h7xx_hal_rcc_ex.o(.text.HAL_RCCEx_GetD3PCLK1Freq)
    HAL_RCCEx_GetPLL2ClockFreq               0x08000ae1   Thumb Code   140  stm32h7xx_hal_rcc_ex.o(.text.HAL_RCCEx_GetPLL2ClockFreq)
    HAL_RCCEx_GetPLL3ClockFreq               0x08000b6d   Thumb Code   140  stm32h7xx_hal_rcc_ex.o(.text.HAL_RCCEx_GetPLL3ClockFreq)
    HAL_RCCEx_PeriphCLKConfig                0x08000bf9   Thumb Code  1852  stm32h7xx_hal_rcc_ex.o(.text.HAL_RCCEx_PeriphCLKConfig)
    HAL_RCC_ClockConfig                      0x08001339   Thumb Code   520  stm32h7xx_hal_rcc.o(.text.HAL_RCC_ClockConfig)
    HAL_RCC_GetHCLKFreq                      0x08001549   Thumb Code    48  stm32h7xx_hal_rcc.o(.text.HAL_RCC_GetHCLKFreq)
    HAL_RCC_GetPCLK1Freq                     0x08001585   Thumb Code    20  stm32h7xx_hal_rcc.o(.text.HAL_RCC_GetPCLK1Freq)
    HAL_RCC_GetPCLK2Freq                     0x08001599   Thumb Code    20  stm32h7xx_hal_rcc.o(.text.HAL_RCC_GetPCLK2Freq)
    HAL_RCC_GetSysClockFreq                  0x080015b5   Thumb Code   244  stm32h7xx_hal_rcc.o(.text.HAL_RCC_GetSysClockFreq)
    HAL_RCC_OscConfig                        0x080016a9   Thumb Code  1130  stm32h7xx_hal_rcc.o(.text.HAL_RCC_OscConfig)
    HAL_ResumeTick                           0x08001b15   Thumb Code     8  stm32h7xx_hal.o(.text.HAL_ResumeTick)
    HAL_SRAM_Init                            0x08001b1d   Thumb Code   100  stm32h7xx_hal_sram.o(.text.HAL_SRAM_Init)
    HAL_SRAM_MspInit                         0x08001b85   Thumb Code     2  stm32h7xx_hal_sram.o(.text.HAL_SRAM_MspInit)
    HAL_SuspendTick                          0x08001b89   Thumb Code     8  stm32h7xx_hal.o(.text.HAL_SuspendTick)
    HAL_TIM_Base_Init                        0x08001b91   Thumb Code    30  stm32h7xx_hal_tim.o(.text.HAL_TIM_Base_Init)
    HAL_TIM_Base_MspInit                     0x08001baf   Thumb Code     2  stm32h7xx_hal_tim.o(.text.HAL_TIM_Base_MspInit)
    HAL_TIM_Base_Start                       0x08001bb1   Thumb Code    48  stm32h7xx_hal_tim.o(.text.HAL_TIM_Base_Start)
    HAL_UART_Init                            0x08001be5   Thumb Code    58  stm32h7xx_hal_uart.o(.text.HAL_UART_Init)
    HAL_UART_MspInit                         0x08001c1f   Thumb Code     2  stm32h7xx_hal_uart.o(.text.HAL_UART_MspInit)
    HC574_GetPin                             0x08001c21   Thumb Code    12  bsp_fmc_io.o(.text.HC574_GetPin)
    HC574_SetPin                             0x08001c2d   Thumb Code    28  bsp_fmc_io.o(.text.HC574_SetPin)
    HardFaultHandler                         0x08001c51   Thumb Code   144  segger_hardfaulthandler.o(.text.HardFaultHandler)
    MemManage_Handler                        0x08001dad   Thumb Code     2  stm32h7xx_it.o(.text.MemManage_Handler)
    NMI_Handler                              0x08001e63   Thumb Code     2  stm32h7xx_it.o(.text.NMI_Handler)
    OS_Tick_AcknowledgeIRQ                   0x08001e65   Thumb Code     8  os_systick.o(.text.OS_Tick_AcknowledgeIRQ)
    OS_Tick_Enable                           0x08001e6d   Thumb Code    32  os_systick.o(.text.OS_Tick_Enable)
    OS_Tick_GetIRQn                          0x08001e91   Thumb Code     6  os_systick.o(.text.OS_Tick_GetIRQn)
    OS_Tick_Setup                            0x08001e99   Thumb Code    48  os_systick.o(.text.OS_Tick_Setup)
    RS485_InitTXE                            0x080023ed   Thumb Code    52  bsp_uart_fifo.o(.text.RS485_InitTXE)
    RS485_ReciveNew                          0x08002429   Thumb Code     2  bsp_uart_fifo.o(.text.RS485_ReciveNew)
    RS485_SendBefor                          0x0800242d   Thumb Code     8  bsp_uart_fifo.o(.text.RS485_SendBefor)
    RS485_SendOver                           0x08002435   Thumb Code    12  bsp_uart_fifo.o(.text.RS485_SendOver)
    SysTick_ISR                              0x08002445   Thumb Code   108  bsp_timer.o(.text.SysTick_ISR)
    SystemInit                               0x080024b1   Thumb Code   148  system_stm32h7xx.o(.text.SystemInit)
    System_Init                              0x0800256d   Thumb Code   516  bsp.o(.text.System_Init)
    TIM2_IRQHandler                          0x08002785   Thumb Code   124  bsp_timer.o(.text.TIM2_IRQHandler)
    TIM_Base_SetConfig                       0x08002809   Thumb Code   172  stm32h7xx_hal_tim.o(.text.TIM_Base_SetConfig)
    UART_AdvFeatureConfig                    0x08002981   Thumb Code   168  stm32h7xx_hal_uart.o(.text.UART_AdvFeatureConfig)
    UART_CheckIdleState                      0x08002a29   Thumb Code    86  stm32h7xx_hal_uart.o(.text.UART_CheckIdleState)
    UART_SetConfig                           0x08002a81   Thumb Code   584  stm32h7xx_hal_uart.o(.text.UART_SetConfig)
    UART_WaitOnFlagUntilTimeout              0x08002d19   Thumb Code   126  stm32h7xx_hal_uart.o(.text.UART_WaitOnFlagUntilTimeout)
    USART1_IRQHandler                        0x08002d99   Thumb Code     8  bsp_uart_fifo.o(.text.USART1_IRQHandler)
    USART3_IRQHandler                        0x08002da1   Thumb Code     8  bsp_uart_fifo.o(.text.USART3_IRQHandler)
    UsageFault_Handler                       0x08002eb1   Thumb Code     2  stm32h7xx_it.o(.text.UsageFault_Handler)
    bsp_GetKey                               0x08002eb5   Thumb Code    32  bsp_key.o(.text.bsp_GetKey)
    bsp_Init                                 0x08002ed5   Thumb Code    30  bsp.o(.text.bsp_Init)
    bsp_InitDWT                              0x08002ef5   Thumb Code    28  bsp_dwt.o(.text.bsp_InitDWT)
    bsp_InitExtIO                            0x08002f19   Thumb Code   328  bsp_fmc_io.o(.text.bsp_InitExtIO)
    bsp_InitHardTimer                        0x08003099   Thumb Code   120  bsp_timer.o(.text.bsp_InitHardTimer)
    bsp_InitKey                              0x0800311d   Thumb Code   208  bsp_key.o(.text.bsp_InitKey)
    bsp_InitLed                              0x080031f5   Thumb Code    28  bsp_led.o(.text.bsp_InitLed)
    bsp_InitTimer                            0x08003215   Thumb Code    76  bsp_timer.o(.text.bsp_InitTimer)
    bsp_InitUart                             0x08003271   Thumb Code   388  bsp_uart_fifo.o(.text.bsp_InitUart)
    bsp_KeyScan10ms                          0x08003429   Thumb Code   184  bsp_key.o(.text.bsp_KeyScan10ms)
    bsp_LedOff                               0x080034e5   Thumb Code    24  bsp_led.o(.text.bsp_LedOff)
    bsp_LedToggle                            0x080034fd   Thumb Code    44  bsp_led.o(.text.bsp_LedToggle)
    bsp_PutKey                               0x0800352d   Thumb Code    24  bsp_key.o(.text.bsp_PutKey)
    bsp_RunPer10ms                           0x08003549   Thumb Code     4  bsp.o(.text.bsp_RunPer10ms)
    bsp_RunPer1ms                            0x0800354d   Thumb Code     2  bsp.o(.text.bsp_RunPer1ms)
    bsp_SetUartParam                         0x08003551   Thumb Code    72  bsp_uart_fifo.o(.text.bsp_SetUartParam)
    comSendBuf                               0x0800359d   Thumb Code   142  bsp_uart_fifo.o(.text.comSendBuf)
    comSendChar                              0x0800362b   Thumb Code    18  bsp_uart_fifo.o(.text.comSendChar)
    fputc                                    0x0800363d   Thumb Code    16  bsp_uart_fifo.o(.text.fputc)
    main                                     0x0800364d   Thumb Code    32  main.o(.text.main)
    osDelay                                  0x08003679   Thumb Code    52  rtx_delay.o(.text.osDelay)
    osDelayUntil                             0x080036b1   Thumb Code    52  rtx_delay.o(.text.osDelayUntil)
    osKernelGetState                         0x080036e9   Thumb Code    40  rtx_kernel.o(.text.osKernelGetState)
    osKernelGetTickCount                     0x08003715   Thumb Code    32  rtx_kernel.o(.text.osKernelGetTickCount)
    osKernelInitialize                       0x08003739   Thumb Code    44  rtx_kernel.o(.text.osKernelInitialize)
    osKernelStart                            0x08003769   Thumb Code    40  rtx_kernel.o(.text.osKernelStart)
    osMessageQueueGet                        0x08003795   Thumb Code   140  rtx_msgqueue.o(.text.osMessageQueueGet)
    osMessageQueuePut                        0x08003825   Thumb Code   136  rtx_msgqueue.o(.text.osMessageQueuePut)
    osRtxErrorNotify                         0x080038b1   Thumb Code     2  rtx_config.o(.text.osRtxErrorNotify)
    osRtxIdleThread                          0x080038b3   Thumb Code     2  rtx_config.o(.text.osRtxIdleThread)
    osRtxKernelErrorNotify                   0x080038b5   Thumb Code    22  rtx_kernel.o(.text.osRtxKernelErrorNotify)
    osRtxKernelPreInit                       0x080038cb   Thumb Code     2  rtx_kernel.o(.text.osRtxKernelPreInit)
    osRtxMemoryAlloc                         0x080038cd   Thumb Code   124  rtx_memory.o(.text.osRtxMemoryAlloc)
    osRtxMemoryFree                          0x08003949   Thumb Code    76  rtx_memory.o(.text.osRtxMemoryFree)
    osRtxMemoryInit                          0x08003995   Thumb Code    62  rtx_memory.o(.text.osRtxMemoryInit)
    osRtxMemoryPoolAlloc                     0x080039d3   Thumb Code    68  rtx_mempool.o(.text.osRtxMemoryPoolAlloc)
    osRtxMemoryPoolFree                      0x08003a17   Thumb Code    86  rtx_mempool.o(.text.osRtxMemoryPoolFree)
    osRtxMemoryPoolInit                      0x08003a6d   Thumb Code    74  rtx_mempool.o(.text.osRtxMemoryPoolInit)
    osRtxMessageQueueTimerSetup              0x08003b95   Thumb Code    32  rtx_msgqueue.o(.text.osRtxMessageQueueTimerSetup)
    osRtxMutexOwnerRelease                   0x08003bb9   Thumb Code    88  rtx_mutex.o(.text.osRtxMutexOwnerRelease)
    osRtxMutexOwnerRestore                   0x08003c11   Thumb Code    72  rtx_mutex.o(.text.osRtxMutexOwnerRestore)
    osRtxPendSV_Handler                      0x08003c59   Thumb Code   136  rtx_system.o(.text.osRtxPendSV_Handler)
    osRtxPostProcess                         0x08003ce1   Thumb Code   108  rtx_system.o(.text.osRtxPostProcess)
    osRtxThreadDelayTick                     0x08003e45   Thumb Code   188  rtx_thread.o(.text.osRtxThreadDelayTick)
    osRtxThreadDispatch                      0x08003f35   Thumb Code    84  rtx_thread.o(.text.osRtxThreadDispatch)
    osRtxThreadListGet                       0x08004005   Thumb Code    18  rtx_thread.o(.text.osRtxThreadListGet)
    osRtxThreadListPut                       0x08004017   Thumb Code    44  rtx_thread.o(.text.osRtxThreadListPut)
    osRtxThreadListRemove                    0x08004043   Thumb Code    20  rtx_thread.o(.text.osRtxThreadListRemove)
    osRtxThreadListSort                      0x08004063   Thumb Code    38  rtx_thread.o(.text.osRtxThreadListSort)
    osRtxThreadReadyPut                      0x080040b9   Thumb Code    16  rtx_thread.o(.text.osRtxThreadReadyPut)
    osRtxThreadRegPtr                        0x080040cd   Thumb Code    20  rtx_thread.o(.text.osRtxThreadRegPtr)
    osRtxThreadStackCheck                    0x080040e1   Thumb Code    24  rtx_thread.o(.text.osRtxThreadStackCheck)
    osRtxThreadStartup                       0x080040fd   Thumb Code    48  rtx_thread.o(.text.osRtxThreadStartup)
    osRtxThreadSwitch                        0x08004131   Thumb Code    12  rtx_thread.o(.text.osRtxThreadSwitch)
    osRtxThreadWaitEnter                     0x08004141   Thumb Code    64  rtx_thread.o(.text.osRtxThreadWaitEnter)
    osRtxThreadWaitExit                      0x08004185   Thumb Code    54  rtx_thread.o(.text.osRtxThreadWaitExit)
    osRtxTick_Handler                        0x080041bd   Thumb Code   120  rtx_system.o(.text.osRtxTick_Handler)
    osRtxTimerSetup                          0x08004239   Thumb Code    24  rtx_timer.o(.text.osRtxTimerSetup)
    osRtxTimerThread                         0x08004255   Thumb Code    40  rtx_timer.o(.text.osRtxTimerThread)
    osThreadExit                             0x080042ed   Thumb Code    24  rtx_thread.o(.text.osThreadExit)
    osThreadNew                              0x08004309   Thumb Code    64  rtx_thread.o(.text.osThreadNew)
    HardFault_Handler                        0x08004af1   Thumb Code     0  hardfaulthandler.o(OSKERNEL)
    __scatterload_copy                       0x08004b03   Thumb Code    14  handlers.o(i.__scatterload_copy)
    __scatterload_null                       0x08004b11   Thumb Code     2  handlers.o(i.__scatterload_null)
    __scatterload_zeroinit                   0x08004b13   Thumb Code    14  handlers.o(i.__scatterload_zeroinit)
    puts                                     0x08004b21   Thumb Code    30  puts.o(i.puts)
    osRtxConfig                              0x08004b44   Data         112  rtx_lib.o(.rodata)
    os_cb_sections                           0x08004bb4   Data          56  rtx_lib.o(.rodata)
    D1CorePrescTable                         0x08004bf8   Data          16  system_stm32h7xx.o(.rodata.D1CorePrescTable)
    ThreadLED_Attr                           0x08004c08   Data          36  main.o(.rodata.ThreadLED_Attr)
    ThreadMsgPro_Attr                        0x08004c2c   Data          36  main.o(.rodata.ThreadMsgPro_Attr)
    ThreadStart_Attr                         0x08004c50   Data          36  main.o(.rodata.ThreadStart_Attr)
    ThreadUserIF_Attr                        0x08004c74   Data          36  main.o(.rodata.ThreadUserIF_Attr)
    UARTPrescTable                           0x08004c98   Data          24  stm32h7xx_hal_uart.o(.rodata.UARTPrescTable)
    osRtxUserSVC                             0x08004cc0   Data           4  rtx_lib.o(.rodata.osRtxUserSVC)
    Region$$Table$$Base                      0x08004df8   Number         0  anon$$obj.o(Region$$Table)
    Region$$Table$$Limit                     0x08004e18   Number         0  anon$$obj.o(Region$$Table)
    __stdout                                 0x24000000   Data           4  stdout.o(.data)
    uwTickFreq                               0x24000004   Data           1  stm32h7xx_hal.o(.data..L_MergedGlobals)
    uwTickPrio                               0x24000008   Data           4  stm32h7xx_hal.o(.data..L_MergedGlobals)
    SystemCoreClock                          0x2400000c   Data           4  system_stm32h7xx.o(.data..L_MergedGlobals)
    SystemD2Clock                            0x24000010   Data           4  system_stm32h7xx.o(.data..L_MergedGlobals)
    osRtxInfo                                0x24000014   Data         164  rtx_kernel.o(.data.os)
    ThreadIdTaskUserIF                       0x240000b8   Data           4  main.o(.bss..L_MergedGlobals)
    ThreadIdTaskMsgPro                       0x240000bc   Data           4  main.o(.bss..L_MergedGlobals)
    ThreadIdTaskLED                          0x240000c0   Data           4  main.o(.bss..L_MergedGlobals)
    g_iRunTime                               0x240000c8   Data           4  bsp_timer.o(.bss..L_MergedGlobals)
    ThreadIdStart                            0x240001b0   Data           4  main.o(.bss.ThreadIdStart)
    g_HC574                                  0x240001b4   Data           4  bsp_fmc_io.o(.bss.g_HC574)
    .bss.os.msgqueue.cb$$Base                0x240091fc   Number         0  rtx_lib.o(.bss.os.msgqueue.cb)
    .bss.os.msgqueue.cb$$Limit               0x24009230   Number         0  rtx_lib.o(.bss.os.msgqueue.cb)
    .bss.os.thread.cb$$Base                  0x24009280   Number         0  rtx_lib.o(.bss.os.thread.cb)
    .bss.os.thread.cb$$Limit                 0x24009308   Number         0  rtx_lib.o(.bss.os.thread.cb)
    __initial_sp                             0x2400adb8   Data           0  startup_stm32h743xx.o(STACK)



==============================================================================

Memory Map of the image

  Image Entry point : 0x08000299

  Load Region LR_IROM1 (Base: 0x08000000, Size: 0x00004ed0, Max: 0x00200000, ABSOLUTE)

    Execution Region ER_IROM1 (Exec base: 0x08000000, Load base: 0x08000000, Size: 0x00004e18, Max: 0x00200000, ABSOLUTE)

    Exec Addr    Load Addr    Size         Type   Attr      Idx    E Section Name        Object

    0x08000000   0x08000000   0x00000298   Data   RO          323    RESET               startup_stm32h743xx.o
    0x08000298   0x08000298   0x00000000   Code   RO         2811  * .ARM.Collect$$$$00000000  mc_w.l(entry.o)
    0x08000298   0x08000298   0x00000004   Code   RO         3089    .ARM.Collect$$$$00000001  mc_w.l(entry2.o)
    0x0800029c   0x0800029c   0x00000004   Code   RO         3092    .ARM.Collect$$$$00000004  mc_w.l(entry5.o)
    0x080002a0   0x080002a0   0x00000000   Code   RO         3094    .ARM.Collect$$$$00000008  mc_w.l(entry7b.o)
    0x080002a0   0x080002a0   0x00000000   Code   RO         3096    .ARM.Collect$$$$0000000A  mc_w.l(entry8b.o)
    0x080002a0   0x080002a0   0x00000008   Code   RO         3097    .ARM.Collect$$$$0000000B  mc_w.l(entry9a.o)
    0x080002a8   0x080002a8   0x00000000   Code   RO         3099    .ARM.Collect$$$$0000000D  mc_w.l(entry10a.o)
    0x080002a8   0x080002a8   0x00000000   Code   RO         3101    .ARM.Collect$$$$0000000F  mc_w.l(entry11a.o)
    0x080002a8   0x080002a8   0x00000004   Code   RO         3090    .ARM.Collect$$$$00002712  mc_w.l(entry2.o)
    0x080002ac   0x080002ac   0x00000024   Code   RO          324    .text               startup_stm32h743xx.o
    0x080002d0   0x080002d0   0x00000104   Code   RO         1803    .text               irq_armv7m.o
    0x080003d4   0x080003d4   0x00000062   Code   RO         2818    .text               mc_w.l(uldiv.o)
    0x08000436   0x08000436   0x00000024   Code   RO         2820    .text               mc_w.l(memcpya.o)
    0x0800045a   0x0800045a   0x00000024   Code   RO         2822    .text               mc_w.l(memseta.o)
    0x0800047e   0x0800047e   0x0000001e   Code   RO         3115    .text               mc_w.l(llshl.o)
    0x0800049c   0x0800049c   0x00000020   Code   RO         3117    .text               mc_w.l(llushr.o)
    0x080004bc   0x080004bc   0x00000024   Code   RO         3130    .text               mc_w.l(init.o)
    0x080004e0   0x080004e0   0x00000018   Code   RO            8    .text.AppTaskLED    main.o
    0x080004f8   0x080004f8   0x00000008   Code   RO           10    .text.AppTaskMsgPro  main.o
    0x08000500   0x08000500   0x00000060   Code   RO            4    .text.AppTaskStart  main.o
    0x08000560   0x08000560   0x00000028   Code   RO            6    .text.AppTaskUserIF  main.o
    0x08000588   0x08000588   0x00000002   Code   RO          268    .text.BusFault_Handler  stm32h7xx_it.o
    0x0800058a   0x0800058a   0x00000002   PAD
    0x0800058c   0x0800058c   0x00000044   Code   RO          202    .text.ComToUart     bsp_uart_fifo.o
    0x080005d0   0x080005d0   0x00000002   Code   RO          272    .text.DebugMon_Handler  stm32h7xx_it.o
    0x080005d2   0x080005d2   0x00000006   Code   RO           32    .text.Error_Handler  bsp.o
    0x080005d8   0x080005d8   0x00000002   Code   RO         2011    .text.EvrRtxDelay   rtx_evr.o
    0x080005da   0x080005da   0x00000002   Code   RO         2019    .text.EvrRtxDelayCompleted  rtx_evr.o
    0x080005dc   0x080005dc   0x00000002   Code   RO         2009    .text.EvrRtxDelayError  rtx_evr.o
    0x080005de   0x080005de   0x00000002   Code   RO         2015    .text.EvrRtxDelayStarted  rtx_evr.o
    0x080005e0   0x080005e0   0x00000002   Code   RO         2013    .text.EvrRtxDelayUntil  rtx_evr.o
    0x080005e2   0x080005e2   0x00000002   Code   RO         2017    .text.EvrRtxDelayUntilStarted  rtx_evr.o
    0x080005e4   0x080005e4   0x00000002   Code   RO         2067    .text.EvrRtxEventFlagsWaitTimeout  rtx_evr.o
    0x080005e6   0x080005e6   0x00000002   Code   RO         1881    .text.EvrRtxKernelError  rtx_evr.o
    0x080005e8   0x080005e8   0x00000002   Code   RO         1925    .text.EvrRtxKernelErrorNotify  rtx_evr.o
    0x080005ea   0x080005ea   0x00000002   Code   RO         1891    .text.EvrRtxKernelGetState  rtx_evr.o
    0x080005ec   0x080005ec   0x00000002   Code   RO         1917    .text.EvrRtxKernelGetTickCount  rtx_evr.o
    0x080005ee   0x080005ee   0x00000002   Code   RO         1883    .text.EvrRtxKernelInitialize  rtx_evr.o
    0x080005f0   0x080005f0   0x00000002   Code   RO         1885    .text.EvrRtxKernelInitialized  rtx_evr.o
    0x080005f2   0x080005f2   0x00000002   Code   RO         1893    .text.EvrRtxKernelStart  rtx_evr.o
    0x080005f4   0x080005f4   0x00000002   Code   RO         1895    .text.EvrRtxKernelStarted  rtx_evr.o
    0x080005f6   0x080005f6   0x00000002   Code   RO         1871    .text.EvrRtxMemoryAlloc  rtx_evr.o
    0x080005f8   0x080005f8   0x00000002   Code   RO         1877    .text.EvrRtxMemoryBlockAlloc  rtx_evr.o
    0x080005fa   0x080005fa   0x00000002   Code   RO         1879    .text.EvrRtxMemoryBlockFree  rtx_evr.o
    0x080005fc   0x080005fc   0x00000002   Code   RO         1875    .text.EvrRtxMemoryBlockInit  rtx_evr.o
    0x080005fe   0x080005fe   0x00000002   Code   RO         1873    .text.EvrRtxMemoryFree  rtx_evr.o
    0x08000600   0x08000600   0x00000002   Code   RO         1869    .text.EvrRtxMemoryInit  rtx_evr.o
    0x08000602   0x08000602   0x00000002   Code   RO         2145    .text.EvrRtxMemoryPoolAllocTimeout  rtx_evr.o
    0x08000604   0x08000604   0x00000002   Code   RO         2173    .text.EvrRtxMessageQueueCreated  rtx_evr.o
    0x08000606   0x08000606   0x00000002   Code   RO         2169    .text.EvrRtxMessageQueueError  rtx_evr.o
    0x08000608   0x08000608   0x00000002   Code   RO         2189    .text.EvrRtxMessageQueueGet  rtx_evr.o
    0x0800060a   0x0800060a   0x00000002   Code   RO         2191    .text.EvrRtxMessageQueueGetPending  rtx_evr.o
    0x0800060c   0x0800060c   0x00000002   Code   RO         2193    .text.EvrRtxMessageQueueGetTimeout  rtx_evr.o
    0x0800060e   0x0800060e   0x00000002   Code   RO         2183    .text.EvrRtxMessageQueueInsertPending  rtx_evr.o
    0x08000610   0x08000610   0x00000002   Code   RO         2185    .text.EvrRtxMessageQueueInserted  rtx_evr.o
    0x08000612   0x08000612   0x00000002   Code   RO         2187    .text.EvrRtxMessageQueueNotInserted  rtx_evr.o
    0x08000614   0x08000614   0x00000002   Code   RO         2197    .text.EvrRtxMessageQueueNotRetrieved  rtx_evr.o
    0x08000616   0x08000616   0x00000002   Code   RO         2177    .text.EvrRtxMessageQueuePut  rtx_evr.o
    0x08000618   0x08000618   0x00000002   Code   RO         2179    .text.EvrRtxMessageQueuePutPending  rtx_evr.o
    0x0800061a   0x0800061a   0x00000002   Code   RO         2181    .text.EvrRtxMessageQueuePutTimeout  rtx_evr.o
    0x0800061c   0x0800061c   0x00000002   Code   RO         2195    .text.EvrRtxMessageQueueRetrieved  rtx_evr.o
    0x0800061e   0x0800061e   0x00000002   Code   RO         2089    .text.EvrRtxMutexAcquireTimeout  rtx_evr.o
    0x08000620   0x08000620   0x00000002   Code   RO         2091    .text.EvrRtxMutexAcquired  rtx_evr.o
    0x08000622   0x08000622   0x00000002   Code   RO         2097    .text.EvrRtxMutexReleased  rtx_evr.o
    0x08000624   0x08000624   0x00000002   Code   RO         2117    .text.EvrRtxSemaphoreAcquireTimeout  rtx_evr.o
    0x08000626   0x08000626   0x00000002   Code   RO         1969    .text.EvrRtxThreadBlocked  rtx_evr.o
    0x08000628   0x08000628   0x00000002   Code   RO         1931    .text.EvrRtxThreadCreated  rtx_evr.o
    0x0800062a   0x0800062a   0x00000002   Code   RO         1981    .text.EvrRtxThreadDestroyed  rtx_evr.o
    0x0800062c   0x0800062c   0x00000002   Code   RO         1927    .text.EvrRtxThreadError  rtx_evr.o
    0x0800062e   0x0800062e   0x00000002   Code   RO         1977    .text.EvrRtxThreadExit  rtx_evr.o
    0x08000630   0x08000630   0x00000002   Code   RO         2005    .text.EvrRtxThreadFlagsWaitCompleted  rtx_evr.o
    0x08000632   0x08000632   0x00000002   Code   RO         2003    .text.EvrRtxThreadFlagsWaitTimeout  rtx_evr.o
    0x08000634   0x08000634   0x00000002   Code   RO         1967    .text.EvrRtxThreadJoined  rtx_evr.o
    0x08000636   0x08000636   0x00000002   Code   RO         1929    .text.EvrRtxThreadNew  rtx_evr.o
    0x08000638   0x08000638   0x00000002   Code   RO         1973    .text.EvrRtxThreadPreempted  rtx_evr.o
    0x0800063a   0x0800063a   0x00000002   Code   RO         1975    .text.EvrRtxThreadSwitched  rtx_evr.o
    0x0800063c   0x0800063c   0x00000002   Code   RO         1971    .text.EvrRtxThreadUnblocked  rtx_evr.o
    0x0800063e   0x0800063e   0x00000002   Code   RO         2023    .text.EvrRtxTimerCallback  rtx_evr.o
    0x08000640   0x08000640   0x00000038   Code   RO         1365    .text.FMC_NORSRAM_Extended_Timing_Init  stm32h7xx_ll_fmc.o
    0x08000678   0x08000678   0x0000008c   Code   RO         1359    .text.FMC_NORSRAM_Init  stm32h7xx_ll_fmc.o
    0x08000704   0x08000704   0x0000006c   Code   RO         1363    .text.FMC_NORSRAM_Timing_Init  stm32h7xx_ll_fmc.o
    0x08000770   0x08000770   0x0000000c   Code   RO          389    .text.HAL_EnableCompensationCell  stm32h7xx_hal.o
    0x0800077c   0x0800077c   0x0000017c   Code   RO          557    .text.HAL_GPIO_Init  stm32h7xx_hal_gpio.o
    0x080008f8   0x080008f8   0x0000000c   Code   RO          359    .text.HAL_GetREVID  stm32h7xx_hal.o
    0x08000904   0x08000904   0x00000044   Code   RO          311    .text.HAL_GetTick   stm32h7xx_hal_timebase_tim.o
    0x08000948   0x08000948   0x00000054   Code   RO          331    .text.HAL_Init      stm32h7xx_hal.o
    0x0800099c   0x0800099c   0x00000004   Code   RO          309    .text.HAL_InitTick  stm32h7xx_hal_timebase_tim.o
    0x080009a0   0x080009a0   0x0000004c   Code   RO          477    .text.HAL_MPU_ConfigRegion  stm32h7xx_hal_cortex.o
    0x080009ec   0x080009ec   0x00000014   Code   RO          473    .text.HAL_MPU_Disable  stm32h7xx_hal_cortex.o
    0x08000a00   0x08000a00   0x00000020   Code   RO          475    .text.HAL_MPU_Enable  stm32h7xx_hal_cortex.o
    0x08000a20   0x08000a20   0x00000020   Code   RO         2804    .text.HAL_MspInit   stm32h7xx_hal_msp.o
    0x08000a40   0x08000a40   0x0000001c   Code   RO          463    .text.HAL_NVIC_EnableIRQ  stm32h7xx_hal_cortex.o
    0x08000a5c   0x08000a5c   0x0000004c   Code   RO          461    .text.HAL_NVIC_SetPriority  stm32h7xx_hal_cortex.o
    0x08000aa8   0x08000aa8   0x00000020   Code   RO          459    .text.HAL_NVIC_SetPriorityGrouping  stm32h7xx_hal_cortex.o
    0x08000ac8   0x08000ac8   0x00000018   Code   RO          597    .text.HAL_RCCEx_GetD3PCLK1Freq  stm32h7xx_hal_rcc_ex.o
    0x08000ae0   0x08000ae0   0x0000008c   Code   RO          593    .text.HAL_RCCEx_GetPLL2ClockFreq  stm32h7xx_hal_rcc_ex.o
    0x08000b6c   0x08000b6c   0x0000008c   Code   RO          595    .text.HAL_RCCEx_GetPLL3ClockFreq  stm32h7xx_hal_rcc_ex.o
    0x08000bf8   0x08000bf8   0x00000740   Code   RO          581    .text.HAL_RCCEx_PeriphCLKConfig  stm32h7xx_hal_rcc_ex.o
    0x08001338   0x08001338   0x00000210   Code   RO          513    .text.HAL_RCC_ClockConfig  stm32h7xx_hal_rcc.o
    0x08001548   0x08001548   0x0000003c   Code   RO          523    .text.HAL_RCC_GetHCLKFreq  stm32h7xx_hal_rcc.o
    0x08001584   0x08001584   0x00000014   Code   RO          525    .text.HAL_RCC_GetPCLK1Freq  stm32h7xx_hal_rcc.o
    0x08001598   0x08001598   0x0000001c   Code   RO          527    .text.HAL_RCC_GetPCLK2Freq  stm32h7xx_hal_rcc.o
    0x080015b4   0x080015b4   0x000000f4   Code   RO          515    .text.HAL_RCC_GetSysClockFreq  stm32h7xx_hal_rcc.o
    0x080016a8   0x080016a8   0x0000046a   Code   RO          511    .text.HAL_RCC_OscConfig  stm32h7xx_hal_rcc.o
    0x08001b12   0x08001b12   0x00000002   PAD
    0x08001b14   0x08001b14   0x00000008   Code   RO          355    .text.HAL_ResumeTick  stm32h7xx_hal.o
    0x08001b1c   0x08001b1c   0x00000068   Code   RO         1667    .text.HAL_SRAM_Init  stm32h7xx_hal_sram.o
    0x08001b84   0x08001b84   0x00000002   Code   RO         1669    .text.HAL_SRAM_MspInit  stm32h7xx_hal_sram.o
    0x08001b86   0x08001b86   0x00000002   PAD
    0x08001b88   0x08001b88   0x00000008   Code   RO          353    .text.HAL_SuspendTick  stm32h7xx_hal.o
    0x08001b90   0x08001b90   0x0000001e   Code   RO          781    .text.HAL_TIM_Base_Init  stm32h7xx_hal_tim.o
    0x08001bae   0x08001bae   0x00000002   Code   RO          783    .text.HAL_TIM_Base_MspInit  stm32h7xx_hal_tim.o
    0x08001bb0   0x08001bb0   0x00000034   Code   RO          791    .text.HAL_TIM_Base_Start  stm32h7xx_hal_tim.o
    0x08001be4   0x08001be4   0x0000003a   Code   RO         1417    .text.HAL_UART_Init  stm32h7xx_hal_uart.o
    0x08001c1e   0x08001c1e   0x00000002   Code   RO         1419    .text.HAL_UART_MspInit  stm32h7xx_hal_uart.o
    0x08001c20   0x08001c20   0x0000000c   Code   RO          185    .text.HC574_GetPin  bsp_fmc_io.o
    0x08001c2c   0x08001c2c   0x00000024   Code   RO          181    .text.HC574_SetPin  bsp_fmc_io.o
    0x08001c50   0x08001c50   0x000000c8   Code   RO         1794    .text.HardFaultHandler  segger_hardfaulthandler.o
    0x08001d18   0x08001d18   0x00000070   Code   RO           97    .text.IsKeyDownFunc  bsp_key.o
    0x08001d88   0x08001d88   0x00000024   Code   RO           99    .text.KeyPinActive  bsp_key.o
    0x08001dac   0x08001dac   0x00000002   Code   RO          266    .text.MemManage_Handler  stm32h7xx_it.o
    0x08001dae   0x08001dae   0x00000040   Code   RO         2430    .text.MessageQueueGet  rtx_msgqueue.o
    0x08001dee   0x08001dee   0x00000058   Code   RO         2424    .text.MessageQueuePut  rtx_msgqueue.o
    0x08001e46   0x08001e46   0x0000001c   Code   RO         2422    .text.MessageQueueRemove  rtx_msgqueue.o
    0x08001e62   0x08001e62   0x00000002   Code   RO          264    .text.NMI_Handler   stm32h7xx_it.o
    0x08001e64   0x08001e64   0x00000008   Code   RO         2772    .text.OS_Tick_AcknowledgeIRQ  os_systick.o
    0x08001e6c   0x08001e6c   0x00000024   Code   RO         2768    .text.OS_Tick_Enable  os_systick.o
    0x08001e90   0x08001e90   0x00000006   Code   RO         2774    .text.OS_Tick_GetIRQn  os_systick.o
    0x08001e96   0x08001e96   0x00000002   PAD
    0x08001e98   0x08001e98   0x00000040   Code   RO         2766    .text.OS_Tick_Setup  os_systick.o
    0x08001ed8   0x08001ed8   0x0000000a   Code   RO           40    .text.OUTLINED_FUNCTION_0  bsp.o
    0x08001ee2   0x08001ee2   0x00000010   Code   RO          101    .text.OUTLINED_FUNCTION_0  bsp_key.o
    0x08001ef2   0x08001ef2   0x0000000a   Code   RO          142    .text.OUTLINED_FUNCTION_0  bsp_timer.o
    0x08001efc   0x08001efc   0x00000018   Code   RO          244    .text.OUTLINED_FUNCTION_0  bsp_uart_fifo.o
    0x08001f14   0x08001f14   0x00000006   Code   RO          537    .text.OUTLINED_FUNCTION_0  stm32h7xx_hal_rcc.o
    0x08001f1a   0x08001f1a   0x0000002e   Code   RO          637    .text.OUTLINED_FUNCTION_0  stm32h7xx_hal_rcc_ex.o
    0x08001f48   0x08001f48   0x00000016   Code   RO         1549    .text.OUTLINED_FUNCTION_0  stm32h7xx_hal_uart.o
    0x08001f5e   0x08001f5e   0x0000000c   Code   RO         2280    .text.OUTLINED_FUNCTION_0  rtx_kernel.o
    0x08001f6a   0x08001f6a   0x0000000e   Code   RO         2438    .text.OUTLINED_FUNCTION_0  rtx_msgqueue.o
    0x08001f78   0x08001f78   0x0000000a   Code   RO           42    .text.OUTLINED_FUNCTION_1  bsp.o
    0x08001f82   0x08001f82   0x00000006   Code   RO          103    .text.OUTLINED_FUNCTION_1  bsp_key.o
    0x08001f88   0x08001f88   0x00000014   Code   RO          246    .text.OUTLINED_FUNCTION_1  bsp_uart_fifo.o
    0x08001f9c   0x08001f9c   0x00000010   Code   RO          539    .text.OUTLINED_FUNCTION_1  stm32h7xx_hal_rcc.o
    0x08001fac   0x08001fac   0x00000010   Code   RO          639    .text.OUTLINED_FUNCTION_1  stm32h7xx_hal_rcc_ex.o
    0x08001fbc   0x08001fbc   0x00000036   Code   RO         1019    .text.OUTLINED_FUNCTION_1  stm32h7xx_hal_tim.o
    0x08001ff2   0x08001ff2   0x0000000c   Code   RO         2282    .text.OUTLINED_FUNCTION_1  rtx_kernel.o
    0x08001ffe   0x08001ffe   0x0000000e   Code   RO         2440    .text.OUTLINED_FUNCTION_1  rtx_msgqueue.o
    0x0800200c   0x0800200c   0x0000000a   Code   RO          657    .text.OUTLINED_FUNCTION_10  stm32h7xx_hal_rcc_ex.o
    0x08002016   0x08002016   0x00000008   Code   RO          659    .text.OUTLINED_FUNCTION_11  stm32h7xx_hal_rcc_ex.o
    0x0800201e   0x0800201e   0x0000000a   Code   RO          661    .text.OUTLINED_FUNCTION_12  stm32h7xx_hal_rcc_ex.o
    0x08002028   0x08002028   0x0000000a   Code   RO          663    .text.OUTLINED_FUNCTION_13  stm32h7xx_hal_rcc_ex.o
    0x08002032   0x08002032   0x00000010   Code   RO          665    .text.OUTLINED_FUNCTION_14  stm32h7xx_hal_rcc_ex.o
    0x08002042   0x08002042   0x00000008   Code   RO          667    .text.OUTLINED_FUNCTION_15  stm32h7xx_hal_rcc_ex.o
    0x0800204a   0x0800204a   0x00000008   Code   RO          669    .text.OUTLINED_FUNCTION_16  stm32h7xx_hal_rcc_ex.o
    0x08002052   0x08002052   0x0000000a   Code   RO          671    .text.OUTLINED_FUNCTION_17  stm32h7xx_hal_rcc_ex.o
    0x0800205c   0x0800205c   0x00000006   Code   RO          673    .text.OUTLINED_FUNCTION_18  stm32h7xx_hal_rcc_ex.o
    0x08002062   0x08002062   0x0000000a   Code   RO          675    .text.OUTLINED_FUNCTION_19  stm32h7xx_hal_rcc_ex.o
    0x0800206c   0x0800206c   0x00000014   Code   RO          248    .text.OUTLINED_FUNCTION_2  bsp_uart_fifo.o
    0x08002080   0x08002080   0x0000000a   Code   RO          439    .text.OUTLINED_FUNCTION_2  stm32h7xx_hal.o
    0x0800208a   0x0800208a   0x00000010   Code   RO          541    .text.OUTLINED_FUNCTION_2  stm32h7xx_hal_rcc.o
    0x0800209a   0x0800209a   0x0000001e   Code   RO          641    .text.OUTLINED_FUNCTION_2  stm32h7xx_hal_rcc_ex.o
    0x080020b8   0x080020b8   0x00000008   Code   RO         2284    .text.OUTLINED_FUNCTION_2  rtx_kernel.o
    0x080020c0   0x080020c0   0x00000008   Code   RO         2442    .text.OUTLINED_FUNCTION_2  rtx_msgqueue.o
    0x080020c8   0x080020c8   0x00000008   Code   RO          677    .text.OUTLINED_FUNCTION_20  stm32h7xx_hal_rcc_ex.o
    0x080020d0   0x080020d0   0x00000008   Code   RO          679    .text.OUTLINED_FUNCTION_21  stm32h7xx_hal_rcc_ex.o
    0x080020d8   0x080020d8   0x0000000a   Code   RO         1593    .text.OUTLINED_FUNCTION_22  stm32h7xx_hal_uart.o
    0x080020e2   0x080020e2   0x0000000a   Code   RO         1069    .text.OUTLINED_FUNCTION_26  stm32h7xx_hal_tim.o
    0x080020ec   0x080020ec   0x0000000a   Code   RO         1601    .text.OUTLINED_FUNCTION_26  stm32h7xx_hal_uart.o
    0x080020f6   0x080020f6   0x0000000e   Code   RO         1605    .text.OUTLINED_FUNCTION_28  stm32h7xx_hal_uart.o
    0x08002104   0x08002104   0x00000006   Code   RO         1607    .text.OUTLINED_FUNCTION_29  stm32h7xx_hal_uart.o
    0x0800210a   0x0800210a   0x00000008   Code   RO          543    .text.OUTLINED_FUNCTION_3  stm32h7xx_hal_rcc.o
    0x08002112   0x08002112   0x0000001e   Code   RO          643    .text.OUTLINED_FUNCTION_3  stm32h7xx_hal_rcc_ex.o
    0x08002130   0x08002130   0x0000000c   Code   RO         1555    .text.OUTLINED_FUNCTION_3  stm32h7xx_hal_uart.o
    0x0800213c   0x0800213c   0x00000006   Code   RO         2286    .text.OUTLINED_FUNCTION_3  rtx_kernel.o
    0x08002142   0x08002142   0x0000000c   Code   RO         2444    .text.OUTLINED_FUNCTION_3  rtx_msgqueue.o
    0x0800214e   0x0800214e   0x00000008   Code   RO         2694    .text.OUTLINED_FUNCTION_3  rtx_thread.o
    0x08002156   0x08002156   0x0000000a   Code   RO          443    .text.OUTLINED_FUNCTION_4  stm32h7xx_hal.o
    0x08002160   0x08002160   0x00000008   Code   RO          545    .text.OUTLINED_FUNCTION_4  stm32h7xx_hal_rcc.o
    0x08002168   0x08002168   0x00000032   Code   RO          645    .text.OUTLINED_FUNCTION_4  stm32h7xx_hal_rcc_ex.o
    0x0800219a   0x0800219a   0x00000006   Code   RO         2446    .text.OUTLINED_FUNCTION_4  rtx_msgqueue.o
    0x080021a0   0x080021a0   0x00000006   Code   RO         2696    .text.OUTLINED_FUNCTION_4  rtx_thread.o
    0x080021a6   0x080021a6   0x00000008   Code   RO         1111    .text.OUTLINED_FUNCTION_47  stm32h7xx_hal_tim.o
    0x080021ae   0x080021ae   0x0000000a   Code   RO          445    .text.OUTLINED_FUNCTION_5  stm32h7xx_hal.o
    0x080021b8   0x080021b8   0x0000000a   Code   RO          547    .text.OUTLINED_FUNCTION_5  stm32h7xx_hal_rcc.o
    0x080021c2   0x080021c2   0x0000000a   Code   RO          647    .text.OUTLINED_FUNCTION_5  stm32h7xx_hal_rcc_ex.o
    0x080021cc   0x080021cc   0x0000000a   Code   RO         1131    .text.OUTLINED_FUNCTION_57  stm32h7xx_hal_tim.o
    0x080021d6   0x080021d6   0x0000000c   Code   RO         1135    .text.OUTLINED_FUNCTION_59  stm32h7xx_hal_tim.o
    0x080021e2   0x080021e2   0x0000001a   Code   RO          649    .text.OUTLINED_FUNCTION_6  stm32h7xx_hal_rcc_ex.o
    0x080021fc   0x080021fc   0x0000000c   Code   RO         1561    .text.OUTLINED_FUNCTION_6  stm32h7xx_hal_uart.o
    0x08002208   0x08002208   0x0000000c   Code   RO         2700    .text.OUTLINED_FUNCTION_6  rtx_thread.o
    0x08002214   0x08002214   0x00000008   Code   RO          651    .text.OUTLINED_FUNCTION_7  stm32h7xx_hal_rcc_ex.o
    0x0800221c   0x0800221c   0x00000016   Code   RO         1563    .text.OUTLINED_FUNCTION_7  stm32h7xx_hal_uart.o
    0x08002232   0x08002232   0x0000000a   Code   RO          653    .text.OUTLINED_FUNCTION_8  stm32h7xx_hal_rcc_ex.o
    0x0800223c   0x0800223c   0x0000000c   Code   RO         2704    .text.OUTLINED_FUNCTION_8  rtx_thread.o
    0x08002248   0x08002248   0x00000016   Code   RO          655    .text.OUTLINED_FUNCTION_9  stm32h7xx_hal_rcc_ex.o
    0x0800225e   0x0800225e   0x0000000e   Code   RO         1035    .text.OUTLINED_FUNCTION_9  stm32h7xx_hal_tim.o
    0x0800226c   0x0800226c   0x000000c0   Code   RO          583    .text.RCCEx_PLL2_Config  stm32h7xx_hal_rcc_ex.o
    0x0800232c   0x0800232c   0x000000c0   Code   RO          585    .text.RCCEx_PLL3_Config  stm32h7xx_hal_rcc_ex.o
    0x080023ec   0x080023ec   0x0000003c   Code   RO          200    .text.RS485_InitTXE  bsp_uart_fifo.o
    0x08002428   0x08002428   0x00000002   Code   RO          230    .text.RS485_ReciveNew  bsp_uart_fifo.o
    0x0800242a   0x0800242a   0x00000002   PAD
    0x0800242c   0x0800242c   0x00000008   Code   RO          222    .text.RS485_SendBefor  bsp_uart_fifo.o
    0x08002434   0x08002434   0x00000010   Code   RO          224    .text.RS485_SendOver  bsp_uart_fifo.o
    0x08002444   0x08002444   0x0000006c   Code   RO          120    .text.SysTick_ISR   bsp_timer.o
    0x080024b0   0x080024b0   0x000000bc   Code   RO         1777    .text.SystemInit    system_stm32h7xx.o
    0x0800256c   0x0800256c   0x00000218   Code   RO           28    .text.System_Init   bsp.o
    0x08002784   0x08002784   0x00000084   Code   RO          140    .text.TIM2_IRQHandler  bsp_timer.o
    0x08002808   0x08002808   0x000000cc   Code   RO          785    .text.TIM_Base_SetConfig  stm32h7xx_hal_tim.o
    0x080028d4   0x080028d4   0x00000064   Code   RO         2640    .text.ThreadFlagsCheck  rtx_thread.o
    0x08002938   0x08002938   0x00000048   Code   RO         2738    .text.TimerInsert   rtx_timer.o
    0x08002980   0x08002980   0x000000a8   Code   RO         1423    .text.UART_AdvFeatureConfig  stm32h7xx_hal_uart.o
    0x08002a28   0x08002a28   0x00000056   Code   RO         1425    .text.UART_CheckIdleState  stm32h7xx_hal_uart.o
    0x08002a7e   0x08002a7e   0x00000002   PAD
    0x08002a80   0x08002a80   0x00000298   Code   RO         1421    .text.UART_SetConfig  stm32h7xx_hal_uart.o
    0x08002d18   0x08002d18   0x0000007e   Code   RO         1439    .text.UART_WaitOnFlagUntilTimeout  stm32h7xx_hal_uart.o
    0x08002d96   0x08002d96   0x00000002   PAD
    0x08002d98   0x08002d98   0x00000008   Code   RO          234    .text.USART1_IRQHandler  bsp_uart_fifo.o
    0x08002da0   0x08002da0   0x0000000c   Code   RO          238    .text.USART3_IRQHandler  bsp_uart_fifo.o
    0x08002dac   0x08002dac   0x00000104   Code   RO          236    .text.UartIRQ       bsp_uart_fifo.o
    0x08002eb0   0x08002eb0   0x00000002   Code   RO          270    .text.UsageFault_Handler  stm32h7xx_it.o
    0x08002eb2   0x08002eb2   0x00000002   PAD
    0x08002eb4   0x08002eb4   0x00000020   Code   RO           83    .text.bsp_GetKey    bsp_key.o
    0x08002ed4   0x08002ed4   0x0000001e   Code   RO           30    .text.bsp_Init      bsp.o
    0x08002ef2   0x08002ef2   0x00000002   PAD
    0x08002ef4   0x08002ef4   0x00000024   Code   RO           71    .text.bsp_InitDWT   bsp_dwt.o
    0x08002f18   0x08002f18   0x00000180   Code   RO          179    .text.bsp_InitExtIO  bsp_fmc_io.o
    0x08003098   0x08003098   0x00000084   Code   RO          118    .text.bsp_InitHardTimer  bsp_timer.o
    0x0800311c   0x0800311c   0x000000d8   Code   RO           79    .text.bsp_InitKey   bsp_key.o
    0x080031f4   0x080031f4   0x00000020   Code   RO           52    .text.bsp_InitLed   bsp_led.o
    0x08003214   0x08003214   0x0000005c   Code   RO          116    .text.bsp_InitTimer  bsp_timer.o
    0x08003270   0x08003270   0x000001b8   Code   RO          198    .text.bsp_InitUart  bsp_uart_fifo.o
    0x08003428   0x08003428   0x000000bc   Code   RO           93    .text.bsp_KeyScan10ms  bsp_key.o
    0x080034e4   0x080034e4   0x00000018   Code   RO           54    .text.bsp_LedOff    bsp_led.o
    0x080034fc   0x080034fc   0x00000030   Code   RO           58    .text.bsp_LedToggle  bsp_led.o
    0x0800352c   0x0800352c   0x0000001c   Code   RO           81    .text.bsp_PutKey    bsp_key.o
    0x08003548   0x08003548   0x00000004   Code   RO           34    .text.bsp_RunPer10ms  bsp.o
    0x0800354c   0x0800354c   0x00000002   Code   RO           36    .text.bsp_RunPer1ms  bsp.o
    0x0800354e   0x0800354e   0x00000002   PAD
    0x08003550   0x08003550   0x0000004c   Code   RO          218    .text.bsp_SetUartParam  bsp_uart_fifo.o
    0x0800359c   0x0800359c   0x0000008e   Code   RO          206    .text.comSendBuf    bsp_uart_fifo.o
    0x0800362a   0x0800362a   0x00000012   Code   RO          208    .text.comSendChar   bsp_uart_fifo.o
    0x0800363c   0x0800363c   0x00000010   Code   RO          240    .text.fputc         bsp_uart_fifo.o
    0x0800364c   0x0800364c   0x0000002c   Code   RO            2    .text.main          main.o
    0x08003678   0x08003678   0x00000038   Code   RO         1811    .text.osDelay       rtx_delay.o
    0x080036b0   0x080036b0   0x00000038   Code   RO         1813    .text.osDelayUntil  rtx_delay.o
    0x080036e8   0x080036e8   0x0000002c   Code   RO         2232    .text.osKernelGetState  rtx_kernel.o
    0x08003714   0x08003714   0x00000024   Code   RO         2248    .text.osKernelGetTickCount  rtx_kernel.o
    0x08003738   0x08003738   0x00000030   Code   RO         2226    .text.osKernelInitialize  rtx_kernel.o
    0x08003768   0x08003768   0x0000002c   Code   RO         2236    .text.osKernelStart  rtx_kernel.o
    0x08003794   0x08003794   0x00000090   Code   RO         2398    .text.osMessageQueueGet  rtx_msgqueue.o
    0x08003824   0x08003824   0x0000008c   Code   RO         2396    .text.osMessageQueuePut  rtx_msgqueue.o
    0x080038b0   0x080038b0   0x00000002   Code   RO         2795    .text.osRtxErrorNotify  rtx_config.o
    0x080038b2   0x080038b2   0x00000002   Code   RO         2793    .text.osRtxIdleThread  rtx_config.o
    0x080038b4   0x080038b4   0x00000016   Code   RO         2224    .text.osRtxKernelErrorNotify  rtx_kernel.o
    0x080038ca   0x080038ca   0x00000002   Code   RO         2222    .text.osRtxKernelPreInit  rtx_kernel.o
    0x080038cc   0x080038cc   0x0000007c   Code   RO         2318    .text.osRtxMemoryAlloc  rtx_memory.o
    0x08003948   0x08003948   0x0000004c   Code   RO         2320    .text.osRtxMemoryFree  rtx_memory.o
    0x08003994   0x08003994   0x0000003e   Code   RO         2316    .text.osRtxMemoryInit  rtx_memory.o
    0x080039d2   0x080039d2   0x00000044   Code   RO         2332    .text.osRtxMemoryPoolAlloc  rtx_mempool.o
    0x08003a16   0x08003a16   0x00000056   Code   RO         2334    .text.osRtxMemoryPoolFree  rtx_mempool.o
    0x08003a6c   0x08003a6c   0x0000004a   Code   RO         2330    .text.osRtxMemoryPoolInit  rtx_mempool.o
    0x08003ab6   0x08003ab6   0x000000de   Code   RO         2420    .text.osRtxMessageQueuePostProcess  rtx_msgqueue.o
    0x08003b94   0x08003b94   0x00000024   Code   RO         2388    .text.osRtxMessageQueueTimerSetup  rtx_msgqueue.o
    0x08003bb8   0x08003bb8   0x00000058   Code   RO         2460    .text.osRtxMutexOwnerRelease  rtx_mutex.o
    0x08003c10   0x08003c10   0x00000048   Code   RO         2462    .text.osRtxMutexOwnerRestore  rtx_mutex.o
    0x08003c58   0x08003c58   0x00000088   Code   RO         2546    .text.osRtxPendSV_Handler  rtx_system.o
    0x08003ce0   0x08003ce0   0x00000070   Code   RO         2548    .text.osRtxPostProcess  rtx_system.o
    0x08003d50   0x08003d50   0x0000003c   Code   RO         2578    .text.osRtxThreadBlock  rtx_thread.o
    0x08003d8c   0x08003d8c   0x0000007c   Code   RO         2586    .text.osRtxThreadDelayInsert  rtx_thread.o
    0x08003e08   0x08003e08   0x0000003c   Code   RO         2582    .text.osRtxThreadDelayRemove  rtx_thread.o
    0x08003e44   0x08003e44   0x000000bc   Code   RO         2568    .text.osRtxThreadDelayTick  rtx_thread.o
    0x08003f00   0x08003f00   0x00000034   Code   RO         2672    .text.osRtxThreadDestroy  rtx_thread.o
    0x08003f34   0x08003f34   0x00000054   Code   RO         2576    .text.osRtxThreadDispatch  rtx_thread.o
    0x08003f88   0x08003f88   0x00000058   Code   RO         2664    .text.osRtxThreadFree  rtx_thread.o
    0x08003fe0   0x08003fe0   0x00000024   Code   RO         2670    .text.osRtxThreadJoinWakeup  rtx_thread.o
    0x08004004   0x08004004   0x00000012   Code   RO         2560    .text.osRtxThreadListGet  rtx_thread.o
    0x08004016   0x08004016   0x0000002c   Code   RO         2558    .text.osRtxThreadListPut  rtx_thread.o
    0x08004042   0x08004042   0x00000014   Code   RO         2564    .text.osRtxThreadListRemove  rtx_thread.o
    0x08004056   0x08004056   0x0000000c   Code   RO         2570    .text.osRtxThreadListRoot  rtx_thread.o
    0x08004062   0x08004062   0x00000026   Code   RO         2562    .text.osRtxThreadListSort  rtx_thread.o
    0x08004088   0x08004088   0x00000030   Code   RO         2638    .text.osRtxThreadPostProcess  rtx_thread.o
    0x080040b8   0x080040b8   0x00000014   Code   RO         2566    .text.osRtxThreadReadyPut  rtx_thread.o
    0x080040cc   0x080040cc   0x00000014   Code   RO         2572    .text.osRtxThreadRegPtr  rtx_thread.o
    0x080040e0   0x080040e0   0x0000001c   Code   RO         2588    .text.osRtxThreadStackCheck  rtx_thread.o
    0x080040fc   0x080040fc   0x00000034   Code   RO         2590    .text.osRtxThreadStartup  rtx_thread.o
    0x08004130   0x08004130   0x00000010   Code   RO         2574    .text.osRtxThreadSwitch  rtx_thread.o
    0x08004140   0x08004140   0x00000044   Code   RO         2584    .text.osRtxThreadWaitEnter  rtx_thread.o
    0x08004184   0x08004184   0x00000036   Code   RO         2580    .text.osRtxThreadWaitExit  rtx_thread.o
    0x080041ba   0x080041ba   0x00000002   PAD
    0x080041bc   0x080041bc   0x0000007c   Code   RO         2544    .text.osRtxTick_Handler  rtx_system.o
    0x08004238   0x08004238   0x0000001c   Code   RO         2720    .text.osRtxTimerSetup  rtx_timer.o
    0x08004254   0x08004254   0x00000028   Code   RO         2724    .text.osRtxTimerThread  rtx_timer.o
    0x0800427c   0x0800427c   0x00000070   Code   RO         2722    .text.osRtxTimerTick  rtx_timer.o
    0x080042ec   0x080042ec   0x0000001c   Code   RO         2622    .text.osThreadExit  rtx_thread.o
    0x08004308   0x08004308   0x00000044   Code   RO         2594    .text.osThreadNew   rtx_thread.o
    0x0800434c   0x0800434c   0x00000034   Code   RO         1815    .text.svcRtxDelay   rtx_delay.o
    0x08004380   0x08004380   0x00000040   Code   RO         1817    .text.svcRtxDelayUntil  rtx_delay.o
    0x080043c0   0x080043c0   0x00000010   Code   RO         2234    .text.svcRtxKernelGetState  rtx_kernel.o
    0x080043d0   0x080043d0   0x00000014   Code   RO         2250    .text.svcRtxKernelGetTickCount  rtx_kernel.o
    0x080043e4   0x080043e4   0x00000104   Code   RO         2264    .text.svcRtxKernelInitialize  rtx_kernel.o
    0x080044e8   0x080044e8   0x0000009c   Code   RO         2266    .text.svcRtxKernelStart  rtx_kernel.o
    0x08004584   0x08004584   0x000000f4   Code   RO         2432    .text.svcRtxMessageQueueGet  rtx_msgqueue.o
    0x08004678   0x08004678   0x0000013c   Code   RO         2390    .text.svcRtxMessageQueueNew  rtx_msgqueue.o
    0x080047b4   0x080047b4   0x000000d0   Code   RO         2428    .text.svcRtxMessageQueuePut  rtx_msgqueue.o
    0x08004884   0x08004884   0x0000005c   Code   RO         2668    .text.svcRtxThreadExit  rtx_thread.o
    0x080048e0   0x080048e0   0x00000210   Code   RO         2592    .text.svcRtxThreadNew  rtx_thread.o
    0x08004af0   0x08004af0   0x00000012   Code   RO         1790    OSKERNEL            hardfaulthandler.o
    0x08004b02   0x08004b02   0x0000000e   Code   RO         3138    i.__scatterload_copy  mc_w.l(handlers.o)
    0x08004b10   0x08004b10   0x00000002   Code   RO         3139    i.__scatterload_null  mc_w.l(handlers.o)
    0x08004b12   0x08004b12   0x0000000e   Code   RO         3140    i.__scatterload_zeroinit  mc_w.l(handlers.o)
    0x08004b20   0x08004b20   0x00000024   Code   RO         2814    i.puts              mc_w.l(puts.o)
    0x08004b44   0x08004b44   0x00000070   Data   RO         2302    .rodata             rtx_lib.o
    0x08004bb4   0x08004bb4   0x00000038   Data   RO         2305    .rodata             rtx_lib.o
    0x08004bec   0x08004bec   0x00000006   Data   RO         1614    .rodata..Lswitch.table.UART_SetConfig.5  stm32h7xx_hal_uart.o
    0x08004bf2   0x08004bf2   0x00000006   Data   RO         1615    .rodata..Lswitch.table.UART_SetConfig.7  stm32h7xx_hal_uart.o
    0x08004bf8   0x08004bf8   0x00000010   Data   RO         1781    .rodata.D1CorePrescTable  system_stm32h7xx.o
    0x08004c08   0x08004c08   0x00000024   Data   RO           15    .rodata.ThreadLED_Attr  main.o
    0x08004c2c   0x08004c2c   0x00000024   Data   RO           14    .rodata.ThreadMsgPro_Attr  main.o
    0x08004c50   0x08004c50   0x00000024   Data   RO           13    .rodata.ThreadStart_Attr  main.o
    0x08004c74   0x08004c74   0x00000024   Data   RO           16    .rodata.ThreadUserIF_Attr  main.o
    0x08004c98   0x08004c98   0x00000018   Data   RO         1613    .rodata.UARTPrescTable  stm32h7xx_hal_uart.o
    0x08004cb0   0x08004cb0   0x00000010   Data   RO           62    .rodata.cst16       bsp_led.o
    0x08004cc0   0x08004cc0   0x00000004   Data   RO         2304    .rodata.osRtxUserSVC  rtx_lib.o
    0x08004cc4   0x08004cc4   0x00000024   Data   RO         2299    .rodata.os_idle_thread_attr  rtx_lib.o
    0x08004ce8   0x08004ce8   0x00000018   Data   RO         2301    .rodata.os_timer_mq_attr  rtx_lib.o
    0x08004d00   0x08004d00   0x00000024   Data   RO         2300    .rodata.os_timer_thread_attr  rtx_lib.o
    0x08004d24   0x08004d24   0x00000040   Data   RO          107    .rodata.s_gpio_list  bsp_key.o
    0x08004d64   0x08004d64   0x00000044   Data   RO           12    .rodata.str1.1      main.o
    0x08004da8   0x08004da8   0x0000001f   Data   RO          144    .rodata.str1.1      bsp_timer.o
    0x08004dc7   0x08004dc7   0x00000023   Data   RO          250    .rodata.str1.1      bsp_uart_fifo.o
    0x08004dea   0x08004dea   0x00000002   PAD
    0x08004dec   0x08004dec   0x0000000b   Data   RO         2288    .rodata.str1.4      rtx_kernel.o
    0x08004df7   0x08004df7   0x00000001   PAD
    0x08004df8   0x08004df8   0x00000020   Data   RO         3137    Region$$Table       anon$$obj.o


    Execution Region RW_IRAM2 (Exec base: 0x24000000, Load base: 0x08004e18, Size: 0x0000adb8, Max: 0x00080000, ABSOLUTE)

    Exec Addr    Load Addr    Size         Type   Attr      Idx    E Section Name        Object

    0x24000000   0x08004e18   0x00000004   Data   RW         3103    .data               mc_w.l(stdout.o)
    0x24000004   0x08004e1c   0x00000008   Data   RW          450    .data..L_MergedGlobals  stm32h7xx_hal.o
    0x2400000c   0x08004e24   0x00000008   Data   RW         1782    .data..L_MergedGlobals  system_stm32h7xx.o
    0x24000014   0x08004e2c   0x000000a4   Data   RW         2289    .data.os            rtx_kernel.o
    0x240000b8        -       0x0000000c   Zero   RW           19    .bss..L_MergedGlobals  main.o
    0x240000c4        -       0x0000004c   Zero   RW          145    .bss..L_MergedGlobals  bsp_timer.o
    0x24000110        -       0x00000058   Zero   RW          255    .bss..L_MergedGlobals  bsp_uart_fifo.o
    0x24000168        -       0x00000044   Zero   RW         1796    .bss..L_MergedGlobals  segger_hardfaulthandler.o
    0x240001ac        -       0x00000004   Zero   RW          313    .bss.HAL_GetTick.ticks  stm32h7xx_hal_timebase_tim.o
    0x240001b0        -       0x00000004   Zero   RW           17    .bss.ThreadIdStart  main.o
    0x240001b4        -       0x00000004   Zero   RW          189    .bss.g_HC574        bsp_fmc_io.o
    0x240001b8        -       0x00000400   Zero   RW          252    .bss.g_RxBuf1       bsp_uart_fifo.o
    0x240005b8        -       0x00000400   Zero   RW          254    .bss.g_RxBuf3       bsp_uart_fifo.o
    0x240009b8        -       0x00000400   Zero   RW          251    .bss.g_TxBuf1       bsp_uart_fifo.o
    0x24000db8        -       0x00000400   Zero   RW          253    .bss.g_TxBuf3       bsp_uart_fifo.o
    0x240011b8        -       0x00008040   Zero   RW         2298    .bss.os             rtx_lib.o
    0x240091f8        -       0x00000001   Zero   RW         2784    .bss.os             os_systick.o
    0x240091f9   0x08004ed0   0x00000003   PAD
    0x240091fc        -       0x00000034   Zero   RW         2309    .bss.os.msgqueue.cb  rtx_lib.o
    0x24009230        -       0x00000050   Zero   RW         2310    .bss.os.msgqueue.mem  rtx_lib.o
    0x24009280        -       0x00000088   Zero   RW         2306    .bss.os.thread.cb   rtx_lib.o
    0x24009308        -       0x00000200   Zero   RW         2307    .bss.os.thread.idle.stack  rtx_lib.o
    0x24009508        -       0x00000800   Zero   RW         2308    .bss.os.thread.timer.stack  rtx_lib.o
    0x24009d08        -       0x000000a0   Zero   RW          106    .bss.s_tBtn         bsp_key.o
    0x24009da8        -       0x0000000d   Zero   RW          105    .bss.s_tKey         bsp_key.o
    0x24009db5   0x08004ed0   0x00000003   PAD
    0x24009db8        -       0x00001000   Zero   RW          321    STACK               startup_stm32h743xx.o


==============================================================================

Image component sizes


      Code (inc. data)   RO Data    RW Data    ZI Data      Debug   Object Name

       598         20          0          0          0       7698   bsp.o
        36          8          0          0          0        463   bsp_dwt.o
       432         64          0          0          4       7210   bsp_fmc_io.o
       634         20         64          0        173       7892   bsp_key.o
       104          8         16          0          0       1566   bsp_led.o
       474         36         31          0         76      16313   bsp_timer.o
      1190        108         35          0       4184      18076   bsp_uart_fifo.o
        18          0          0          0          0        332   hardfaulthandler.o
       260         16          0          0          0        827   irq_armv7m.o
       212         60        212          0         16       4266   main.o
       114         20          0          0          1       6664   os_systick.o
         4          0          0          0          0        736   rtx_config.o
       228          8          0          0          0       3211   rtx_delay.o
       104          0          0          0          0      24042   rtx_evr.o
       686         48         11        164          0      18010   rtx_kernel.o
         0          0        268          0      35660       5638   rtx_lib.o
       262          0          0          0          0       2831   rtx_memory.o
       228          0          0          0          0      15950   rtx_mempool.o
      1544         24          0          0          0      19936   rtx_msgqueue.o
       160          0          0          0          0      10822   rtx_mutex.o
       372         18          0          0          0       6299   rtx_system.o
      1984         70          0          0          0      34981   rtx_thread.o
       252         12          0          0          0      11117   rtx_timer.o
       200         56          0          0         68       3376   segger_hardfaulthandler.o
        36          8        664          0       4096        984   startup_stm32h743xx.o
       154         20          0          8          0      15545   stm32h7xx_hal.o
       264         24          0          0          0      12289   stm32h7xx_hal_cortex.o
       380         16          0          0          0       6927   stm32h7xx_hal_gpio.o
        32          4          0          0          0       2448   stm32h7xx_hal_msp.o
      2074         64          0          0          0      11763   stm32h7xx_hal_rcc.o
      2904        154          0          0          0      17959   stm32h7xx_hal_rcc_ex.o
       106          4          0          0          0      11013   stm32h7xx_hal_sram.o
       396         36          0          0          0      51563   stm32h7xx_hal_tim.o
        72          4          0          0          4       1708   stm32h7xx_hal_timebase_tim.o
      1212        100         36          0          0      27570   stm32h7xx_hal_uart.o
        10          0          0          0          0        731   stm32h7xx_it.o
       304         12          0          0          0       9211   stm32h7xx_ll_fmc.o
       188         40         16          8          0       6094   system_stm32h7xx.o

    ----------------------------------------------------------------------
     18250       1082       1388        180      44288     404061   Object Totals
         0          0         32          0          0          0   (incl. Generated)
        22          0          3          0          6          0   (incl. Padding)

    ----------------------------------------------------------------------

      Code (inc. data)   RO Data    RW Data    ZI Data      Debug   Library Member Name

         0          0          0          0          0          0   entry.o
         0          0          0          0          0          0   entry10a.o
         0          0          0          0          0          0   entry11a.o
         8          4          0          0          0          0   entry2.o
         4          0          0          0          0          0   entry5.o
         0          0          0          0          0          0   entry7b.o
         0          0          0          0          0          0   entry8b.o
         8          4          0          0          0          0   entry9a.o
        30          0          0          0          0          0   handlers.o
        36          8          0          0          0         68   init.o
        30          0          0          0          0         68   llshl.o
        32          0          0          0          0         68   llushr.o
        36          0          0          0          0         68   memcpya.o
        36          0          0          0          0        108   memseta.o
        36          6          0          0          0         80   puts.o
         0          0          0          4          0          0   stdout.o
        98          0          0          0          0         92   uldiv.o

    ----------------------------------------------------------------------
       354         22          0          4          0        552   Library Totals
         0          0          0          0          0          0   (incl. Padding)

    ----------------------------------------------------------------------

      Code (inc. data)   RO Data    RW Data    ZI Data      Debug   Library Name

       354         22          0          4          0        552   mc_w.l

    ----------------------------------------------------------------------
       354         22          0          4          0        552   Library Totals

    ----------------------------------------------------------------------

==============================================================================


      Code (inc. data)   RO Data    RW Data    ZI Data      Debug   

     18604       1104       1388        184      44288     403949   Grand Totals
     18604       1104       1388        184      44288     403949   ELF Image Totals
     18604       1104       1388        184          0          0   ROM Totals

==============================================================================

    Total RO  Size (Code + RO Data)                19992 (  19.52kB)
    Total RW  Size (RW Data + ZI Data)             44472 (  43.43kB)
    Total ROM Size (Code + RO Data + RW Data)      20176 (  19.70kB)

==============================================================================

