Component: Arm Compiler for Embedded 6.18 Tool: armlink [5e4cc100]

==============================================================================

Section Cross References

    main.o(.text.main) refers to bsp.o(.text.System_Init) for System_Init
    main.o(.text.main) refers to stm32h7xx_hal.o(.text.HAL_SuspendTick) for HAL_SuspendTick
    main.o(.text.main) refers to rtx_kernel.o(.text.osKernelInitialize) for osKernelInitialize
    main.o(.text.main) refers to rtx_thread.o(.text.osThreadNew) for osThreadNew
    main.o(.text.main) refers to rtx_kernel.o(.text.osKernelStart) for osKernelStart
    main.o(.text.main) refers to main.o(.text.AppTaskStart) for AppTaskStart
    main.o(.text.main) refers to main.o(.rodata.ThreadStart_Attr) for ThreadStart_Attr
    main.o(.text.main) refers to main.o(.bss.ThreadIdStart) for ThreadIdStart
    main.o(.ARM.exidx.text.main) refers to main.o(.text.main) for [Anonymous Symbol]
    main.o(.text.AppTaskStart) refers to stm32h7xx_hal.o(.text.HAL_ResumeTick) for HAL_ResumeTick
    main.o(.text.AppTaskStart) refers to bsp.o(.text.bsp_Init) for bsp_Init
    main.o(.text.AppTaskStart) refers to rtx_msgqueue.o(.text.osMessageQueueNew) for osMessageQueueNew
    main.o(.text.AppTaskStart) refers to rtx_kernel.o(.text.osKernelGetTickCount) for osKernelGetTickCount
    main.o(.text.AppTaskStart) refers to bsp_timer.o(.text.SysTick_ISR) for SysTick_ISR
    main.o(.text.AppTaskStart) refers to rtx_delay.o(.text.osDelayUntil) for osDelayUntil
    main.o(.text.AppTaskStart) refers to main.o(.text.AppTaskMsgPro) for AppTaskMsgPro
    main.o(.text.AppTaskStart) refers to main.o(.rodata.ThreadMsgPro_Attr) for ThreadMsgPro_Attr
    main.o(.text.AppTaskStart) refers to rtx_thread.o(.text.osThreadNew) for osThreadNew
    main.o(.text.AppTaskStart) refers to main.o(.bss..L_MergedGlobals) for [Anonymous Symbol]
    main.o(.text.AppTaskStart) refers to main.o(.text.AppTaskLED) for AppTaskLED
    main.o(.text.AppTaskStart) refers to main.o(.rodata.ThreadLED_Attr) for ThreadLED_Attr
    main.o(.text.AppTaskStart) refers to main.o(.text.AppTaskUserIF) for AppTaskUserIF
    main.o(.text.AppTaskStart) refers to main.o(.rodata.ThreadUserIF_Attr) for ThreadUserIF_Attr
    main.o(.text.AppTaskStart) refers to main.o(.text.AppTaskUart1Rev) for AppTaskUart1Rev
    main.o(.text.AppTaskStart) refers to main.o(.rodata.ThreadUart1Rev_Attr) for ThreadUart1Rev_Attr
    main.o(.text.AppTaskStart) refers to main.o(.text.AppTaskKineMatics) for AppTaskKineMatics
    main.o(.text.AppTaskStart) refers to main.o(.rodata.ThreadKineMatics_Attr) for ThreadKineMatics_Attr
    main.o(.text.AppTaskStart) refers to main.o(.rodata.msgQueue_CAN1_Attr) for msgQueue_CAN1_Attr
    main.o(.ARM.exidx.text.AppTaskStart) refers to main.o(.text.AppTaskStart) for [Anonymous Symbol]
    main.o(.text.AppTaskUart1Rev) refers to bsp_uart_fifo.o(.text.comGetChar) for comGetChar
    main.o(.text.AppTaskUart1Rev) refers to rtx_msgqueue.o(.text.osMessageQueuePut) for osMessageQueuePut
    main.o(.text.AppTaskUart1Rev) refers to rtx_delay.o(.text.osDelay) for osDelay
    main.o(.text.AppTaskUart1Rev) refers to main.o(.bss..L_MergedGlobals) for [Anonymous Symbol]
    main.o(.ARM.exidx.text.AppTaskUart1Rev) refers to main.o(.text.AppTaskUart1Rev) for [Anonymous Symbol]
    main.o(.ARM.exidx.text.AppTaskKineMatics) refers to main.o(.text.AppTaskKineMatics) for [Anonymous Symbol]
    main.o(.text.AppTaskUserIF) refers to bsp_key.o(.text.bsp_GetKey) for bsp_GetKey
    main.o(.text.AppTaskUserIF) refers to bsp_timer.o(.text.bsp_GetRunTime) for bsp_GetRunTime
    main.o(.text.AppTaskUserIF) refers to rand.o(.text) for srand
    main.o(.text.AppTaskUserIF) refers to bsp_timer.o(.text.bsp_DelayMS) for bsp_DelayMS
    main.o(.text.AppTaskUserIF) refers to puts.o(i.puts) for puts
    main.o(.text.AppTaskUserIF) refers to kinematics.o(.text.con_KM) for con_KM
    main.o(.text.AppTaskUserIF) refers to rtx_delay.o(.text.osDelay) for osDelay
    main.o(.text.AppTaskUserIF) refers to kinematics.o(.text.KM) for KM
    main.o(.text.AppTaskUserIF) refers to kinematics.o(.text.getEulerAngle) for getEulerAngle
    main.o(.text.AppTaskUserIF) refers to printfa.o(i.__0printf) for __2printf
    main.o(.text.AppTaskUserIF) refers to kinematics.o(.text.getTFK) for getTFK
    main.o(.text.AppTaskUserIF) refers to main.o(.text.OUTLINED_FUNCTION_0) for OUTLINED_FUNCTION_0
    main.o(.text.AppTaskUserIF) refers to main.o(.rodata.str1.1) for [Anonymous Symbol]
    main.o(.ARM.exidx.text.AppTaskUserIF) refers to main.o(.text.AppTaskUserIF) for [Anonymous Symbol]
    main.o(.text.AppTaskLED) refers to rtx_kernel.o(.text.osKernelGetTickCount) for osKernelGetTickCount
    main.o(.text.AppTaskLED) refers to bsp_led.o(.text.bsp_LedToggle) for bsp_LedToggle
    main.o(.text.AppTaskLED) refers to rtx_delay.o(.text.osDelayUntil) for osDelayUntil
    main.o(.ARM.exidx.text.AppTaskLED) refers to main.o(.text.AppTaskLED) for [Anonymous Symbol]
[...]
    MDIOS_IRQHandler                         0x080002c7   Thumb Code     0  startup_stm32h743xx.o(.text)
    MDIOS_WKUP_IRQHandler                    0x080002c7   Thumb Code     0  startup_stm32h743xx.o(.text)
    MDMA_IRQHandler                          0x080002c7   Thumb Code     0  startup_stm32h743xx.o(.text)
    OTG_FS_EP1_IN_IRQHandler                 0x080002c7   Thumb Code     0  startup_stm32h743xx.o(.text)
    OTG_FS_EP1_OUT_IRQHandler                0x080002c7   Thumb Code     0  startup_stm32h743xx.o(.text)
    OTG_FS_IRQHandler                        0x080002c7   Thumb Code     0  startup_stm32h743xx.o(.text)
    OTG_FS_WKUP_IRQHandler                   0x080002c7   Thumb Code     0  startup_stm32h743xx.o(.text)
    OTG_HS_EP1_IN_IRQHandler                 0x080002c7   Thumb Code     0  startup_stm32h743xx.o(.text)
    OTG_HS_EP1_OUT_IRQHandler                0x080002c7   Thumb Code     0  startup_stm32h743xx.o(.text)
    OTG_HS_IRQHandler                        0x080002c7   Thumb Code     0  startup_stm32h743xx.o(.text)
    OTG_HS_WKUP_IRQHandler                   0x080002c7   Thumb Code     0  startup_stm32h743xx.o(.text)
    PVD_AVD_IRQHandler                       0x080002c7   Thumb Code     0  startup_stm32h743xx.o(.text)
    QUADSPI_IRQHandler                       0x080002c7   Thumb Code     0  startup_stm32h743xx.o(.text)
    RCC_IRQHandler                           0x080002c7   Thumb Code     0  startup_stm32h743xx.o(.text)
    RNG_IRQHandler                           0x080002c7   Thumb Code     0  startup_stm32h743xx.o(.text)
    RTC_Alarm_IRQHandler                     0x080002c7   Thumb Code     0  startup_stm32h743xx.o(.text)
    RTC_WKUP_IRQHandler                      0x080002c7   Thumb Code     0  startup_stm32h743xx.o(.text)
    SAI1_IRQHandler                          0x080002c7   Thumb Code     0  startup_stm32h743xx.o(.text)
    SAI2_IRQHandler                          0x080002c7   Thumb Code     0  startup_stm32h743xx.o(.text)
    SAI3_IRQHandler                          0x080002c7   Thumb Code     0  startup_stm32h743xx.o(.text)
    SAI4_IRQHandler                          0x080002c7   Thumb Code     0  startup_stm32h743xx.o(.text)
    SDMMC1_IRQHandler                        0x080002c7   Thumb Code     0  startup_stm32h743xx.o(.text)
    SDMMC2_IRQHandler                        0x080002c7   Thumb Code     0  startup_stm32h743xx.o(.text)
    SPDIF_RX_IRQHandler                      0x080002c7   Thumb Code     0  startup_stm32h743xx.o(.text)
    SPI1_IRQHandler                          0x080002c7   Thumb Code     0  startup_stm32h743xx.o(.text)
    SPI2_IRQHandler                          0x080002c7   Thumb Code     0  startup_stm32h743xx.o(.text)
    SPI3_IRQHandler                          0x080002c7   Thumb Code     0  startup_stm32h743xx.o(.text)
    SPI4_IRQHandler                          0x080002c7   Thumb Code     0  startup_stm32h743xx.o(.text)
    SPI5_IRQHandler                          0x080002c7   Thumb Code     0  startup_stm32h743xx.o(.text)
    SPI6_IRQHandler                          0x080002c7   Thumb Code     0  startup_stm32h743xx.o(.text)
    SWPMI1_IRQHandler                        0x080002c7   Thumb Code     0  startup_stm32h743xx.o(.text)
    TAMP_STAMP_IRQHandler                    0x080002c7   Thumb Code     0  startup_stm32h743xx.o(.text)
    TIM15_IRQHandler                         0x080002c7   Thumb Code     0  startup_stm32h743xx.o(.text)
    TIM16_IRQHandler                         0x080002c7   Thumb Code     0  startup_stm32h743xx.o(.text)
    TIM17_IRQHandler                         0x080002c7   Thumb Code     0  startup_stm32h743xx.o(.text)
    TIM1_BRK_IRQHandler                      0x080002c7   Thumb Code     0  startup_stm32h743xx.o(.text)
    TIM1_CC_IRQHandler                       0x080002c7   Thumb Code     0  startup_stm32h743xx.o(.text)
    TIM1_TRG_COM_IRQHandler                  0x080002c7   Thumb Code     0  startup_stm32h743xx.o(.text)
    TIM1_UP_IRQHandler                       0x080002c7   Thumb Code     0  startup_stm32h743xx.o(.text)
    TIM3_IRQHandler                          0x080002c7   Thumb Code     0  startup_stm32h743xx.o(.text)
    TIM4_IRQHandler                          0x080002c7   Thumb Code     0  startup_stm32h743xx.o(.text)
    TIM5_IRQHandler                          0x080002c7   Thumb Code     0  startup_stm32h743xx.o(.text)
    TIM6_DAC_IRQHandler                      0x080002c7   Thumb Code     0  startup_stm32h743xx.o(.text)
    TIM7_IRQHandler                          0x080002c7   Thumb Code     0  startup_stm32h743xx.o(.text)
    TIM8_BRK_TIM12_IRQHandler                0x080002c7   Thumb Code     0  startup_stm32h743xx.o(.text)
    TIM8_CC_IRQHandler                       0x080002c7   Thumb Code     0  startup_stm32h743xx.o(.text)
    TIM8_TRG_COM_TIM14_IRQHandler            0x080002c7   Thumb Code     0  startup_stm32h743xx.o(.text)
    TIM8_UP_TIM13_IRQHandler                 0x080002c7   Thumb Code     0  startup_stm32h743xx.o(.text)
    UART4_IRQHandler                         0x080002c7   Thumb Code     0  startup_stm32h743xx.o(.text)
    UART5_IRQHandler                         0x080002c7   Thumb Code     0  startup_stm32h743xx.o(.text)
    UART7_IRQHandler                         0x080002c7   Thumb Code     0  startup_stm32h743xx.o(.text)
    UART8_IRQHandler                         0x080002c7   Thumb Code     0  startup_stm32h743xx.o(.text)
    USART2_IRQHandler                        0x080002c7   Thumb Code     0  startup_stm32h743xx.o(.text)
    USART6_IRQHandler                        0x080002c7   Thumb Code     0  startup_stm32h743xx.o(.text)
    WAKEUP_PIN_IRQHandler                    0x080002c7   Thumb Code     0  startup_stm32h743xx.o(.text)
    WWDG_IRQHandler                          0x080002c7   Thumb Code     0  startup_stm32h743xx.o(.text)
    SVC_Handler                              0x080002d1   Thumb Code   210  irq_armv7m.o(.text)
    PendSV_Handler                           0x080003a3   Thumb Code    16  irq_armv7m.o(.text)
    SysTick_Handler                          0x080003b3   Thumb Code    16  irq_armv7m.o(.text)
    __aeabi_uldivmod                         0x080003d5   Thumb Code    98  uldiv.o(.text)
    rand                                     0x08000439   Thumb Code    20  rand.o(.text)
    srand                                    0x0800044d   Thumb Code     6  rand.o(.text)
    __aeabi_memcpy                           0x0800045d   Thumb Code    36  memcpya.o(.text)
    __aeabi_memcpy4                          0x0800045d   Thumb Code     0  memcpya.o(.text)
    __aeabi_memcpy8                          0x0800045d   Thumb Code     0  memcpya.o(.text)
    __aeabi_memset                           0x08000481   Thumb Code    14  memseta.o(.text)
    __aeabi_memset4                          0x08000481   Thumb Code     0  memseta.o(.text)
    __aeabi_memset8                          0x08000481   Thumb Code     0  memseta.o(.text)
    __aeabi_memclr                           0x0800048f   Thumb Code     4  memseta.o(.text)
    __aeabi_memclr4                          0x0800048f   Thumb Code     0  memseta.o(.text)
    __aeabi_memclr8                          0x0800048f   Thumb Code     0  memseta.o(.text)
    _memset$wrapper                          0x08000493   Thumb Code    18  memseta.o(.text)
    __aeabi_uidiv                            0x080004a5   Thumb Code     0  uidiv.o(.text)
    __aeabi_uidivmod                         0x080004a5   Thumb Code    44  uidiv.o(.text)
    __aeabi_llsl                             0x080004d1   Thumb Code    30  llshl.o(.text)
    _ll_shift_l                              0x080004d1   Thumb Code     0  llshl.o(.text)
    __aeabi_llsr                             0x080004ef   Thumb Code    32  llushr.o(.text)
    _ll_ushift_r                             0x080004ef   Thumb Code     0  llushr.o(.text)
    __I$use$fp                               0x0800050f   Thumb Code     0  iusefp.o(.text)
    __aeabi_dadd                             0x0800050f   Thumb Code   322  dadd.o(.text)
    __aeabi_dsub                             0x08000651   Thumb Code     6  dadd.o(.text)
    __aeabi_drsub                            0x08000657   Thumb Code     6  dadd.o(.text)
    __aeabi_dmul                             0x0800065d   Thumb Code   228  dmul.o(.text)
    __aeabi_ddiv                             0x08000741   Thumb Code   222  ddiv.o(.text)
    __aeabi_d2ulz                            0x0800081f   Thumb Code    48  dfixul.o(.text)
    __aeabi_cdrcmple                         0x08000851   Thumb Code    48  cdrcmple.o(.text)
    __scatterload                            0x08000881   Thumb Code    28  init.o(.text)
    __scatterload_rt2                        0x08000881   Thumb Code     0  init.o(.text)
    __aeabi_lasr                             0x080008a5   Thumb Code    36  llsshr.o(.text)
    _ll_sshift_r                             0x080008a5   Thumb Code     0  llsshr.o(.text)
    _double_round                            0x080008c9   Thumb Code    30  depilogue.o(.text)
    _double_epilogue                         0x080008e7   Thumb Code   156  depilogue.o(.text)
    AppTaskKineMatics                        0x08000983   Thumb Code     2  main.o(.text.AppTaskKineMatics)
    AppTaskLED                               0x08000985   Thumb Code    24  main.o(.text.AppTaskLED)
    AppTaskMsgPro                            0x0800099d   Thumb Code    44  main.o(.text.AppTaskMsgPro)
    AppTaskStart                             0x080009e5   Thumb Code    96  main.o(.text.AppTaskStart)
    AppTaskUart1Rev                          0x08000a75   Thumb Code    40  main.o(.text.AppTaskUart1Rev)
    AppTaskUserIF                            0x08000aa1   Thumb Code   360  main.o(.text.AppTaskUserIF)
    BusFault_Handler                         0x08000c89   Thumb Code     2  stm32h7xx_it.o(.text.BusFault_Handler)
    ComToUart                                0x08000c8d   Thumb Code    32  bsp_uart_fifo.o(.text.ComToUart)
    DebugMon_Handler                         0x08000cd1   Thumb Code     2  stm32h7xx_it.o(.text.DebugMon_Handler)
    Error_Handler                            0x08000cd3   Thumb Code     6  bsp.o(.text.Error_Handler)
    EventRecord2                             0x08000d51   Thumb Code    58  eventrecorder.o(.text.EventRecord2)
    EventRecord4                             0x08000d8d   Thumb Code   120  eventrecorder.o(.text.EventRecord4)
    EventRecorderTimerGetCount               0x08000f09   Thumb Code     8  eventrecorder.o(.text.EventRecorderTimerGetCount)
    EvrRtxDelay                              0x08000f15   Thumb Code     8  rtx_evr.o(.text.EvrRtxDelay)
    EvrRtxDelayCompleted                     0x08000f21   Thumb Code     8  rtx_evr.o(.text.EvrRtxDelayCompleted)
    EvrRtxDelayError                         0x08000f2d   Thumb Code    10  rtx_evr.o(.text.EvrRtxDelayError)
    EvrRtxDelayStarted                       0x08000f39   Thumb Code     8  rtx_evr.o(.text.EvrRtxDelayStarted)
    EvrRtxDelayUntil                         0x08000f45   Thumb Code     8  rtx_evr.o(.text.EvrRtxDelayUntil)
    EvrRtxDelayUntilStarted                  0x08000f51   Thumb Code     8  rtx_evr.o(.text.EvrRtxDelayUntilStarted)
    EvrRtxEventFlagsWaitTimeout              0x08000f5d   Thumb Code     8  rtx_evr.o(.text.EvrRtxEventFlagsWaitTimeout)
    EvrRtxKernelError                        0x08000f69   Thumb Code    10  rtx_evr.o(.text.EvrRtxKernelError)
    EvrRtxKernelErrorNotify                  0x08000f73   Thumb Code    12  rtx_evr.o(.text.EvrRtxKernelErrorNotify)
    EvrRtxKernelGetState                     0x08000f81   Thumb Code     8  rtx_evr.o(.text.EvrRtxKernelGetState)
    EvrRtxKernelGetTickCount                 0x08000f8d   Thumb Code     8  rtx_evr.o(.text.EvrRtxKernelGetTickCount)
    EvrRtxKernelInitialize                   0x08000f99   Thumb Code     8  rtx_evr.o(.text.EvrRtxKernelInitialize)
    EvrRtxKernelInitialized                  0x08000fa5   Thumb Code     8  rtx_evr.o(.text.EvrRtxKernelInitialized)
    EvrRtxKernelStart                        0x08000fb1   Thumb Code     8  rtx_evr.o(.text.EvrRtxKernelStart)
    EvrRtxKernelStarted                      0x08000fbd   Thumb Code     8  rtx_evr.o(.text.EvrRtxKernelStarted)
    EvrRtxMemoryAlloc                        0x08000fc9   Thumb Code    16  rtx_evr.o(.text.EvrRtxMemoryAlloc)
    EvrRtxMemoryBlockAlloc                   0x08000fdd   Thumb Code    12  rtx_evr.o(.text.EvrRtxMemoryBlockAlloc)
    EvrRtxMemoryBlockFree                    0x08000fed   Thumb Code    16  rtx_evr.o(.text.EvrRtxMemoryBlockFree)
    EvrRtxMemoryBlockInit                    0x08001001   Thumb Code    16  rtx_evr.o(.text.EvrRtxMemoryBlockInit)
    EvrRtxMemoryFree                         0x08001015   Thumb Code    16  rtx_evr.o(.text.EvrRtxMemoryFree)
    EvrRtxMemoryInit                         0x08001029   Thumb Code    16  rtx_evr.o(.text.EvrRtxMemoryInit)
    EvrRtxMemoryPoolAllocTimeout             0x08001039   Thumb Code     8  rtx_evr.o(.text.EvrRtxMemoryPoolAllocTimeout)
    EvrRtxMessageQueueCreated                0x08001045   Thumb Code    12  rtx_evr.o(.text.EvrRtxMessageQueueCreated)
    EvrRtxMessageQueueError                  0x08001055   Thumb Code    12  rtx_evr.o(.text.EvrRtxMessageQueueError)
    EvrRtxMessageQueueGet                    0x08001061   Thumb Code    16  rtx_evr.o(.text.EvrRtxMessageQueueGet)
    EvrRtxMessageQueueGetPending             0x08001075   Thumb Code    16  rtx_evr.o(.text.EvrRtxMessageQueueGetPending)
    EvrRtxMessageQueueGetTimeout             0x08001089   Thumb Code     8  rtx_evr.o(.text.EvrRtxMessageQueueGetTimeout)
    EvrRtxMessageQueueInsertPending          0x08001095   Thumb Code    12  rtx_evr.o(.text.EvrRtxMessageQueueInsertPending)
    EvrRtxMessageQueueInserted               0x080010a5   Thumb Code    12  rtx_evr.o(.text.EvrRtxMessageQueueInserted)
    EvrRtxMessageQueueNew                    0x080010b5   Thumb Code    16  rtx_evr.o(.text.EvrRtxMessageQueueNew)
    EvrRtxMessageQueueNotInserted            0x080010c9   Thumb Code    12  rtx_evr.o(.text.EvrRtxMessageQueueNotInserted)
    EvrRtxMessageQueueNotRetrieved           0x080010d9   Thumb Code    12  rtx_evr.o(.text.EvrRtxMessageQueueNotRetrieved)
    EvrRtxMessageQueuePut                    0x080010e9   Thumb Code    16  rtx_evr.o(.text.EvrRtxMessageQueuePut)
    EvrRtxMessageQueuePutPending             0x080010fd   Thumb Code    16  rtx_evr.o(.text.EvrRtxMessageQueuePutPending)
    EvrRtxMessageQueuePutTimeout             0x08001111   Thumb Code     8  rtx_evr.o(.text.EvrRtxMessageQueuePutTimeout)
    EvrRtxMessageQueueRetrieved              0x0800111d   Thumb Code    12  rtx_evr.o(.text.EvrRtxMessageQueueRetrieved)
    EvrRtxMutexAcquireTimeout                0x0800112d   Thumb Code     8  rtx_evr.o(.text.EvrRtxMutexAcquireTimeout)
    EvrRtxMutexAcquired                      0x08001139   Thumb Code    12  rtx_evr.o(.text.EvrRtxMutexAcquired)
    EvrRtxMutexReleased                      0x08001149   Thumb Code    12  rtx_evr.o(.text.EvrRtxMutexReleased)
    EvrRtxSemaphoreAcquireTimeout            0x08001159   Thumb Code     8  rtx_evr.o(.text.EvrRtxSemaphoreAcquireTimeout)
    EvrRtxThreadBlocked                      0x08001165   Thumb Code    12  rtx_evr.o(.text.EvrRtxThreadBlocked)
    EvrRtxThreadCreated                      0x08001175   Thumb Code    20  rtx_evr.o(.text.EvrRtxThreadCreated)
    EvrRtxThreadDestroyed                    0x0800118d   Thumb Code     8  rtx_evr.o(.text.EvrRtxThreadDestroyed)
    EvrRtxThreadError                        0x08001199   Thumb Code    12  rtx_evr.o(.text.EvrRtxThreadError)
    EvrRtxThreadExit                         0x080011a5   Thumb Code     8  rtx_evr.o(.text.EvrRtxThreadExit)
    EvrRtxThreadFlagsWaitCompleted           0x080011b1   Thumb Code    16  rtx_evr.o(.text.EvrRtxThreadFlagsWaitCompleted)
    EvrRtxThreadFlagsWaitTimeout             0x080011c5   Thumb Code     8  rtx_evr.o(.text.EvrRtxThreadFlagsWaitTimeout)
    EvrRtxThreadJoined                       0x080011d1   Thumb Code     8  rtx_evr.o(.text.EvrRtxThreadJoined)
    EvrRtxThreadNew                          0x080011dd   Thumb Code    16  rtx_evr.o(.text.EvrRtxThreadNew)
    EvrRtxThreadPreempted                    0x080011f1   Thumb Code     8  rtx_evr.o(.text.EvrRtxThreadPreempted)
    EvrRtxThreadSwitched                     0x080011fd   Thumb Code     8  rtx_evr.o(.text.EvrRtxThreadSwitched)
    EvrRtxThreadUnblocked                    0x08001209   Thumb Code    12  rtx_evr.o(.text.EvrRtxThreadUnblocked)
    EvrRtxTimerCallback                      0x08001219   Thumb Code    12  rtx_evr.o(.text.EvrRtxTimerCallback)
    FMC_NORSRAM_Extended_Timing_Init         0x08001229   Thumb Code    52  stm32h7xx_ll_fmc.o(.text.FMC_NORSRAM_Extended_Timing_Init)
    FMC_NORSRAM_Init                         0x08001261   Thumb Code   136  stm32h7xx_ll_fmc.o(.text.FMC_NORSRAM_Init)
    FMC_NORSRAM_Timing_Init                  0x080012ed   Thumb Code   104  stm32h7xx_ll_fmc.o(.text.FMC_NORSRAM_Timing_Init)
    HAL_EnableCompensationCell               0x08001359   Thumb Code     8  stm32h7xx_hal.o(.text.HAL_EnableCompensationCell)
    HAL_GPIO_Init                            0x08001365   Thumb Code   364  stm32h7xx_hal_gpio.o(.text.HAL_GPIO_Init)
    HAL_GetREVID                             0x080014e5   Thumb Code     8  stm32h7xx_hal.o(.text.HAL_GetREVID)
    HAL_GetTick                              0x080014f1   Thumb Code    64  stm32h7xx_hal_timebase_tim.o(.text.HAL_GetTick)
    HAL_Init                                 0x08001535   Thumb Code    72  stm32h7xx_hal.o(.text.HAL_Init)
    HAL_InitTick                             0x08001589   Thumb Code     4  stm32h7xx_hal_timebase_tim.o(.text.HAL_InitTick)
    HAL_MPU_ConfigRegion                     0x0800158d   Thumb Code    72  stm32h7xx_hal_cortex.o(.text.HAL_MPU_ConfigRegion)
    HAL_MPU_Disable                          0x080015d9   Thumb Code    20  stm32h7xx_hal_cortex.o(.text.HAL_MPU_Disable)
    HAL_MPU_Enable                           0x080015ed   Thumb Code    28  stm32h7xx_hal_cortex.o(.text.HAL_MPU_Enable)
    HAL_MspInit                              0x0800160d   Thumb Code     2  stm32h7xx_hal.o(.text.HAL_MspInit)
    HAL_NVIC_EnableIRQ                       0x08001611   Thumb Code    24  stm32h7xx_hal_cortex.o(.text.HAL_NVIC_EnableIRQ)
    HAL_NVIC_SetPriority                     0x0800162d   Thumb Code    72  stm32h7xx_hal_cortex.o(.text.HAL_NVIC_SetPriority)
    HAL_NVIC_SetPriorityGrouping             0x08001679   Thumb Code    24  stm32h7xx_hal_cortex.o(.text.HAL_NVIC_SetPriorityGrouping)
    HAL_RCCEx_GetD3PCLK1Freq                 0x08001699   Thumb Code    16  stm32h7xx_hal_rcc_ex.o(.text.HAL_RCCEx_GetD3PCLK1Freq)
    HAL_RCCEx_GetPLL2ClockFreq               0x080016b1   Thumb Code   140  stm32h7xx_hal_rcc_ex.o(.text.HAL_RCCEx_GetPLL2ClockFreq)
    HAL_RCCEx_GetPLL3ClockFreq               0x0800173d   Thumb Code   140  stm32h7xx_hal_rcc_ex.o(.text.HAL_RCCEx_GetPLL3ClockFreq)
    HAL_RCCEx_PeriphCLKConfig                0x080017c9   Thumb Code  1852  stm32h7xx_hal_rcc_ex.o(.text.HAL_RCCEx_PeriphCLKConfig)
    HAL_RCC_ClockConfig                      0x08001f09   Thumb Code   520  stm32h7xx_hal_rcc.o(.text.HAL_RCC_ClockConfig)
    HAL_RCC_GetHCLKFreq                      0x08002119   Thumb Code    48  stm32h7xx_hal_rcc.o(.text.HAL_RCC_GetHCLKFreq)
    HAL_RCC_GetPCLK1Freq                     0x08002155   Thumb Code    20  stm32h7xx_hal_rcc.o(.text.HAL_RCC_GetPCLK1Freq)
    HAL_RCC_GetPCLK2Freq                     0x08002169   Thumb Code    20  stm32h7xx_hal_rcc.o(.text.HAL_RCC_GetPCLK2Freq)
    HAL_RCC_GetSysClockFreq                  0x08002185   Thumb Code   244  stm32h7xx_hal_rcc.o(.text.HAL_RCC_GetSysClockFreq)
    HAL_RCC_OscConfig                        0x08002279   Thumb Code  1130  stm32h7xx_hal_rcc.o(.text.HAL_RCC_OscConfig)
    HAL_ResumeTick                           0x080026e5   Thumb Code     8  stm32h7xx_hal.o(.text.HAL_ResumeTick)
    HAL_SRAM_Init                            0x080026ed   Thumb Code   100  stm32h7xx_hal_sram.o(.text.HAL_SRAM_Init)
    HAL_SRAM_MspInit                         0x08002755   Thumb Code     2  stm32h7xx_hal_sram.o(.text.HAL_SRAM_MspInit)
    HAL_SuspendTick                          0x08002759   Thumb Code     8  stm32h7xx_hal.o(.text.HAL_SuspendTick)
    HAL_TIM_Base_Init                        0x08002765   Thumb Code    30  stm32h7xx_hal_tim.o(.text.HAL_TIM_Base_Init)
    HAL_TIM_Base_MspInit                     0x08002783   Thumb Code     2  stm32h7xx_hal_tim.o(.text.HAL_TIM_Base_MspInit)
    HAL_TIM_Base_Start                       0x08002785   Thumb Code    48  stm32h7xx_hal_tim.o(.text.HAL_TIM_Base_Start)
    HAL_UART_Init                            0x080027b9   Thumb Code    58  stm32h7xx_hal_uart.o(.text.HAL_UART_Init)
    HAL_UART_MspInit                         0x080027f3   Thumb Code     2  stm32h7xx_hal_uart.o(.text.HAL_UART_MspInit)
    HC574_GetPin                             0x080027f5   Thumb Code    12  bsp_fmc_io.o(.text.HC574_GetPin)
    HC574_SetPin                             0x08002801   Thumb Code    28  bsp_fmc_io.o(.text.HC574_SetPin)
    HardFaultHandler                         0x08002825   Thumb Code   144  segger_hardfaulthandler.o(.text.HardFaultHandler)
    KM                                       0x0800295d   Thumb Code   512  kinematics.o(.text.KM)
    MatrixMul                                0x08002b9d   Thumb Code   100  kinematics.o(.text.MatrixMul)
    MemManage_Handler                        0x08002c01   Thumb Code     2  stm32h7xx_it.o(.text.MemManage_Handler)
    NMI_Handler                              0x08002cb7   Thumb Code     2  stm32h7xx_it.o(.text.NMI_Handler)
    OS_Tick_AcknowledgeIRQ                   0x08002cb9   Thumb Code     8  os_systick.o(.text.OS_Tick_AcknowledgeIRQ)
    OS_Tick_Enable                           0x08002cc1   Thumb Code    32  os_systick.o(.text.OS_Tick_Enable)
    OS_Tick_GetIRQn                          0x08002ce5   Thumb Code     6  os_systick.o(.text.OS_Tick_GetIRQn)
    OS_Tick_Setup                            0x08002ced   Thumb Code    48  os_systick.o(.text.OS_Tick_Setup)
    RS485_InitTXE                            0x08003329   Thumb Code    52  bsp_uart_fifo.o(.text.RS485_InitTXE)
    RS485_ReciveNew                          0x08003365   Thumb Code     2  bsp_uart_fifo.o(.text.RS485_ReciveNew)
    RS485_SendBefor                          0x08003369   Thumb Code     8  bsp_uart_fifo.o(.text.RS485_SendBefor)
    RS485_SendOver                           0x08003371   Thumb Code    12  bsp_uart_fifo.o(.text.RS485_SendOver)
    SysTick_ISR                              0x08003381   Thumb Code   108  bsp_timer.o(.text.SysTick_ISR)
    SystemInit                               0x080033ed   Thumb Code   148  system_stm32h7xx.o(.text.SystemInit)
    System_Init                              0x080034a9   Thumb Code   516  bsp.o(.text.System_Init)
    TIM2_IRQHandler                          0x080036c1   Thumb Code   124  bsp_timer.o(.text.TIM2_IRQHandler)
    TIM_Base_SetConfig                       0x08003745   Thumb Code   172  stm32h7xx_hal_tim.o(.text.TIM_Base_SetConfig)
    UART_AdvFeatureConfig                    0x080038bd   Thumb Code   168  stm32h7xx_hal_uart.o(.text.UART_AdvFeatureConfig)
    UART_CheckIdleState                      0x08003965   Thumb Code    86  stm32h7xx_hal_uart.o(.text.UART_CheckIdleState)
    UART_SetConfig                           0x080039bd   Thumb Code   584  stm32h7xx_hal_uart.o(.text.UART_SetConfig)
    UART_WaitOnFlagUntilTimeout              0x08003c55   Thumb Code   126  stm32h7xx_hal_uart.o(.text.UART_WaitOnFlagUntilTimeout)
    USART1_IRQHandler                        0x08003cd5   Thumb Code     8  bsp_uart_fifo.o(.text.USART1_IRQHandler)
    USART3_IRQHandler                        0x08003cdd   Thumb Code     8  bsp_uart_fifo.o(.text.USART3_IRQHandler)
    UsageFault_Handler                       0x08003ded   Thumb Code     2  stm32h7xx_it.o(.text.UsageFault_Handler)
    arm_cos_f32                              0x08003df1   Thumb Code   144  arm_cos_f32.o(.text.arm_cos_f32)
    arm_sin_f32                              0x08003e81   Thumb Code   140  arm_sin_f32.o(.text.arm_sin_f32)
    bsp_DelayMS                              0x08003f0d   Thumb Code    40  bsp_timer.o(.text.bsp_DelayMS)
    bsp_GetKey                               0x08003f35   Thumb Code    32  bsp_key.o(.text.bsp_GetKey)
    bsp_GetRunTime                           0x08003f55   Thumb Code    20  bsp_timer.o(.text.bsp_GetRunTime)
    bsp_Idle                                 0x08003f69   Thumb Code     2  bsp.o(.text.bsp_Idle)
    bsp_Init                                 0x08003f6b   Thumb Code    30  bsp.o(.text.bsp_Init)
    bsp_InitDWT                              0x08003f89   Thumb Code    28  bsp_dwt.o(.text.bsp_InitDWT)
    bsp_InitExtIO                            0x08003fad   Thumb Code   328  bsp_fmc_io.o(.text.bsp_InitExtIO)
    bsp_InitHardTimer                        0x0800412d   Thumb Code   120  bsp_timer.o(.text.bsp_InitHardTimer)
    bsp_InitKey                              0x080041b1   Thumb Code   208  bsp_key.o(.text.bsp_InitKey)
    bsp_InitLed                              0x08004289   Thumb Code    28  bsp_led.o(.text.bsp_InitLed)
    bsp_InitTimer                            0x080042a9   Thumb Code    76  bsp_timer.o(.text.bsp_InitTimer)
    bsp_InitUart                             0x08004305   Thumb Code   388  bsp_uart_fifo.o(.text.bsp_InitUart)
    bsp_KeyScan10ms                          0x080044bd   Thumb Code   184  bsp_key.o(.text.bsp_KeyScan10ms)
    bsp_LedOff                               0x08004579   Thumb Code    24  bsp_led.o(.text.bsp_LedOff)
    bsp_LedToggle                            0x08004591   Thumb Code    44  bsp_led.o(.text.bsp_LedToggle)
    bsp_PutKey                               0x080045c1   Thumb Code    24  bsp_key.o(.text.bsp_PutKey)
    bsp_RunPer10ms                           0x080045dd   Thumb Code     4  bsp.o(.text.bsp_RunPer10ms)
    bsp_RunPer1ms                            0x080045e1   Thumb Code     2  bsp.o(.text.bsp_RunPer1ms)
    bsp_SetUartParam                         0x080045e5   Thumb Code    72  bsp_uart_fifo.o(.text.bsp_SetUartParam)
    comGetChar                               0x08004631   Thumb Code    80  bsp_uart_fifo.o(.text.comGetChar)
    comSendBuf                               0x08004681   Thumb Code   142  bsp_uart_fifo.o(.text.comSendBuf)
    comSendChar                              0x0800470f   Thumb Code    18  bsp_uart_fifo.o(.text.comSendChar)
    con_KM                                   0x08004721   Thumb Code   600  kinematics.o(.text.con_KM)
    fputc                                    0x080049e9   Thumb Code    16  bsp_uart_fifo.o(.text.fputc)
    getEulerAngle                            0x080049f9   Thumb Code   200  kinematics.o(.text.getEulerAngle)
    getTFK                                   0x08004ad9   Thumb Code   296  kinematics.o(.text.getTFK)
    main                                     0x08004c19   Thumb Code    32  main.o(.text.main)
    osDelay                                  0x08004c45   Thumb Code    52  rtx_delay.o(.text.osDelay)
    osDelayUntil                             0x08004c7d   Thumb Code    52  rtx_delay.o(.text.osDelayUntil)
    osKernelGetState                         0x08004cb5   Thumb Code    40  rtx_kernel.o(.text.osKernelGetState)
    osKernelGetTickCount                     0x08004ce1   Thumb Code    32  rtx_kernel.o(.text.osKernelGetTickCount)
    osKernelInitialize                       0x08004d05   Thumb Code    44  rtx_kernel.o(.text.osKernelInitialize)
    osKernelStart                            0x08004d35   Thumb Code    40  rtx_kernel.o(.text.osKernelStart)
    osMessageQueueGet                        0x08004d61   Thumb Code   140  rtx_msgqueue.o(.text.osMessageQueueGet)
    osMessageQueueNew                        0x08004df1   Thumb Code    64  rtx_msgqueue.o(.text.osMessageQueueNew)
    osMessageQueuePut                        0x08004e35   Thumb Code   136  rtx_msgqueue.o(.text.osMessageQueuePut)
    osRtxErrorNotify                         0x08004ec1   Thumb Code     2  rtx_config.o(.text.osRtxErrorNotify)
    osRtxIdleThread                          0x08004ec3   Thumb Code     2  rtx_config.o(.text.osRtxIdleThread)
    osRtxKernelErrorNotify                   0x08004ec5   Thumb Code    22  rtx_kernel.o(.text.osRtxKernelErrorNotify)
    osRtxKernelPreInit                       0x08004edb   Thumb Code     2  rtx_kernel.o(.text.osRtxKernelPreInit)
    osRtxMemoryAlloc                         0x08004edd   Thumb Code   124  rtx_memory.o(.text.osRtxMemoryAlloc)
    osRtxMemoryFree                          0x08004f59   Thumb Code    76  rtx_memory.o(.text.osRtxMemoryFree)
    osRtxMemoryInit                          0x08004fa5   Thumb Code    62  rtx_memory.o(.text.osRtxMemoryInit)
    osRtxMemoryPoolAlloc                     0x08004fe3   Thumb Code    68  rtx_mempool.o(.text.osRtxMemoryPoolAlloc)
    osRtxMemoryPoolFree                      0x08005027   Thumb Code    86  rtx_mempool.o(.text.osRtxMemoryPoolFree)
    osRtxMemoryPoolInit                      0x0800507d   Thumb Code    74  rtx_mempool.o(.text.osRtxMemoryPoolInit)
    osRtxMessageQueueTimerSetup              0x080051a5   Thumb Code    32  rtx_msgqueue.o(.text.osRtxMessageQueueTimerSetup)
    osRtxMutexOwnerRelease                   0x080051c9   Thumb Code    88  rtx_mutex.o(.text.osRtxMutexOwnerRelease)
    osRtxMutexOwnerRestore                   0x08005221   Thumb Code    72  rtx_mutex.o(.text.osRtxMutexOwnerRestore)
    osRtxPendSV_Handler                      0x08005269   Thumb Code   136  rtx_system.o(.text.osRtxPendSV_Handler)
    osRtxPostProcess                         0x080052f1   Thumb Code   108  rtx_system.o(.text.osRtxPostProcess)
    osRtxThreadDelayTick                     0x08005455   Thumb Code   188  rtx_thread.o(.text.osRtxThreadDelayTick)
    osRtxThreadDispatch                      0x08005545   Thumb Code    84  rtx_thread.o(.text.osRtxThreadDispatch)
    osRtxThreadListGet                       0x08005615   Thumb Code    18  rtx_thread.o(.text.osRtxThreadListGet)
    osRtxThreadListPut                       0x08005627   Thumb Code    44  rtx_thread.o(.text.osRtxThreadListPut)
    osRtxThreadListRemove                    0x08005653   Thumb Code    20  rtx_thread.o(.text.osRtxThreadListRemove)
    osRtxThreadListSort                      0x08005673   Thumb Code    38  rtx_thread.o(.text.osRtxThreadListSort)
    osRtxThreadReadyPut                      0x080056c9   Thumb Code    16  rtx_thread.o(.text.osRtxThreadReadyPut)
    osRtxThreadRegPtr                        0x080056dd   Thumb Code    20  rtx_thread.o(.text.osRtxThreadRegPtr)
    osRtxThreadStackCheck                    0x080056f1   Thumb Code    24  rtx_thread.o(.text.osRtxThreadStackCheck)
    osRtxThreadStartup                       0x0800570d   Thumb Code    48  rtx_thread.o(.text.osRtxThreadStartup)
    osRtxThreadSwitch                        0x08005741   Thumb Code    12  rtx_thread.o(.text.osRtxThreadSwitch)
    osRtxThreadWaitEnter                     0x08005751   Thumb Code    64  rtx_thread.o(.text.osRtxThreadWaitEnter)
    osRtxThreadWaitExit                      0x08005795   Thumb Code    54  rtx_thread.o(.text.osRtxThreadWaitExit)
    osRtxTick_Handler                        0x080057cd   Thumb Code   120  rtx_system.o(.text.osRtxTick_Handler)
    osRtxTimerSetup                          0x08005849   Thumb Code    24  rtx_timer.o(.text.osRtxTimerSetup)
    osRtxTimerThread                         0x08005865   Thumb Code    40  rtx_timer.o(.text.osRtxTimerThread)
    osThreadExit                             0x080058fd   Thumb Code    24  rtx_thread.o(.text.osThreadExit)
    osThreadNew                              0x08005919   Thumb Code    64  rtx_thread.o(.text.osThreadNew)
    HardFault_Handler                        0x08006101   Thumb Code     0  hardfaulthandler.o(OSKERNEL)
    __0printf                                0x08006115   Thumb Code    22  printfa.o(i.__0printf)
    __1printf                                0x08006115   Thumb Code     0  printfa.o(i.__0printf)
    __2printf                                0x08006115   Thumb Code     0  printfa.o(i.__0printf)
    __c89printf                              0x08006115   Thumb Code     0  printfa.o(i.__0printf)
    printf                                   0x08006115   Thumb Code     0  printfa.o(i.__0printf)
    __ARM_fpclassify                         0x08006135   Thumb Code    48  fpclassify.o(i.__ARM_fpclassify)
    __hardfp_atan                            0x08006169   Thumb Code   402  atan.o(i.__hardfp_atan)
    __hardfp_atan2                           0x08006341   Thumb Code   392  atan2.o(i.__hardfp_atan2)
    __hardfp_sqrtf                           0x08006509   Thumb Code    58  sqrtf.o(i.__hardfp_sqrtf)
    __kernel_poly                            0x08006543   Thumb Code   112  poly.o(i.__kernel_poly)
    __mathlib_dbl_infnan                     0x080065b3   Thumb Code     6  dunder.o(i.__mathlib_dbl_infnan)
    __mathlib_dbl_infnan2                    0x080065b9   Thumb Code     6  dunder.o(i.__mathlib_dbl_infnan2)
    __mathlib_dbl_underflow                  0x080065c1   Thumb Code    10  dunder.o(i.__mathlib_dbl_underflow)
    __scatterload_copy                       0x080065d9   Thumb Code    14  handlers.o(i.__scatterload_copy)
    __scatterload_null                       0x080065e7   Thumb Code     2  handlers.o(i.__scatterload_null)
    __scatterload_zeroinit                   0x080065e9   Thumb Code    14  handlers.o(i.__scatterload_zeroinit)
    __set_errno                              0x080065f9   Thumb Code     6  errno.o(i.__set_errno)
    atan                                     0x08006eb7   Thumb Code    16  atan.o(i.atan)
    fabs                                     0x08006ec7   Thumb Code    24  fabs.o(i.fabs)
    puts                                     0x08006ee1   Thumb Code    30  puts.o(i.puts)
    __mathlib_zero                           0x08006fa0   Data           8  qnan.o(.constdata)
    osRtxConfig                              0x08006fa8   Data         112  rtx_lib.o(.rodata)
    os_cb_sections                           0x08007018   Data          56  rtx_lib.o(.rodata)
    D1CorePrescTable                         0x0800705c   Data          16  system_stm32h7xx.o(.rodata.D1CorePrescTable)
    EventRecorderInfo                        0x0800706c   Data          24  eventrecorder.o(.rodata.EventRecorderInfo)
    ThreadKineMatics_Attr                    0x08007084   Data          36  main.o(.rodata.ThreadKineMatics_Attr)
    ThreadLED_Attr                           0x080070a8   Data          36  main.o(.rodata.ThreadLED_Attr)
    ThreadMsgPro_Attr                        0x080070cc   Data          36  main.o(.rodata.ThreadMsgPro_Attr)
    ThreadStart_Attr                         0x080070f0   Data          36  main.o(.rodata.ThreadStart_Attr)
    ThreadUart1Rev_Attr                      0x08007114   Data          36  main.o(.rodata.ThreadUart1Rev_Attr)
    ThreadUserIF_Attr                        0x08007138   Data          36  main.o(.rodata.ThreadUserIF_Attr)
    UARTPrescTable                           0x0800715c   Data          24  stm32h7xx_hal_uart.o(.rodata.UARTPrescTable)
    msgQueue_CAN1_Attr                       0x08007184   Data          24  main.o(.rodata.msgQueue_CAN1_Attr)
    osRtxUserSVC                             0x0800719c   Data           4  rtx_lib.o(.rodata.osRtxUserSVC)
    sinTable_f32                             0x08007240   Data        2052  arm_common_tables.o(.rodata.sinTable_f32)
    Region$$Table$$Base                      0x08007b1c   Number         0  anon$$obj.o(Region$$Table)
    Region$$Table$$Limit                     0x08007b3c   Number         0  anon$$obj.o(Region$$Table)
    __stdout                                 0x24000000   Data           4  stdout.o(.data)
    uwTickFreq                               0x2400000c   Data           1  stm32h7xx_hal.o(.data..L_MergedGlobals)
    uwTickPrio                               0x24000010   Data           4  stm32h7xx_hal.o(.data..L_MergedGlobals)
    SystemCoreClock                          0x24000014   Data           4  system_stm32h7xx.o(.data..L_MergedGlobals)
    SystemD2Clock                            0x24000018   Data           4  system_stm32h7xx.o(.data..L_MergedGlobals)
    osRtxInfo                                0x2400001c   Data         164  rtx_kernel.o(.data.os)
    ThreadIdTaskUserIF                       0x240000c0   Data           4  main.o(.bss..L_MergedGlobals)
    ThreadIdTaskMsgPro                       0x240000c4   Data           4  main.o(.bss..L_MergedGlobals)
    ThreadIdTaskLED                          0x240000c8   Data           4  main.o(.bss..L_MergedGlobals)
    ThreadIdTaskUart1Rev                     0x240000cc   Data           4  main.o(.bss..L_MergedGlobals)
    ThreadIdKineMatics                       0x240000d0   Data           4  main.o(.bss..L_MergedGlobals)
    msgQueue_ID_CAN1                         0x240000d4   Data           4  main.o(.bss..L_MergedGlobals)
    g_iRunTime                               0x240000dc   Data           4  bsp_timer.o(.bss..L_MergedGlobals)
    ThreadIdStart                            0x240001c8   Data           4  main.o(.bss.ThreadIdStart)
    g_HC574                                  0x240001cc   Data           4  bsp_fmc_io.o(.bss.g_HC574)
    .bss.os.msgqueue.cb$$Base                0x240096ec   Number         0  rtx_lib.o(.bss.os.msgqueue.cb)
    .bss.os.msgqueue.cb$$Limit               0x24009720   Number         0  rtx_lib.o(.bss.os.msgqueue.cb)
    .bss.os.thread.cb$$Base                  0x24009770   Number         0  rtx_lib.o(.bss.os.thread.cb)
    .bss.os.thread.cb$$Limit                 0x240097f8   Number         0  rtx_lib.o(.bss.os.thread.cb)
    __initial_sp                             0x2400b2a8   Data           0  startup_stm32h743xx.o(STACK)



==============================================================================

Memory Map of the image

  Image Entry point : 0x08000299

  Load Region LR_IROM1 (Base: 0x08000000, Size: 0x00007c00, Max: 0x00200000, ABSOLUTE)

    Execution Region ER_IROM1 (Exec base: 0x08000000, Load base: 0x08000000, Size: 0x00007b3c, Max: 0x00200000, ABSOLUTE)

    Exec Addr    Load Addr    Size         Type   Attr      Idx    E Section Name        Object

    0x08000000   0x08000000   0x00000298   Data   RO          371    RESET               startup_stm32h743xx.o
    0x08000298   0x08000298   0x00000000   Code   RO         3047  * .ARM.Collect$$$$00000000  mc_w.l(entry.o)
    0x08000298   0x08000298   0x00000004   Code   RO         3362    .ARM.Collect$$$$00000001  mc_w.l(entry2.o)
    0x0800029c   0x0800029c   0x00000004   Code   RO         3365    .ARM.Collect$$$$00000004  mc_w.l(entry5.o)
    0x080002a0   0x080002a0   0x00000000   Code   RO         3367    .ARM.Collect$$$$00000008  mc_w.l(entry7b.o)
    0x080002a0   0x080002a0   0x00000000   Code   RO         3369    .ARM.Collect$$$$0000000A  mc_w.l(entry8b.o)
    0x080002a0   0x080002a0   0x00000008   Code   RO         3370    .ARM.Collect$$$$0000000B  mc_w.l(entry9a.o)
    0x080002a8   0x080002a8   0x00000000   Code   RO         3372    .ARM.Collect$$$$0000000D  mc_w.l(entry10a.o)
    0x080002a8   0x080002a8   0x00000000   Code   RO         3374    .ARM.Collect$$$$0000000F  mc_w.l(entry11a.o)
    0x080002a8   0x080002a8   0x00000004   Code   RO         3363    .ARM.Collect$$$$00002712  mc_w.l(entry2.o)
    0x080002ac   0x080002ac   0x00000024   Code   RO          372    .text               startup_stm32h743xx.o
    0x080002d0   0x080002d0   0x00000104   Code   RO         1851    .text               irq_armv7m.o
    0x080003d4   0x080003d4   0x00000062   Code   RO         3060    .text               mc_w.l(uldiv.o)
    0x08000436   0x08000436   0x00000002   PAD
    0x08000438   0x08000438   0x00000024   Code   RO         3062    .text               mc_w.l(rand.o)
    0x0800045c   0x0800045c   0x00000024   Code   RO         3065    .text               mc_w.l(memcpya.o)
    0x08000480   0x08000480   0x00000024   Code   RO         3067    .text               mc_w.l(memseta.o)
    0x080004a4   0x080004a4   0x0000002c   Code   RO         3385    .text               mc_w.l(uidiv.o)
    0x080004d0   0x080004d0   0x0000001e   Code   RO         3387    .text               mc_w.l(llshl.o)
    0x080004ee   0x080004ee   0x00000020   Code   RO         3389    .text               mc_w.l(llushr.o)
    0x0800050e   0x0800050e   0x00000000   Code   RO         3398    .text               mc_w.l(iusefp.o)
    0x0800050e   0x0800050e   0x0000014e   Code   RO         3399    .text               mf_w.l(dadd.o)
    0x0800065c   0x0800065c   0x000000e4   Code   RO         3401    .text               mf_w.l(dmul.o)
    0x08000740   0x08000740   0x000000de   Code   RO         3403    .text               mf_w.l(ddiv.o)
    0x0800081e   0x0800081e   0x00000030   Code   RO         3405    .text               mf_w.l(dfixul.o)
    0x0800084e   0x0800084e   0x00000002   PAD
    0x08000850   0x08000850   0x00000030   Code   RO         3407    .text               mf_w.l(cdrcmple.o)
    0x08000880   0x08000880   0x00000024   Code   RO         3413    .text               mc_w.l(init.o)
    0x080008a4   0x080008a4   0x00000024   Code   RO         3415    .text               mc_w.l(llsshr.o)
    0x080008c8   0x080008c8   0x000000ba   Code   RO         3417    .text               mf_w.l(depilogue.o)
    0x08000982   0x08000982   0x00000002   Code   RO            8    .text.AppTaskKineMatics  main.o
    0x08000984   0x08000984   0x00000018   Code   RO           12    .text.AppTaskLED    main.o
    0x0800099c   0x0800099c   0x00000048   Code   RO           14    .text.AppTaskMsgPro  main.o
    0x080009e4   0x080009e4   0x00000090   Code   RO            4    .text.AppTaskStart  main.o
    0x08000a74   0x08000a74   0x0000002c   Code   RO            6    .text.AppTaskUart1Rev  main.o
    0x08000aa0   0x08000aa0   0x000001e8   Code   RO           10    .text.AppTaskUserIF  main.o
    0x08000c88   0x08000c88   0x00000002   Code   RO          316    .text.BusFault_Handler  stm32h7xx_it.o
    0x08000c8a   0x08000c8a   0x00000002   PAD
    0x08000c8c   0x08000c8c   0x00000044   Code   RO          250    .text.ComToUart     bsp_uart_fifo.o
    0x08000cd0   0x08000cd0   0x00000002   Code   RO          320    .text.DebugMon_Handler  stm32h7xx_it.o
    0x08000cd2   0x08000cd2   0x00000006   Code   RO           80    .text.Error_Handler  bsp.o
    0x08000cd8   0x08000cd8   0x00000024   Code   RO         2885    .text.EventCheckFilter  eventrecorder.o
    0x08000cfc   0x08000cfc   0x00000054   Code   RO         2871    .text.EventGetTS    eventrecorder.o
    0x08000d50   0x08000d50   0x0000003a   Code   RO         2887    .text.EventRecord2  eventrecorder.o
    0x08000d8a   0x08000d8a   0x00000002   PAD
    0x08000d8c   0x08000d8c   0x0000007c   Code   RO         2889    .text.EventRecord4  eventrecorder.o
    0x08000e08   0x08000e08   0x00000100   Code   RO         2873    .text.EventRecordItem  eventrecorder.o
    0x08000f08   0x08000f08   0x0000000c   Code   RO         2865    .text.EventRecorderTimerGetCount  eventrecorder.o
    0x08000f14   0x08000f14   0x0000000c   Code   RO         2059    .text.EvrRtxDelay   rtx_evr.o
    0x08000f20   0x08000f20   0x0000000c   Code   RO         2067    .text.EvrRtxDelayCompleted  rtx_evr.o
    0x08000f2c   0x08000f2c   0x0000000a   Code   RO         2057    .text.EvrRtxDelayError  rtx_evr.o
    0x08000f36   0x08000f36   0x00000002   PAD
    0x08000f38   0x08000f38   0x0000000c   Code   RO         2063    .text.EvrRtxDelayStarted  rtx_evr.o
    0x08000f44   0x08000f44   0x0000000c   Code   RO         2061    .text.EvrRtxDelayUntil  rtx_evr.o
    0x08000f50   0x08000f50   0x0000000c   Code   RO         2065    .text.EvrRtxDelayUntilStarted  rtx_evr.o
    0x08000f5c   0x08000f5c   0x0000000c   Code   RO         2115    .text.EvrRtxEventFlagsWaitTimeout  rtx_evr.o
    0x08000f68   0x08000f68   0x0000000a   Code   RO         1929    .text.EvrRtxKernelError  rtx_evr.o
    0x08000f72   0x08000f72   0x0000000c   Code   RO         1973    .text.EvrRtxKernelErrorNotify  rtx_evr.o
    0x08000f7e   0x08000f7e   0x00000002   PAD
    0x08000f80   0x08000f80   0x0000000c   Code   RO         1939    .text.EvrRtxKernelGetState  rtx_evr.o
    0x08000f8c   0x08000f8c   0x0000000c   Code   RO         1965    .text.EvrRtxKernelGetTickCount  rtx_evr.o
    0x08000f98   0x08000f98   0x0000000c   Code   RO         1931    .text.EvrRtxKernelInitialize  rtx_evr.o
    0x08000fa4   0x08000fa4   0x0000000c   Code   RO         1933    .text.EvrRtxKernelInitialized  rtx_evr.o
    0x08000fb0   0x08000fb0   0x0000000c   Code   RO         1941    .text.EvrRtxKernelStart  rtx_evr.o
    0x08000fbc   0x08000fbc   0x0000000c   Code   RO         1943    .text.EvrRtxKernelStarted  rtx_evr.o
    0x08000fc8   0x08000fc8   0x00000014   Code   RO         1919    .text.EvrRtxMemoryAlloc  rtx_evr.o
    0x08000fdc   0x08000fdc   0x00000010   Code   RO         1925    .text.EvrRtxMemoryBlockAlloc  rtx_evr.o
    0x08000fec   0x08000fec   0x00000014   Code   RO         1927    .text.EvrRtxMemoryBlockFree  rtx_evr.o
    0x08001000   0x08001000   0x00000014   Code   RO         1923    .text.EvrRtxMemoryBlockInit  rtx_evr.o
    0x08001014   0x08001014   0x00000014   Code   RO         1921    .text.EvrRtxMemoryFree  rtx_evr.o
    0x08001028   0x08001028   0x00000010   Code   RO         1917    .text.EvrRtxMemoryInit  rtx_evr.o
    0x08001038   0x08001038   0x0000000c   Code   RO         2193    .text.EvrRtxMemoryPoolAllocTimeout  rtx_evr.o
    0x08001044   0x08001044   0x00000010   Code   RO         2221    .text.EvrRtxMessageQueueCreated  rtx_evr.o
    0x08001054   0x08001054   0x0000000c   Code   RO         2217    .text.EvrRtxMessageQueueError  rtx_evr.o
    0x08001060   0x08001060   0x00000014   Code   RO         2237    .text.EvrRtxMessageQueueGet  rtx_evr.o
    0x08001074   0x08001074   0x00000014   Code   RO         2239    .text.EvrRtxMessageQueueGetPending  rtx_evr.o
    0x08001088   0x08001088   0x0000000c   Code   RO         2241    .text.EvrRtxMessageQueueGetTimeout  rtx_evr.o
    0x08001094   0x08001094   0x00000010   Code   RO         2231    .text.EvrRtxMessageQueueInsertPending  rtx_evr.o
    0x080010a4   0x080010a4   0x00000010   Code   RO         2233    .text.EvrRtxMessageQueueInserted  rtx_evr.o
    0x080010b4   0x080010b4   0x00000014   Code   RO         2219    .text.EvrRtxMessageQueueNew  rtx_evr.o
    0x080010c8   0x080010c8   0x00000010   Code   RO         2235    .text.EvrRtxMessageQueueNotInserted  rtx_evr.o
    0x080010d8   0x080010d8   0x00000010   Code   RO         2245    .text.EvrRtxMessageQueueNotRetrieved  rtx_evr.o
    0x080010e8   0x080010e8   0x00000014   Code   RO         2225    .text.EvrRtxMessageQueuePut  rtx_evr.o
    0x080010fc   0x080010fc   0x00000014   Code   RO         2227    .text.EvrRtxMessageQueuePutPending  rtx_evr.o
    0x08001110   0x08001110   0x0000000c   Code   RO         2229    .text.EvrRtxMessageQueuePutTimeout  rtx_evr.o
    0x0800111c   0x0800111c   0x00000010   Code   RO         2243    .text.EvrRtxMessageQueueRetrieved  rtx_evr.o
    0x0800112c   0x0800112c   0x0000000c   Code   RO         2137    .text.EvrRtxMutexAcquireTimeout  rtx_evr.o
    0x08001138   0x08001138   0x00000010   Code   RO         2139    .text.EvrRtxMutexAcquired  rtx_evr.o
    0x08001148   0x08001148   0x00000010   Code   RO         2145    .text.EvrRtxMutexReleased  rtx_evr.o
    0x08001158   0x08001158   0x0000000c   Code   RO         2165    .text.EvrRtxSemaphoreAcquireTimeout  rtx_evr.o
    0x08001164   0x08001164   0x00000010   Code   RO         2017    .text.EvrRtxThreadBlocked  rtx_evr.o
    0x08001174   0x08001174   0x00000018   Code   RO         1979    .text.EvrRtxThreadCreated  rtx_evr.o
    0x0800118c   0x0800118c   0x0000000c   Code   RO         2029    .text.EvrRtxThreadDestroyed  rtx_evr.o
    0x08001198   0x08001198   0x0000000c   Code   RO         1975    .text.EvrRtxThreadError  rtx_evr.o
    0x080011a4   0x080011a4   0x0000000c   Code   RO         2025    .text.EvrRtxThreadExit  rtx_evr.o
    0x080011b0   0x080011b0   0x00000014   Code   RO         2053    .text.EvrRtxThreadFlagsWaitCompleted  rtx_evr.o
    0x080011c4   0x080011c4   0x0000000c   Code   RO         2051    .text.EvrRtxThreadFlagsWaitTimeout  rtx_evr.o
    0x080011d0   0x080011d0   0x0000000c   Code   RO         2015    .text.EvrRtxThreadJoined  rtx_evr.o
    0x080011dc   0x080011dc   0x00000014   Code   RO         1977    .text.EvrRtxThreadNew  rtx_evr.o
    0x080011f0   0x080011f0   0x0000000c   Code   RO         2021    .text.EvrRtxThreadPreempted  rtx_evr.o
    0x080011fc   0x080011fc   0x0000000c   Code   RO         2023    .text.EvrRtxThreadSwitched  rtx_evr.o
    0x08001208   0x08001208   0x00000010   Code   RO         2019    .text.EvrRtxThreadUnblocked  rtx_evr.o
    0x08001218   0x08001218   0x00000010   Code   RO         2071    .text.EvrRtxTimerCallback  rtx_evr.o
    0x08001228   0x08001228   0x00000038   Code   RO         1413    .text.FMC_NORSRAM_Extended_Timing_Init  stm32h7xx_ll_fmc.o
    0x08001260   0x08001260   0x0000008c   Code   RO         1407    .text.FMC_NORSRAM_Init  stm32h7xx_ll_fmc.o
    0x080012ec   0x080012ec   0x0000006c   Code   RO         1411    .text.FMC_NORSRAM_Timing_Init  stm32h7xx_ll_fmc.o
    0x08001358   0x08001358   0x0000000c   Code   RO          437    .text.HAL_EnableCompensationCell  stm32h7xx_hal.o
    0x08001364   0x08001364   0x00000180   Code   RO          605    .text.HAL_GPIO_Init  stm32h7xx_hal_gpio.o
    0x080014e4   0x080014e4   0x0000000c   Code   RO          407    .text.HAL_GetREVID  stm32h7xx_hal.o
    0x080014f0   0x080014f0   0x00000044   Code   RO          359    .text.HAL_GetTick   stm32h7xx_hal_timebase_tim.o
    0x08001534   0x08001534   0x00000054   Code   RO          379    .text.HAL_Init      stm32h7xx_hal.o
    0x08001588   0x08001588   0x00000004   Code   RO          357    .text.HAL_InitTick  stm32h7xx_hal_timebase_tim.o
    0x0800158c   0x0800158c   0x0000004c   Code   RO          525    .text.HAL_MPU_ConfigRegion  stm32h7xx_hal_cortex.o
    0x080015d8   0x080015d8   0x00000014   Code   RO          521    .text.HAL_MPU_Disable  stm32h7xx_hal_cortex.o
    0x080015ec   0x080015ec   0x00000020   Code   RO          523    .text.HAL_MPU_Enable  stm32h7xx_hal_cortex.o
    0x0800160c   0x0800160c   0x00000002   Code   RO          383    .text.HAL_MspInit   stm32h7xx_hal.o
    0x0800160e   0x0800160e   0x00000002   PAD
    0x08001610   0x08001610   0x0000001c   Code   RO          511    .text.HAL_NVIC_EnableIRQ  stm32h7xx_hal_cortex.o
    0x0800162c   0x0800162c   0x0000004c   Code   RO          509    .text.HAL_NVIC_SetPriority  stm32h7xx_hal_cortex.o
    0x08001678   0x08001678   0x00000020   Code   RO          507    .text.HAL_NVIC_SetPriorityGrouping  stm32h7xx_hal_cortex.o
    0x08001698   0x08001698   0x00000018   Code   RO          645    .text.HAL_RCCEx_GetD3PCLK1Freq  stm32h7xx_hal_rcc_ex.o
    0x080016b0   0x080016b0   0x0000008c   Code   RO          641    .text.HAL_RCCEx_GetPLL2ClockFreq  stm32h7xx_hal_rcc_ex.o
    0x0800173c   0x0800173c   0x0000008c   Code   RO          643    .text.HAL_RCCEx_GetPLL3ClockFreq  stm32h7xx_hal_rcc_ex.o
    0x080017c8   0x080017c8   0x00000740   Code   RO          629    .text.HAL_RCCEx_PeriphCLKConfig  stm32h7xx_hal_rcc_ex.o
    0x08001f08   0x08001f08   0x00000210   Code   RO          561    .text.HAL_RCC_ClockConfig  stm32h7xx_hal_rcc.o
    0x08002118   0x08002118   0x0000003c   Code   RO          571    .text.HAL_RCC_GetHCLKFreq  stm32h7xx_hal_rcc.o
    0x08002154   0x08002154   0x00000014   Code   RO          573    .text.HAL_RCC_GetPCLK1Freq  stm32h7xx_hal_rcc.o
    0x08002168   0x08002168   0x0000001c   Code   RO          575    .text.HAL_RCC_GetPCLK2Freq  stm32h7xx_hal_rcc.o
    0x08002184   0x08002184   0x000000f4   Code   RO          563    .text.HAL_RCC_GetSysClockFreq  stm32h7xx_hal_rcc.o
    0x08002278   0x08002278   0x0000046a   Code   RO          559    .text.HAL_RCC_OscConfig  stm32h7xx_hal_rcc.o
    0x080026e2   0x080026e2   0x00000002   PAD
    0x080026e4   0x080026e4   0x00000008   Code   RO          403    .text.HAL_ResumeTick  stm32h7xx_hal.o
    0x080026ec   0x080026ec   0x00000068   Code   RO         1715    .text.HAL_SRAM_Init  stm32h7xx_hal_sram.o
    0x08002754   0x08002754   0x00000002   Code   RO         1717    .text.HAL_SRAM_MspInit  stm32h7xx_hal_sram.o
    0x08002756   0x08002756   0x00000002   PAD
    0x08002758   0x08002758   0x0000000c   Code   RO          401    .text.HAL_SuspendTick  stm32h7xx_hal.o
    0x08002764   0x08002764   0x0000001e   Code   RO          829    .text.HAL_TIM_Base_Init  stm32h7xx_hal_tim.o
    0x08002782   0x08002782   0x00000002   Code   RO          831    .text.HAL_TIM_Base_MspInit  stm32h7xx_hal_tim.o
    0x08002784   0x08002784   0x00000034   Code   RO          839    .text.HAL_TIM_Base_Start  stm32h7xx_hal_tim.o
    0x080027b8   0x080027b8   0x0000003a   Code   RO         1465    .text.HAL_UART_Init  stm32h7xx_hal_uart.o
    0x080027f2   0x080027f2   0x00000002   Code   RO         1467    .text.HAL_UART_MspInit  stm32h7xx_hal_uart.o
    0x080027f4   0x080027f4   0x0000000c   Code   RO          233    .text.HC574_GetPin  bsp_fmc_io.o
    0x08002800   0x08002800   0x00000024   Code   RO          229    .text.HC574_SetPin  bsp_fmc_io.o
    0x08002824   0x08002824   0x000000c8   Code   RO         1842    .text.HardFaultHandler  segger_hardfaulthandler.o
    0x080028ec   0x080028ec   0x00000070   Code   RO          145    .text.IsKeyDownFunc  bsp_key.o
    0x0800295c   0x0800295c   0x0000021c   Code   RO           44    .text.KM            kinematics.o
    0x08002b78   0x08002b78   0x00000024   Code   RO          147    .text.KeyPinActive  bsp_key.o
    0x08002b9c   0x08002b9c   0x00000064   Code   RO           40    .text.MatrixMul     kinematics.o
    0x08002c00   0x08002c00   0x00000002   Code   RO          314    .text.MemManage_Handler  stm32h7xx_it.o
    0x08002c02   0x08002c02   0x00000040   Code   RO         2487    .text.MessageQueueGet  rtx_msgqueue.o
    0x08002c42   0x08002c42   0x00000058   Code   RO         2481    .text.MessageQueuePut  rtx_msgqueue.o
    0x08002c9a   0x08002c9a   0x0000001c   Code   RO         2479    .text.MessageQueueRemove  rtx_msgqueue.o
    0x08002cb6   0x08002cb6   0x00000002   Code   RO          312    .text.NMI_Handler   stm32h7xx_it.o
    0x08002cb8   0x08002cb8   0x00000008   Code   RO         2829    .text.OS_Tick_AcknowledgeIRQ  os_systick.o
    0x08002cc0   0x08002cc0   0x00000024   Code   RO         2825    .text.OS_Tick_Enable  os_systick.o
    0x08002ce4   0x08002ce4   0x00000006   Code   RO         2831    .text.OS_Tick_GetIRQn  os_systick.o
    0x08002cea   0x08002cea   0x00000002   PAD
    0x08002cec   0x08002cec   0x00000040   Code   RO         2823    .text.OS_Tick_Setup  os_systick.o
    0x08002d2c   0x08002d2c   0x00000012   Code   RO           16    .text.OUTLINED_FUNCTION_0  main.o
    0x08002d3e   0x08002d3e   0x00000016   Code   RO           50    .text.OUTLINED_FUNCTION_0  kinematics.o
    0x08002d54   0x08002d54   0x0000000a   Code   RO           88    .text.OUTLINED_FUNCTION_0  bsp.o
    0x08002d5e   0x08002d5e   0x00000010   Code   RO          149    .text.OUTLINED_FUNCTION_0  bsp_key.o
    0x08002d6e   0x08002d6e   0x0000000a   Code   RO          190    .text.OUTLINED_FUNCTION_0  bsp_timer.o
    0x08002d78   0x08002d78   0x00000018   Code   RO          292    .text.OUTLINED_FUNCTION_0  bsp_uart_fifo.o
    0x08002d90   0x08002d90   0x00000006   Code   RO          585    .text.OUTLINED_FUNCTION_0  stm32h7xx_hal_rcc.o
    0x08002d96   0x08002d96   0x0000002e   Code   RO          685    .text.OUTLINED_FUNCTION_0  stm32h7xx_hal_rcc_ex.o
    0x08002dc4   0x08002dc4   0x00000016   Code   RO         1597    .text.OUTLINED_FUNCTION_0  stm32h7xx_hal_uart.o
    0x08002dda   0x08002dda   0x00000006   Code   RO         2263    .text.OUTLINED_FUNCTION_0  rtx_evr.o
    0x08002de0   0x08002de0   0x0000000c   Code   RO         2337    .text.OUTLINED_FUNCTION_0  rtx_kernel.o
    0x08002dec   0x08002dec   0x0000000e   Code   RO         2495    .text.OUTLINED_FUNCTION_0  rtx_msgqueue.o
    0x08002dfa   0x08002dfa   0x0000002a   Code   RO           52    .text.OUTLINED_FUNCTION_1  kinematics.o
    0x08002e24   0x08002e24   0x0000000a   Code   RO           90    .text.OUTLINED_FUNCTION_1  bsp.o
    0x08002e2e   0x08002e2e   0x00000006   Code   RO          151    .text.OUTLINED_FUNCTION_1  bsp_key.o
    0x08002e34   0x08002e34   0x00000014   Code   RO          294    .text.OUTLINED_FUNCTION_1  bsp_uart_fifo.o
    0x08002e48   0x08002e48   0x00000010   Code   RO          587    .text.OUTLINED_FUNCTION_1  stm32h7xx_hal_rcc.o
    0x08002e58   0x08002e58   0x00000010   Code   RO          687    .text.OUTLINED_FUNCTION_1  stm32h7xx_hal_rcc_ex.o
    0x08002e68   0x08002e68   0x00000036   Code   RO         1067    .text.OUTLINED_FUNCTION_1  stm32h7xx_hal_tim.o
    0x08002e9e   0x08002e9e   0x0000000c   Code   RO         2265    .text.OUTLINED_FUNCTION_1  rtx_evr.o
    0x08002eaa   0x08002eaa   0x0000000c   Code   RO         2339    .text.OUTLINED_FUNCTION_1  rtx_kernel.o
    0x08002eb6   0x08002eb6   0x0000000e   Code   RO         2497    .text.OUTLINED_FUNCTION_1  rtx_msgqueue.o
    0x08002ec4   0x08002ec4   0x0000000a   Code   RO          705    .text.OUTLINED_FUNCTION_10  stm32h7xx_hal_rcc_ex.o
    0x08002ece   0x08002ece   0x00000008   Code   RO          707    .text.OUTLINED_FUNCTION_11  stm32h7xx_hal_rcc_ex.o
    0x08002ed6   0x08002ed6   0x0000000a   Code   RO          709    .text.OUTLINED_FUNCTION_12  stm32h7xx_hal_rcc_ex.o
    0x08002ee0   0x08002ee0   0x0000000a   Code   RO          711    .text.OUTLINED_FUNCTION_13  stm32h7xx_hal_rcc_ex.o
    0x08002eea   0x08002eea   0x00000010   Code   RO          713    .text.OUTLINED_FUNCTION_14  stm32h7xx_hal_rcc_ex.o
    0x08002efa   0x08002efa   0x00000008   Code   RO          715    .text.OUTLINED_FUNCTION_15  stm32h7xx_hal_rcc_ex.o
    0x08002f02   0x08002f02   0x00000008   Code   RO          717    .text.OUTLINED_FUNCTION_16  stm32h7xx_hal_rcc_ex.o
    0x08002f0a   0x08002f0a   0x0000000a   Code   RO          719    .text.OUTLINED_FUNCTION_17  stm32h7xx_hal_rcc_ex.o
    0x08002f14   0x08002f14   0x00000006   Code   RO          721    .text.OUTLINED_FUNCTION_18  stm32h7xx_hal_rcc_ex.o
    0x08002f1a   0x08002f1a   0x0000000a   Code   RO          723    .text.OUTLINED_FUNCTION_19  stm32h7xx_hal_rcc_ex.o
    0x08002f24   0x08002f24   0x00000018   Code   RO           54    .text.OUTLINED_FUNCTION_2  kinematics.o
    0x08002f3c   0x08002f3c   0x00000014   Code   RO          296    .text.OUTLINED_FUNCTION_2  bsp_uart_fifo.o
    0x08002f50   0x08002f50   0x0000000a   Code   RO          487    .text.OUTLINED_FUNCTION_2  stm32h7xx_hal.o
    0x08002f5a   0x08002f5a   0x00000010   Code   RO          589    .text.OUTLINED_FUNCTION_2  stm32h7xx_hal_rcc.o
    0x08002f6a   0x08002f6a   0x0000001e   Code   RO          689    .text.OUTLINED_FUNCTION_2  stm32h7xx_hal_rcc_ex.o
    0x08002f88   0x08002f88   0x0000000a   Code   RO         2267    .text.OUTLINED_FUNCTION_2  rtx_evr.o
    0x08002f92   0x08002f92   0x00000008   Code   RO         2341    .text.OUTLINED_FUNCTION_2  rtx_kernel.o
    0x08002f9a   0x08002f9a   0x00000008   Code   RO         2499    .text.OUTLINED_FUNCTION_2  rtx_msgqueue.o
    0x08002fa2   0x08002fa2   0x00000008   Code   RO          725    .text.OUTLINED_FUNCTION_20  stm32h7xx_hal_rcc_ex.o
    0x08002faa   0x08002faa   0x00000008   Code   RO          727    .text.OUTLINED_FUNCTION_21  stm32h7xx_hal_rcc_ex.o
    0x08002fb2   0x08002fb2   0x0000000a   Code   RO         1641    .text.OUTLINED_FUNCTION_22  stm32h7xx_hal_uart.o
    0x08002fbc   0x08002fbc   0x0000000a   Code   RO         1117    .text.OUTLINED_FUNCTION_26  stm32h7xx_hal_tim.o
    0x08002fc6   0x08002fc6   0x0000000a   Code   RO         1649    .text.OUTLINED_FUNCTION_26  stm32h7xx_hal_uart.o
    0x08002fd0   0x08002fd0   0x0000000e   Code   RO         1653    .text.OUTLINED_FUNCTION_28  stm32h7xx_hal_uart.o
    0x08002fde   0x08002fde   0x00000006   Code   RO         1655    .text.OUTLINED_FUNCTION_29  stm32h7xx_hal_uart.o
    0x08002fe4   0x08002fe4   0x0000001a   Code   RO           56    .text.OUTLINED_FUNCTION_3  kinematics.o
    0x08002ffe   0x08002ffe   0x00000008   Code   RO          591    .text.OUTLINED_FUNCTION_3  stm32h7xx_hal_rcc.o
    0x08003006   0x08003006   0x0000001e   Code   RO          691    .text.OUTLINED_FUNCTION_3  stm32h7xx_hal_rcc_ex.o
    0x08003024   0x08003024   0x0000000c   Code   RO         1603    .text.OUTLINED_FUNCTION_3  stm32h7xx_hal_uart.o
    0x08003030   0x08003030   0x00000006   Code   RO         2269    .text.OUTLINED_FUNCTION_3  rtx_evr.o
    0x08003036   0x08003036   0x00000006   Code   RO         2343    .text.OUTLINED_FUNCTION_3  rtx_kernel.o
    0x0800303c   0x0800303c   0x0000000c   Code   RO         2501    .text.OUTLINED_FUNCTION_3  rtx_msgqueue.o
    0x08003048   0x08003048   0x00000008   Code   RO         2751    .text.OUTLINED_FUNCTION_3  rtx_thread.o
    0x08003050   0x08003050   0x0000000e   Code   RO           58    .text.OUTLINED_FUNCTION_4  kinematics.o
    0x0800305e   0x0800305e   0x0000000a   Code   RO          491    .text.OUTLINED_FUNCTION_4  stm32h7xx_hal.o
    0x08003068   0x08003068   0x00000008   Code   RO          593    .text.OUTLINED_FUNCTION_4  stm32h7xx_hal_rcc.o
    0x08003070   0x08003070   0x00000032   Code   RO          693    .text.OUTLINED_FUNCTION_4  stm32h7xx_hal_rcc_ex.o
    0x080030a2   0x080030a2   0x00000006   Code   RO         2503    .text.OUTLINED_FUNCTION_4  rtx_msgqueue.o
    0x080030a8   0x080030a8   0x00000006   Code   RO         2753    .text.OUTLINED_FUNCTION_4  rtx_thread.o
    0x080030ae   0x080030ae   0x00000008   Code   RO         1159    .text.OUTLINED_FUNCTION_47  stm32h7xx_hal_tim.o
    0x080030b6   0x080030b6   0x0000000e   Code   RO           60    .text.OUTLINED_FUNCTION_5  kinematics.o
    0x080030c4   0x080030c4   0x0000000a   Code   RO          493    .text.OUTLINED_FUNCTION_5  stm32h7xx_hal.o
    0x080030ce   0x080030ce   0x0000000a   Code   RO          595    .text.OUTLINED_FUNCTION_5  stm32h7xx_hal_rcc.o
    0x080030d8   0x080030d8   0x0000000a   Code   RO          695    .text.OUTLINED_FUNCTION_5  stm32h7xx_hal_rcc_ex.o
    0x080030e2   0x080030e2   0x0000000a   Code   RO         1179    .text.OUTLINED_FUNCTION_57  stm32h7xx_hal_tim.o
    0x080030ec   0x080030ec   0x0000000c   Code   RO         1183    .text.OUTLINED_FUNCTION_59  stm32h7xx_hal_tim.o
    0x080030f8   0x080030f8   0x0000000e   Code   RO           62    .text.OUTLINED_FUNCTION_6  kinematics.o
    0x08003106   0x08003106   0x0000001a   Code   RO          697    .text.OUTLINED_FUNCTION_6  stm32h7xx_hal_rcc_ex.o
    0x08003120   0x08003120   0x0000000c   Code   RO         1609    .text.OUTLINED_FUNCTION_6  stm32h7xx_hal_uart.o
    0x0800312c   0x0800312c   0x0000000c   Code   RO         2757    .text.OUTLINED_FUNCTION_6  rtx_thread.o
    0x08003138   0x08003138   0x0000000a   Code   RO           64    .text.OUTLINED_FUNCTION_7  kinematics.o
    0x08003142   0x08003142   0x00000008   Code   RO          699    .text.OUTLINED_FUNCTION_7  stm32h7xx_hal_rcc_ex.o
    0x0800314a   0x0800314a   0x00000016   Code   RO         1611    .text.OUTLINED_FUNCTION_7  stm32h7xx_hal_uart.o
    0x08003160   0x08003160   0x0000000e   Code   RO           66    .text.OUTLINED_FUNCTION_8  kinematics.o
    0x0800316e   0x0800316e   0x0000000a   Code   RO          701    .text.OUTLINED_FUNCTION_8  stm32h7xx_hal_rcc_ex.o
    0x08003178   0x08003178   0x0000000c   Code   RO         2761    .text.OUTLINED_FUNCTION_8  rtx_thread.o
    0x08003184   0x08003184   0x00000016   Code   RO          703    .text.OUTLINED_FUNCTION_9  stm32h7xx_hal_rcc_ex.o
    0x0800319a   0x0800319a   0x0000000e   Code   RO         1083    .text.OUTLINED_FUNCTION_9  stm32h7xx_hal_tim.o
    0x080031a8   0x080031a8   0x000000c0   Code   RO          631    .text.RCCEx_PLL2_Config  stm32h7xx_hal_rcc_ex.o
    0x08003268   0x08003268   0x000000c0   Code   RO          633    .text.RCCEx_PLL3_Config  stm32h7xx_hal_rcc_ex.o
    0x08003328   0x08003328   0x0000003c   Code   RO          248    .text.RS485_InitTXE  bsp_uart_fifo.o
    0x08003364   0x08003364   0x00000002   Code   RO          278    .text.RS485_ReciveNew  bsp_uart_fifo.o
    0x08003366   0x08003366   0x00000002   PAD
    0x08003368   0x08003368   0x00000008   Code   RO          270    .text.RS485_SendBefor  bsp_uart_fifo.o
    0x08003370   0x08003370   0x00000010   Code   RO          272    .text.RS485_SendOver  bsp_uart_fifo.o
    0x08003380   0x08003380   0x0000006c   Code   RO          168    .text.SysTick_ISR   bsp_timer.o
    0x080033ec   0x080033ec   0x000000bc   Code   RO         1825    .text.SystemInit    system_stm32h7xx.o
    0x080034a8   0x080034a8   0x00000218   Code   RO           76    .text.System_Init   bsp.o
    0x080036c0   0x080036c0   0x00000084   Code   RO          188    .text.TIM2_IRQHandler  bsp_timer.o
    0x08003744   0x08003744   0x000000cc   Code   RO          833    .text.TIM_Base_SetConfig  stm32h7xx_hal_tim.o
    0x08003810   0x08003810   0x00000064   Code   RO         2697    .text.ThreadFlagsCheck  rtx_thread.o
    0x08003874   0x08003874   0x00000048   Code   RO         2795    .text.TimerInsert   rtx_timer.o
    0x080038bc   0x080038bc   0x000000a8   Code   RO         1471    .text.UART_AdvFeatureConfig  stm32h7xx_hal_uart.o
    0x08003964   0x08003964   0x00000056   Code   RO         1473    .text.UART_CheckIdleState  stm32h7xx_hal_uart.o
    0x080039ba   0x080039ba   0x00000002   PAD
    0x080039bc   0x080039bc   0x00000298   Code   RO         1469    .text.UART_SetConfig  stm32h7xx_hal_uart.o
    0x08003c54   0x08003c54   0x0000007e   Code   RO         1487    .text.UART_WaitOnFlagUntilTimeout  stm32h7xx_hal_uart.o
    0x08003cd2   0x08003cd2   0x00000002   PAD
    0x08003cd4   0x08003cd4   0x00000008   Code   RO          282    .text.USART1_IRQHandler  bsp_uart_fifo.o
    0x08003cdc   0x08003cdc   0x0000000c   Code   RO          286    .text.USART3_IRQHandler  bsp_uart_fifo.o
    0x08003ce8   0x08003ce8   0x00000104   Code   RO          284    .text.UartIRQ       bsp_uart_fifo.o
    0x08003dec   0x08003dec   0x00000002   Code   RO          318    .text.UsageFault_Handler  stm32h7xx_it.o
    0x08003dee   0x08003dee   0x00000002   PAD
    0x08003df0   0x08003df0   0x00000090   Code   RO         2921    .text.arm_cos_f32   arm_cortexM7lfdp_math.lib(arm_cos_f32.o)
    0x08003e80   0x08003e80   0x0000008c   Code   RO         2931    .text.arm_sin_f32   arm_cortexM7lfdp_math.lib(arm_sin_f32.o)
    0x08003f0c   0x08003f0c   0x00000028   Code   RO          170    .text.bsp_DelayMS   bsp_timer.o
    0x08003f34   0x08003f34   0x00000020   Code   RO          131    .text.bsp_GetKey    bsp_key.o
    0x08003f54   0x08003f54   0x00000014   Code   RO          182    .text.bsp_GetRunTime  bsp_timer.o
    0x08003f68   0x08003f68   0x00000002   Code   RO           86    .text.bsp_Idle      bsp.o
    0x08003f6a   0x08003f6a   0x0000001e   Code   RO           78    .text.bsp_Init      bsp.o
    0x08003f88   0x08003f88   0x00000024   Code   RO          119    .text.bsp_InitDWT   bsp_dwt.o
    0x08003fac   0x08003fac   0x00000180   Code   RO          227    .text.bsp_InitExtIO  bsp_fmc_io.o
    0x0800412c   0x0800412c   0x00000084   Code   RO          166    .text.bsp_InitHardTimer  bsp_timer.o
    0x080041b0   0x080041b0   0x000000d8   Code   RO          127    .text.bsp_InitKey   bsp_key.o
    0x08004288   0x08004288   0x00000020   Code   RO          100    .text.bsp_InitLed   bsp_led.o
    0x080042a8   0x080042a8   0x0000005c   Code   RO          164    .text.bsp_InitTimer  bsp_timer.o
    0x08004304   0x08004304   0x000001b8   Code   RO          246    .text.bsp_InitUart  bsp_uart_fifo.o
    0x080044bc   0x080044bc   0x000000bc   Code   RO          141    .text.bsp_KeyScan10ms  bsp_key.o
    0x08004578   0x08004578   0x00000018   Code   RO          102    .text.bsp_LedOff    bsp_led.o
    0x08004590   0x08004590   0x00000030   Code   RO          106    .text.bsp_LedToggle  bsp_led.o
    0x080045c0   0x080045c0   0x0000001c   Code   RO          129    .text.bsp_PutKey    bsp_key.o
    0x080045dc   0x080045dc   0x00000004   Code   RO           82    .text.bsp_RunPer10ms  bsp.o
    0x080045e0   0x080045e0   0x00000002   Code   RO           84    .text.bsp_RunPer1ms  bsp.o
    0x080045e2   0x080045e2   0x00000002   PAD
    0x080045e4   0x080045e4   0x0000004c   Code   RO          266    .text.bsp_SetUartParam  bsp_uart_fifo.o
    0x08004630   0x08004630   0x00000050   Code   RO          258    .text.comGetChar    bsp_uart_fifo.o
    0x08004680   0x08004680   0x0000008e   Code   RO          254    .text.comSendBuf    bsp_uart_fifo.o
    0x0800470e   0x0800470e   0x00000012   Code   RO          256    .text.comSendChar   bsp_uart_fifo.o
    0x08004720   0x08004720   0x000002c8   Code   RO           46    .text.con_KM        kinematics.o
    0x080049e8   0x080049e8   0x00000010   Code   RO          288    .text.fputc         bsp_uart_fifo.o
    0x080049f8   0x080049f8   0x000000dc   Code   RO           42    .text.getEulerAngle  kinematics.o
    0x08004ad4   0x08004ad4   0x00000004   PAD
    0x08004ad8   0x08004ad8   0x00000140   Code   RO           48    .text.getTFK        kinematics.o
    0x08004c18   0x08004c18   0x0000002c   Code   RO            2    .text.main          main.o
    0x08004c44   0x08004c44   0x00000038   Code   RO         1859    .text.osDelay       rtx_delay.o
    0x08004c7c   0x08004c7c   0x00000038   Code   RO         1861    .text.osDelayUntil  rtx_delay.o
    0x08004cb4   0x08004cb4   0x0000002c   Code   RO         2289    .text.osKernelGetState  rtx_kernel.o
    0x08004ce0   0x08004ce0   0x00000024   Code   RO         2305    .text.osKernelGetTickCount  rtx_kernel.o
    0x08004d04   0x08004d04   0x00000030   Code   RO         2283    .text.osKernelInitialize  rtx_kernel.o
    0x08004d34   0x08004d34   0x0000002c   Code   RO         2293    .text.osKernelStart  rtx_kernel.o
    0x08004d60   0x08004d60   0x00000090   Code   RO         2455    .text.osMessageQueueGet  rtx_msgqueue.o
    0x08004df0   0x08004df0   0x00000044   Code   RO         2449    .text.osMessageQueueNew  rtx_msgqueue.o
    0x08004e34   0x08004e34   0x0000008c   Code   RO         2453    .text.osMessageQueuePut  rtx_msgqueue.o
    0x08004ec0   0x08004ec0   0x00000002   Code   RO         2852    .text.osRtxErrorNotify  rtx_config.o
    0x08004ec2   0x08004ec2   0x00000002   Code   RO         2850    .text.osRtxIdleThread  rtx_config.o
    0x08004ec4   0x08004ec4   0x00000016   Code   RO         2281    .text.osRtxKernelErrorNotify  rtx_kernel.o
    0x08004eda   0x08004eda   0x00000002   Code   RO         2279    .text.osRtxKernelPreInit  rtx_kernel.o
    0x08004edc   0x08004edc   0x0000007c   Code   RO         2375    .text.osRtxMemoryAlloc  rtx_memory.o
    0x08004f58   0x08004f58   0x0000004c   Code   RO         2377    .text.osRtxMemoryFree  rtx_memory.o
    0x08004fa4   0x08004fa4   0x0000003e   Code   RO         2373    .text.osRtxMemoryInit  rtx_memory.o
    0x08004fe2   0x08004fe2   0x00000044   Code   RO         2389    .text.osRtxMemoryPoolAlloc  rtx_mempool.o
    0x08005026   0x08005026   0x00000056   Code   RO         2391    .text.osRtxMemoryPoolFree  rtx_mempool.o
    0x0800507c   0x0800507c   0x0000004a   Code   RO         2387    .text.osRtxMemoryPoolInit  rtx_mempool.o
    0x080050c6   0x080050c6   0x000000de   Code   RO         2477    .text.osRtxMessageQueuePostProcess  rtx_msgqueue.o
    0x080051a4   0x080051a4   0x00000024   Code   RO         2445    .text.osRtxMessageQueueTimerSetup  rtx_msgqueue.o
    0x080051c8   0x080051c8   0x00000058   Code   RO         2517    .text.osRtxMutexOwnerRelease  rtx_mutex.o
    0x08005220   0x08005220   0x00000048   Code   RO         2519    .text.osRtxMutexOwnerRestore  rtx_mutex.o
    0x08005268   0x08005268   0x00000088   Code   RO         2603    .text.osRtxPendSV_Handler  rtx_system.o
    0x080052f0   0x080052f0   0x00000070   Code   RO         2605    .text.osRtxPostProcess  rtx_system.o
    0x08005360   0x08005360   0x0000003c   Code   RO         2635    .text.osRtxThreadBlock  rtx_thread.o
    0x0800539c   0x0800539c   0x0000007c   Code   RO         2643    .text.osRtxThreadDelayInsert  rtx_thread.o
    0x08005418   0x08005418   0x0000003c   Code   RO         2639    .text.osRtxThreadDelayRemove  rtx_thread.o
    0x08005454   0x08005454   0x000000bc   Code   RO         2625    .text.osRtxThreadDelayTick  rtx_thread.o
    0x08005510   0x08005510   0x00000034   Code   RO         2729    .text.osRtxThreadDestroy  rtx_thread.o
    0x08005544   0x08005544   0x00000054   Code   RO         2633    .text.osRtxThreadDispatch  rtx_thread.o
    0x08005598   0x08005598   0x00000058   Code   RO         2721    .text.osRtxThreadFree  rtx_thread.o
    0x080055f0   0x080055f0   0x00000024   Code   RO         2727    .text.osRtxThreadJoinWakeup  rtx_thread.o
    0x08005614   0x08005614   0x00000012   Code   RO         2617    .text.osRtxThreadListGet  rtx_thread.o
    0x08005626   0x08005626   0x0000002c   Code   RO         2615    .text.osRtxThreadListPut  rtx_thread.o
    0x08005652   0x08005652   0x00000014   Code   RO         2621    .text.osRtxThreadListRemove  rtx_thread.o
    0x08005666   0x08005666   0x0000000c   Code   RO         2627    .text.osRtxThreadListRoot  rtx_thread.o
    0x08005672   0x08005672   0x00000026   Code   RO         2619    .text.osRtxThreadListSort  rtx_thread.o
    0x08005698   0x08005698   0x00000030   Code   RO         2695    .text.osRtxThreadPostProcess  rtx_thread.o
    0x080056c8   0x080056c8   0x00000014   Code   RO         2623    .text.osRtxThreadReadyPut  rtx_thread.o
    0x080056dc   0x080056dc   0x00000014   Code   RO         2629    .text.osRtxThreadRegPtr  rtx_thread.o
    0x080056f0   0x080056f0   0x0000001c   Code   RO         2645    .text.osRtxThreadStackCheck  rtx_thread.o
    0x0800570c   0x0800570c   0x00000034   Code   RO         2647    .text.osRtxThreadStartup  rtx_thread.o
    0x08005740   0x08005740   0x00000010   Code   RO         2631    .text.osRtxThreadSwitch  rtx_thread.o
    0x08005750   0x08005750   0x00000044   Code   RO         2641    .text.osRtxThreadWaitEnter  rtx_thread.o
    0x08005794   0x08005794   0x00000036   Code   RO         2637    .text.osRtxThreadWaitExit  rtx_thread.o
    0x080057ca   0x080057ca   0x00000002   PAD
    0x080057cc   0x080057cc   0x0000007c   Code   RO         2601    .text.osRtxTick_Handler  rtx_system.o
    0x08005848   0x08005848   0x0000001c   Code   RO         2777    .text.osRtxTimerSetup  rtx_timer.o
    0x08005864   0x08005864   0x00000028   Code   RO         2781    .text.osRtxTimerThread  rtx_timer.o
    0x0800588c   0x0800588c   0x00000070   Code   RO         2779    .text.osRtxTimerTick  rtx_timer.o
    0x080058fc   0x080058fc   0x0000001c   Code   RO         2679    .text.osThreadExit  rtx_thread.o
    0x08005918   0x08005918   0x00000044   Code   RO         2651    .text.osThreadNew   rtx_thread.o
    0x0800595c   0x0800595c   0x00000034   Code   RO         1863    .text.svcRtxDelay   rtx_delay.o
    0x08005990   0x08005990   0x00000040   Code   RO         1865    .text.svcRtxDelayUntil  rtx_delay.o
    0x080059d0   0x080059d0   0x00000010   Code   RO         2291    .text.svcRtxKernelGetState  rtx_kernel.o
    0x080059e0   0x080059e0   0x00000014   Code   RO         2307    .text.svcRtxKernelGetTickCount  rtx_kernel.o
    0x080059f4   0x080059f4   0x00000104   Code   RO         2321    .text.svcRtxKernelInitialize  rtx_kernel.o
    0x08005af8   0x08005af8   0x0000009c   Code   RO         2323    .text.svcRtxKernelStart  rtx_kernel.o
    0x08005b94   0x08005b94   0x000000f4   Code   RO         2489    .text.svcRtxMessageQueueGet  rtx_msgqueue.o
    0x08005c88   0x08005c88   0x0000013c   Code   RO         2447    .text.svcRtxMessageQueueNew  rtx_msgqueue.o
    0x08005dc4   0x08005dc4   0x000000d0   Code   RO         2485    .text.svcRtxMessageQueuePut  rtx_msgqueue.o
    0x08005e94   0x08005e94   0x0000005c   Code   RO         2725    .text.svcRtxThreadExit  rtx_thread.o
    0x08005ef0   0x08005ef0   0x00000210   Code   RO         2649    .text.svcRtxThreadNew  rtx_thread.o
    0x08006100   0x08006100   0x00000012   Code   RO         1838    OSKERNEL            hardfaulthandler.o
    0x08006112   0x08006112   0x00000002   PAD
    0x08006114   0x08006114   0x00000020   Code   RO         3306    i.__0printf         mc_w.l(printfa.o)
    0x08006134   0x08006134   0x00000030   Code   RO         3409    i.__ARM_fpclassify  m_wv.l(fpclassify.o)
    0x08006164   0x08006164   0x00000004   PAD
    0x08006168   0x08006168   0x000001d4   Code   RO         3334    i.__hardfp_atan     m_wv.l(atan.o)
    0x0800633c   0x0800633c   0x00000004   PAD
    0x08006340   0x08006340   0x000001c8   Code   RO         3035    i.__hardfp_atan2    m_wv.l(atan2.o)
    0x08006508   0x08006508   0x0000003a   Code   RO         3041    i.__hardfp_sqrtf    m_wv.l(sqrtf.o)
    0x08006542   0x08006542   0x00000070   Code   RO         3411    i.__kernel_poly     m_wv.l(poly.o)
    0x080065b2   0x080065b2   0x00000006   Code   RO         3342    i.__mathlib_dbl_infnan  m_wv.l(dunder.o)
    0x080065b8   0x080065b8   0x00000006   Code   RO         3343    i.__mathlib_dbl_infnan2  m_wv.l(dunder.o)
    0x080065be   0x080065be   0x00000002   PAD
    0x080065c0   0x080065c0   0x00000018   Code   RO         3347    i.__mathlib_dbl_underflow  m_wv.l(dunder.o)
    0x080065d8   0x080065d8   0x0000000e   Code   RO         3421    i.__scatterload_copy  mc_w.l(handlers.o)
    0x080065e6   0x080065e6   0x00000002   Code   RO         3422    i.__scatterload_null  mc_w.l(handlers.o)
    0x080065e8   0x080065e8   0x0000000e   Code   RO         3423    i.__scatterload_zeroinit  mc_w.l(handlers.o)
    0x080065f6   0x080065f6   0x00000002   PAD
    0x080065f8   0x080065f8   0x0000000c   Code   RO         3393    i.__set_errno       mc_w.l(errno.o)
    0x08006604   0x08006604   0x00000184   Code   RO         3313    i._fp_digits        mc_w.l(printfa.o)
    0x08006788   0x08006788   0x000006dc   Code   RO         3314    i._printf_core      mc_w.l(printfa.o)
    0x08006e64   0x08006e64   0x00000024   Code   RO         3315    i._printf_post_padding  mc_w.l(printfa.o)
    0x08006e88   0x08006e88   0x0000002e   Code   RO         3316    i._printf_pre_padding  mc_w.l(printfa.o)
    0x08006eb6   0x08006eb6   0x00000010   Code   RO         3336    i.atan              m_wv.l(atan.o)
    0x08006ec6   0x08006ec6   0x00000018   Code   RO         3357    i.fabs              m_wv.l(fabs.o)
    0x08006ede   0x08006ede   0x00000002   PAD
    0x08006ee0   0x08006ee0   0x00000024   Code   RO         3052    i.puts              mc_w.l(puts.o)
    0x08006f04   0x08006f04   0x00000004   PAD
    0x08006f08   0x08006f08   0x00000098   Data   RO         3337    .constdata          m_wv.l(atan.o)
    0x08006fa0   0x08006fa0   0x00000008   Data   RO         3361    .constdata          m_wv.l(qnan.o)
    0x08006fa8   0x08006fa8   0x00000070   Data   RO         2359    .rodata             rtx_lib.o
    0x08007018   0x08007018   0x00000038   Data   RO         2362    .rodata             rtx_lib.o
    0x08007050   0x08007050   0x00000006   Data   RO         1662    .rodata..Lswitch.table.UART_SetConfig.5  stm32h7xx_hal_uart.o
    0x08007056   0x08007056   0x00000006   Data   RO         1663    .rodata..Lswitch.table.UART_SetConfig.7  stm32h7xx_hal_uart.o
    0x0800705c   0x0800705c   0x00000010   Data   RO         1829    .rodata.D1CorePrescTable  system_stm32h7xx.o
    0x0800706c   0x0800706c   0x00000018   Data   RO         2892    .rodata.EventRecorderInfo  eventrecorder.o
    0x08007084   0x08007084   0x00000024   Data   RO           26    .rodata.ThreadKineMatics_Attr  main.o
    0x080070a8   0x080070a8   0x00000024   Data   RO           23    .rodata.ThreadLED_Attr  main.o
    0x080070cc   0x080070cc   0x00000024   Data   RO           22    .rodata.ThreadMsgPro_Attr  main.o
    0x080070f0   0x080070f0   0x00000024   Data   RO           21    .rodata.ThreadStart_Attr  main.o
    0x08007114   0x08007114   0x00000024   Data   RO           25    .rodata.ThreadUart1Rev_Attr  main.o
    0x08007138   0x08007138   0x00000024   Data   RO           24    .rodata.ThreadUserIF_Attr  main.o
    0x0800715c   0x0800715c   0x00000018   Data   RO         1661    .rodata.UARTPrescTable  stm32h7xx_hal_uart.o
    0x08007174   0x08007174   0x00000010   Data   RO          110    .rodata.cst16       bsp_led.o
    0x08007184   0x08007184   0x00000018   Data   RO           27    .rodata.msgQueue_CAN1_Attr  main.o
    0x0800719c   0x0800719c   0x00000004   Data   RO         2361    .rodata.osRtxUserSVC  rtx_lib.o
    0x080071a0   0x080071a0   0x00000024   Data   RO         2356    .rodata.os_idle_thread_attr  rtx_lib.o
    0x080071c4   0x080071c4   0x00000018   Data   RO         2358    .rodata.os_timer_mq_attr  rtx_lib.o
    0x080071dc   0x080071dc   0x00000024   Data   RO         2357    .rodata.os_timer_thread_attr  rtx_lib.o
    0x08007200   0x08007200   0x00000040   Data   RO          155    .rodata.s_gpio_list  bsp_key.o
    0x08007240   0x08007240   0x00000804   Data   RO         3027    .rodata.sinTable_f32  arm_cortexM7lfdp_math.lib(arm_common_tables.o)
    0x08007a44   0x08007a44   0x00000089   Data   RO           20    .rodata.str1.1      main.o
    0x08007acd   0x08007acd   0x0000001f   Data   RO          192    .rodata.str1.1      bsp_timer.o
    0x08007aec   0x08007aec   0x00000023   Data   RO          298    .rodata.str1.1      bsp_uart_fifo.o
    0x08007b0f   0x08007b0f   0x00000001   PAD
    0x08007b10   0x08007b10   0x0000000b   Data   RO         2345    .rodata.str1.4      rtx_kernel.o
    0x08007b1b   0x08007b1b   0x00000001   PAD
    0x08007b1c   0x08007b1c   0x00000020   Data   RO         3420    Region$$Table       anon$$obj.o


    Execution Region RW_IRAM1 (Exec base: 0x20000000, Load base: 0x08007b3c, Size: 0x00000000, Max: 0x00020000, ABSOLUTE)

    **** No section assigned to this execution region ****


    Execution Region RW_IRAM2 (Exec base: 0x24000000, Load base: 0x08007b40, Size: 0x0000b2a8, Max: 0x00080000, ABSOLUTE)

    Exec Addr    Load Addr    Size         Type   Attr      Idx    E Section Name        Object

    0x24000000   0x08007b40   0x00000004   Data   RW         3058    .data               mc_w.l(stdout.o)
    0x24000004   0x08007b44   0x00000004   Data   RW         3063    .data               mc_w.l(rand.o)
    0x24000008   0x08007b48   0x00000004   Data   RW         3394    .data               mc_w.l(errno.o)
    0x2400000c   0x08007b4c   0x00000008   Data   RW          498    .data..L_MergedGlobals  stm32h7xx_hal.o
    0x24000014   0x08007b54   0x00000008   Data   RW         1830    .data..L_MergedGlobals  system_stm32h7xx.o
    0x2400001c   0x08007b5c   0x000000a4   Data   RW         2346    .data.os            rtx_kernel.o
    0x240000c0        -       0x00000018   Zero   RW           31    .bss..L_MergedGlobals  main.o
    0x240000d8        -       0x0000004c   Zero   RW          193    .bss..L_MergedGlobals  bsp_timer.o
    0x24000124        -       0x00000058   Zero   RW          303    .bss..L_MergedGlobals  bsp_uart_fifo.o
    0x2400017c        -       0x00000044   Zero   RW         1844    .bss..L_MergedGlobals  segger_hardfaulthandler.o
    0x240001c0        -       0x00000004   Zero   RW          361    .bss.HAL_GetTick.ticks  stm32h7xx_hal_timebase_tim.o
    0x240001c4        -       0x00000001   Zero   RW         2893    .bss.TS_OverflowLock  eventrecorder.o
    0x240001c5   0x08007c00   0x00000003   PAD
    0x240001c8        -       0x00000004   Zero   RW           28    .bss.ThreadIdStart  main.o
    0x240001cc        -       0x00000004   Zero   RW          237    .bss.g_HC574        bsp_fmc_io.o
    0x240001d0        -       0x00000400   Zero   RW          300    .bss.g_RxBuf1       bsp_uart_fifo.o
    0x240005d0        -       0x00000400   Zero   RW          302    .bss.g_RxBuf3       bsp_uart_fifo.o
    0x240009d0        -       0x00000400   Zero   RW          299    .bss.g_TxBuf1       bsp_uart_fifo.o
    0x24000dd0        -       0x00000400   Zero   RW          301    .bss.g_TxBuf3       bsp_uart_fifo.o
    0x240011d0   0x08007c00   0x00000030   PAD
    0x24001200        -       0x000004a4   Zero   RW         2891    .bss.noinit         eventrecorder.o
    0x240016a4   0x08007c00   0x00000004   PAD
    0x240016a8        -       0x00008040   Zero   RW         2355    .bss.os             rtx_lib.o
    0x240096e8        -       0x00000001   Zero   RW         2841    .bss.os             os_systick.o
    0x240096e9   0x08007c00   0x00000003   PAD
    0x240096ec        -       0x00000034   Zero   RW         2366    .bss.os.msgqueue.cb  rtx_lib.o
    0x24009720        -       0x00000050   Zero   RW         2367    .bss.os.msgqueue.mem  rtx_lib.o
    0x24009770        -       0x00000088   Zero   RW         2363    .bss.os.thread.cb   rtx_lib.o
    0x240097f8        -       0x00000200   Zero   RW         2364    .bss.os.thread.idle.stack  rtx_lib.o
    0x240099f8        -       0x00000800   Zero   RW         2365    .bss.os.thread.timer.stack  rtx_lib.o
    0x2400a1f8        -       0x000000a0   Zero   RW          154    .bss.s_tBtn         bsp_key.o
    0x2400a298        -       0x0000000d   Zero   RW          153    .bss.s_tKey         bsp_key.o
    0x2400a2a5   0x08007c00   0x00000003   PAD
    0x2400a2a8        -       0x00001000   Zero   RW          369    STACK               startup_stm32h743xx.o


==============================================================================

Image component sizes


      Code (inc. data)   RO Data    RW Data    ZI Data      Debug   Object Name

       600         20          0          0          0       7721   bsp.o
        36          8          0          0          0        486   bsp_dwt.o
       432         64          0          0          4       7233   bsp_fmc_io.o
       634         20         64          0        173       7915   bsp_key.o
       104          8         16          0          0       1589   bsp_led.o
       534         36         31          0         76      16336   bsp_timer.o
      1270        108         35          0       4184      18099   bsp_uart_fifo.o
       570         24         24          0       1189      10206   eventrecorder.o
        18          0          0          0          0        344   hardfaulthandler.o
       260         16          0          0          0        850   irq_armv7m.o
      2072        188          0          0          0       5823   kinematics.o
       836        220        377          0         28       6772   main.o
       114         20          0          0          1       6687   os_systick.o
         4          0          0          0          0        759   rtx_config.o
       228          8          0          0          0       3234   rtx_delay.o
       818        188          0          0          0      32226   rtx_evr.o
       686         48         11        164          0      18033   rtx_kernel.o
         0          0        268          0      35660       5661   rtx_lib.o
       262          0          0          0          0       2854   rtx_memory.o
       228          0          0          0          0      15973   rtx_mempool.o
      1612         28          0          0          0      19959   rtx_msgqueue.o
       160          0          0          0          0      10845   rtx_mutex.o
       372         18          0          0          0       6322   rtx_system.o
      1984         70          0          0          0      35004   rtx_thread.o
       252         12          0          0          0      11140   rtx_timer.o
       200         56          0          0         68       3399   segger_hardfaulthandler.o
        36          8        664          0       4096        992   startup_stm32h743xx.o
       160         24          0          8          0      15568   stm32h7xx_hal.o
       264         24          0          0          0      12312   stm32h7xx_hal_cortex.o
       384         20          0          0          0       6950   stm32h7xx_hal_gpio.o
      2074         64          0          0          0      11786   stm32h7xx_hal_rcc.o
      2904        154          0          0          0      17982   stm32h7xx_hal_rcc_ex.o
       106          4          0          0          0      11036   stm32h7xx_hal_sram.o
       396         36          0          0          0      51586   stm32h7xx_hal_tim.o
        72          4          0          0          4       1731   stm32h7xx_hal_timebase_tim.o
      1212        100         36          0          0      27593   stm32h7xx_hal_uart.o
        10          0          0          0          0        754   stm32h7xx_it.o
       304         12          0          0          0       9234   stm32h7xx_ll_fmc.o
       188         40         16          8          0       6117   system_stm32h7xx.o

    ----------------------------------------------------------------------
     22430       1654       1576        180      45544     429111   Object Totals
         0          0         32          0          0          0   (incl. Generated)
        34          4          2          0         61          0   (incl. Padding)

    ----------------------------------------------------------------------

      Code (inc. data)   RO Data    RW Data    ZI Data      Debug   Library Member Name

         0          0       2052          0          0       4961   arm_common_tables.o
       144         12          0          0          0       1111   arm_cos_f32.o
       140         12          0          0          0       1098   arm_sin_f32.o
       484         66        152          0          0        348   atan.o
       456         64          0          0          0        180   atan2.o
        36         14          0          0          0        348   dunder.o
        24          0          0          0          0        124   fabs.o
        48          0          0          0          0        124   fpclassify.o
       112          0          0          0          0        116   poly.o
         0          0          8          0          0          0   qnan.o
        58          0          0          0          0        136   sqrtf.o
         0          0          0          0          0          0   entry.o
         0          0          0          0          0          0   entry10a.o
         0          0          0          0          0          0   entry11a.o
         8          4          0          0          0          0   entry2.o
         4          0          0          0          0          0   entry5.o
         0          0          0          0          0          0   entry7b.o
         0          0          0          0          0          0   entry8b.o
         8          4          0          0          0          0   entry9a.o
        12          6          0          4          0         68   errno.o
        30          0          0          0          0          0   handlers.o
        36          8          0          0          0         68   init.o
         0          0          0          0          0          0   iusefp.o
        30          0          0          0          0         68   llshl.o
        36          0          0          0          0         68   llsshr.o
        32          0          0          0          0         68   llushr.o
        36          0          0          0          0         68   memcpya.o
        36          0          0          0          0        108   memseta.o
      2258         90          0          0          0        452   printfa.o
        36          6          0          0          0         80   puts.o
        36         10          0          4          0        136   rand.o
         0          0          0          4          0          0   stdout.o
        44          0          0          0          0         80   uidiv.o
        98          0          0          0          0         92   uldiv.o
        48          0          0          0          0         68   cdrcmple.o
       334          0          0          0          0        148   dadd.o
       222          0          0          0          0        100   ddiv.o
       186          0          0          0          0        176   depilogue.o
        48          0          0          0          0         68   dfixul.o
       228          0          0          0          0         96   dmul.o

    ----------------------------------------------------------------------
      5330        304       2212         12          0      10558   Library Totals
        22          8          0          0          0          0   (incl. Padding)

    ----------------------------------------------------------------------

      Code (inc. data)   RO Data    RW Data    ZI Data      Debug   Library Name

       284         24       2052          0          0       7170   arm_cortexM7lfdp_math.lib
      1218        144        160          0          0       1376   m_wv.l
      2740        128          0         12          0       1356   mc_w.l
      1066          0          0          0          0        656   mf_w.l

    ----------------------------------------------------------------------
      5330        304       2212         12          0      10558   Library Totals

    ----------------------------------------------------------------------

==============================================================================


      Code (inc. data)   RO Data    RW Data    ZI Data      Debug   

     27760       1958       3788        192      45544     437289   Grand Totals
     27760       1958       3788        192      45544     437289   ELF Image Totals
     27760       1958       3788        192          0          0   ROM Totals

==============================================================================

    Total RO  Size (Code + RO Data)                31548 (  30.81kB)
    Total RW  Size (RW Data + ZI Data)             45736 (  44.66kB)
    Total ROM Size (Code + RO Data + RW Data)      31740 (  31.00kB)

==============================================================================

